MPLINK 4.48, Linker
Linker Map File - Created Wed Dec 07 00:35:55 2022

                                 Section Info
                  Section       Type    Address   Location Size(Bytes)
                ---------  ---------  ---------  ---------  ---------
               _entry_scn       code   0x000000    program   0x000006
           .code___init.o       code   0x000006    program   0x000002
      InterruptVectorHigh       code   0x000008    program   0x000006
.romdata_timer_software.o    romdata   0x00000e    program   0x000000
  .romdata_p18f4620_pwm.o    romdata   0x00000e    program   0x000000
          .romdata_menu.o    romdata   0x00000e    program   0x000000
        .romdata_sensor.o    romdata   0x00000e    program   0x000000
  .romdata_p18f4620_adc.o    romdata   0x00000e    program   0x000000
          .romdata_main.o    romdata   0x00000e    program   0x000000
 .romdata_p18f4620_uart.o    romdata   0x00000e    program   0x000000
          .idata_uart.o_i    romdata   0x00000e    program   0x000002
  .romdata_p18f4620_lcd.o    romdata   0x00000e    program   0x000000
          .romdata_uart.o    romdata   0x00000e    program   0x000000
 .romdata_p18f4620_gpio.o    romdata   0x00000e    program   0x000000
      .romdata_fxd1616u.o    romdata   0x00000e    program   0x000000
      .romdata_fxd2424u.o    romdata   0x00000e    program   0x000000
.romdata_p18f4620_interrupt.o    romdata   0x00000e    program   0x000000
      .romdata_fxd3232u.o    romdata   0x00000e    program   0x000000
  .romdata_p18f4620_tim.o    romdata   0x00000e    program   0x000000
       .romdata_fxm3232.o    romdata   0x00000e    program   0x000000
        .romdata___init.o    romdata   0x00000e    program   0x000000
         .romdata_c018i.o    romdata   0x00000e    program   0x000000
.idata_timer_software.o_i    romdata   0x000010    program   0x000004
 .idata_p18f4620_uart.o_i    romdata   0x000014    program   0x000001
      .idata_fxd2424u.o_i    romdata   0x000015    program   0x000000
      .idata_fxd1616u.o_i    romdata   0x000015    program   0x000000
      .idata_fxd3232u.o_i    romdata   0x000015    program   0x000000
          .idata_main.o_i    romdata   0x000015    program   0x000000
       .idata_fxm3232.o_i    romdata   0x000015    program   0x000000
        .idata___init.o_i    romdata   0x000015    program   0x000000
         .idata_c018i.o_i    romdata   0x000015    program   0x000000
  .idata_p18f4620_pwm.o_i    romdata   0x000015    program   0x000000
.idata_p18f4620_interrupt.o_i    romdata   0x000015    program   0x000000
            .code_c018i.o       code   0x000016    program   0x000000
       InterruptVectorLow       code   0x000018    program   0x000006
                   .cinit    romdata   0x00001e    program   0x00006e
     .code_p18f4620_lcd.o       code   0x00008c    program   0x000e0a
           .code_sensor.o       code   0x000e96    program   0x000730
    .code_p18f4620_uart.o       code   0x0015c6    program   0x000538
     .code_p18f4620_tim.o       code   0x001afe    program   0x000402
             .code_uart.o       code   0x001f00    program   0x0003a2
             .code_menu.o       code   0x0022a2    program   0x00038c
                     PROG       code   0x00262e    program   0x0002fa
   .code_timer_software.o       code   0x002928    program   0x000230
.code_p18f4620_interrupt.o       code   0x002b58    program   0x0001d0
    .code_p18f4620_gpio.o       code   0x002d28    program   0x0001aa
               _cinit_scn       code   0x002ed2    program   0x00009e
             .stringtable    romdata   0x002f70    program   0x00009c
     .code_p18f4620_adc.o       code   0x00300c    program   0x00008c
          .code_fxm3232.o       code   0x003098    program   0x000070
         .code_fxd3232u.o       code   0x003108    program   0x000048
             .code_main.o       code   0x003150    program   0x00003e
         .code_fxd2424u.o       code   0x00318e    program   0x00003a
     .code_p18f4620_pwm.o       code   0x0031c8    program   0x000036
         .code_fxd1616u.o       code   0x0031fe    program   0x00002c
                    .code       code   0x00322a    program   0x000020
             _startup_scn       code   0x00324a    program   0x00001c
        .idata_sensor.o_i    romdata   0x003266    program   0x00002a
  .idata_p18f4620_tim.o_i    romdata   0x003290    program   0x00000c
  .idata_p18f4620_lcd.o_i    romdata   0x00329c    program   0x000024
 .idata_p18f4620_gpio.o_i    romdata   0x0032c0    program   0x000018
  .idata_p18f4620_adc.o_i    romdata   0x0032d8    program   0x00001a
          .idata_menu.o_i    romdata   0x0032f2    program   0x000030
    .config_300001_main.o    romdata   0x300001    program   0x000001
    .config_300002_main.o    romdata   0x300002    program   0x000001
    .config_300003_main.o    romdata   0x300003    program   0x000001
    .config_300005_main.o    romdata   0x300005    program   0x000001
    .config_300006_main.o    romdata   0x300006    program   0x000001
    .config_300008_main.o    romdata   0x300008    program   0x000001
    .config_300009_main.o    romdata   0x300009    program   0x000001
    .config_30000a_main.o    romdata   0x30000a    program   0x000001
    .config_30000b_main.o    romdata   0x30000b    program   0x000001
    .config_30000c_main.o    romdata   0x30000c    program   0x000001
    .config_30000d_main.o    romdata   0x30000d    program   0x000001
                 .tmpdata      udata   0x000000       data   0x000018
                MATH_DATA      udata   0x000018       data   0x000014
          .udata_sensor.o      udata   0x000080       data   0x000080
    .idata_p18f4620_adc.o      idata   0x000100       data   0x00001a
   .idata_p18f4620_gpio.o      idata   0x00011a       data   0x000018
    .idata_p18f4620_tim.o      idata   0x000132       data   0x00000c
           .udata_c018i.o      udata   0x00013e       data   0x00000a
  .idata_timer_software.o      idata   0x000148       data   0x000004
   .idata_p18f4620_uart.o      idata   0x00014c       data   0x000001
            .udata_main.o      udata   0x00014d       data   0x000000
            .idata_main.o      idata   0x00014d       data   0x000000
            .udata_uart.o      udata   0x00014d       data   0x000000
        .udata_fxd1616u.o      udata   0x00014d       data   0x000000
        .idata_fxd1616u.o      idata   0x00014d       data   0x000000
        .udata_fxd2424u.o      udata   0x00014d       data   0x000000
        .idata_fxd2424u.o      idata   0x00014d       data   0x000000
        .udata_fxd3232u.o      udata   0x00014d       data   0x000000
        .idata_fxd3232u.o      idata   0x00014d       data   0x000000
         .udata_fxm3232.o      udata   0x00014d       data   0x000000
         .idata_fxm3232.o      idata   0x00014d       data   0x000000
          .udata___init.o      udata   0x00014d       data   0x000000
          .idata___init.o      idata   0x00014d       data   0x000000
           .idata_c018i.o      idata   0x00014d       data   0x000000
            .udata_menu.o      udata   0x00014d       data   0x000000
  .udata_timer_software.o      udata   0x00014d       data   0x000000
    .idata_p18f4620_pwm.o      idata   0x00014d       data   0x000000
    .udata_p18f4620_tim.o      udata   0x00014d       data   0x000000
.udata_p18f4620_interrupt.o      udata   0x00014d       data   0x000000
    .udata_p18f4620_pwm.o      udata   0x00014d       data   0x000000
    .udata_p18f4620_adc.o      udata   0x00014d       data   0x000000
   .udata_p18f4620_uart.o      udata   0x00014d       data   0x000000
.idata_p18f4620_interrupt.o      idata   0x00014d       data   0x000000
    .udata_p18f4620_lcd.o      udata   0x00014d       data   0x000000
   .udata_p18f4620_gpio.o      udata   0x00014d       data   0x000000
                   .stack      udata   0x000e00       data   0x000100
            .idata_menu.o      idata   0x000f00       data   0x000030
          .idata_sensor.o      idata   0x000f30       data   0x00002a
    .idata_p18f4620_lcd.o      idata   0x000f5a       data   0x000024
            .idata_uart.o      idata   0x000f7e       data   0x000002
            SFR_UNBANKED0      udata   0x000f80       data   0x000080



                              Program Memory Usage 
                               Start         End      
                           ---------   ---------      
                            0x000000    0x000014      
                            0x000018    0x003321      
                            0x300001    0x300003      
                            0x300005    0x300006      
                            0x300008    0x30000d      
            13098 out of 66584 program addresses used, program memory utilization is 19%



                              Symbols - Sorted by Name
                     Name    Address   Location    Storage File                     
                ---------  ---------  ---------  --------- ---------                
               Add_Buffer   0x0001f8    program     extern D:\PIC18\Project\Environmental-Monitoring-System\EM_System.X\Drivers\p18f4620_lcd.c
                   D1616S   0x002686    program     static E:\c18v3.46\pic18-lt\cxx-framework\src\traditional\math\fxd1616s.asm
                D1616SNEG   0x002694    program     static E:\c18v3.46\pic18-lt\cxx-framework\src\traditional\math\fxd1616s.asm
                 D1616SOK   0x002690    program     static E:\c18v3.46\pic18-lt\cxx-framework\src\traditional\math\fxd1616s.asm
                  D1616SX   0x0026a6    program     static E:\c18v3.46\pic18-lt\cxx-framework\src\traditional\math\fxd1616s.asm
                   D2424S   0x0026da    program     static E:\c18v3.46\pic18-lt\cxx-framework\src\traditional\math\fxd2424s.asm
                D2424SNEG   0x0026e8    program     static E:\c18v3.46\pic18-lt\cxx-framework\src\traditional\math\fxd2424s.asm
                 D2424SOK   0x0026e4    program     static E:\c18v3.46\pic18-lt\cxx-framework\src\traditional\math\fxd2424s.asm
                  D2424SX   0x002700    program     static E:\c18v3.46\pic18-lt\cxx-framework\src\traditional\math\fxd2424s.asm
                   D3232S   0x00273a    program     static E:\c18v3.46\pic18-lt\cxx-framework\src\traditional\math\fxd3232s.asm
                D3232SNEG   0x002748    program     static E:\c18v3.46\pic18-lt\cxx-framework\src\traditional\math\fxd3232s.asm
                 D3232SOK   0x002744    program     static E:\c18v3.46\pic18-lt\cxx-framework\src\traditional\math\fxd3232s.asm
                  D3232SX   0x002768    program     static E:\c18v3.46\pic18-lt\cxx-framework\src\traditional\math\fxd3232s.asm
                  DA1616S   0x002676    program     static E:\c18v3.46\pic18-lt\cxx-framework\src\traditional\math\fxd1616s.asm
                  DA2424S   0x0026c6    program     static E:\c18v3.46\pic18-lt\cxx-framework\src\traditional\math\fxd2424s.asm
                  DA3232S   0x002724    program     static E:\c18v3.46\pic18-lt\cxx-framework\src\traditional\math\fxd3232s.asm
             Display_menu   0x0022b6    program     extern D:\PIC18\Project\Environmental-Monitoring-System\EM_System.X\Software\menu.c
                 FLO3232S   0x002632    program     extern E:\c18v3.46\pic18-lt\cxx-framework\src\traditional\math\cast32FP.asm
                 FLO3232U   0x00262e    program     extern E:\c18v3.46\pic18-lt\cxx-framework\src\traditional\math\cast32FP.asm
                 FXD1616S   0x002664    program     extern E:\c18v3.46\pic18-lt\cxx-framework\src\traditional\math\fxd1616s.asm
                 FXD1616U   0x0031fe    program     extern E:\c18v3.46\pic18-lt\cxx-framework\src\traditional\math\fxd1616u.c
                 FXD2424S   0x0026b0    program     extern E:\c18v3.46\pic18-lt\cxx-framework\src\traditional\math\fxd2424s.asm
                 FXD2424U   0x00318e    program     extern E:\c18v3.46\pic18-lt\cxx-framework\src\traditional\math\fxd2424u.c
                 FXD3232S   0x00270a    program     extern E:\c18v3.46\pic18-lt\cxx-framework\src\traditional\math\fxd3232s.asm
                 FXD3232U   0x003108    program     extern E:\c18v3.46\pic18-lt\cxx-framework\src\traditional\math\fxd3232u.c
                 FXM1616U   0x002772    program     extern E:\c18v3.46\pic18-lt\cxx-framework\src\traditional\math\fxm1616u.asm
                  FXM3232   0x003098    program     extern E:\c18v3.46\pic18-lt\cxx-framework\src\traditional\math\fxm3232.c
                  INT3232   0x0027ae    program     extern E:\c18v3.46\pic18-lt\cxx-framework\src\traditional\math\castFP32.asm
      InterruptVectorHigh   0x000008    program     extern D:\PIC18\Project\Environmental-Monitoring-System\EM_System.X\Drivers\p18f4620_interrupt.c
       InterruptVectorLow   0x000018    program     extern D:\PIC18\Project\Environmental-Monitoring-System\EM_System.X\Drivers\p18f4620_interrupt.c
                 LCD_Char   0x000128    program     extern D:\PIC18\Project\Environmental-Monitoring-System\EM_System.X\Drivers\p18f4620_lcd.c
                LCD_Clear   0x0003d6    program     extern D:\PIC18\Project\Environmental-Monitoring-System\EM_System.X\Drivers\p18f4620_lcd.c
         LCD_Clear_Buffer   0x000c78    program     extern D:\PIC18\Project\Environmental-Monitoring-System\EM_System.X\Drivers\p18f4620_lcd.c
     LCD_Clear_Buffer_All   0x000d4e    program     extern D:\PIC18\Project\Environmental-Monitoring-System\EM_System.X\Drivers\p18f4620_lcd.c
           LCD_Clear_Line   0x000cd0    program     extern D:\PIC18\Project\Environmental-Monitoring-System\EM_System.X\Drivers\p18f4620_lcd.c
              LCD_Command   0x000270    program     extern D:\PIC18\Project\Environmental-Monitoring-System\EM_System.X\Drivers\p18f4620_lcd.c
                LCD_Delay   0x00008c    program     extern D:\PIC18\Project\Environmental-Monitoring-System\EM_System.X\Drivers\p18f4620_lcd.c
               LCD_Dislay   0x000dea    program     extern D:\PIC18\Project\Environmental-Monitoring-System\EM_System.X\Drivers\p18f4620_lcd.c
                 LCD_INIT   0x0002fa    program     extern D:\PIC18\Project\Environmental-Monitoring-System\EM_System.X\Drivers\p18f4620_lcd.c
           LCD_Print_Char   0x00043e    program     extern D:\PIC18\Project\Environmental-Monitoring-System\EM_System.X\Drivers\p18f4620_lcd.c
          LCD_Print_Float   0x0007ee    program     extern D:\PIC18\Project\Environmental-Monitoring-System\EM_System.X\Drivers\p18f4620_lcd.c
            LCD_Print_Num   0x00059a    program     extern D:\PIC18\Project\Environmental-Monitoring-System\EM_System.X\Drivers\p18f4620_lcd.c
         LCD_Print_String   0x0004d0    program     extern D:\PIC18\Project\Environmental-Monitoring-System\EM_System.X\Drivers\p18f4620_lcd.c
     LCD_Print_String_x_y   0x0003f4    program     extern D:\PIC18\Project\Environmental-Monitoring-System\EM_System.X\Drivers\p18f4620_lcd.c
               LCD_String   0x0001b4    program     extern D:\PIC18\Project\Environmental-Monitoring-System\EM_System.X\Drivers\p18f4620_lcd.c
          LCD_Switch_Line   0x000b86    program     extern D:\PIC18\Project\Environmental-Monitoring-System\EM_System.X\Drivers\p18f4620_lcd.c
             MX_GPIO_INIT   0x00315e    program     static D:\PIC18\Project\Environmental-Monitoring-System\EM_System.X\main.c
             MX_TIM3_INIT   0x00316e    program     static D:\PIC18\Project\Environmental-Monitoring-System\EM_System.X\main.c
             PIC_ADC_INIT   0x00300c    program     extern D:\PIC18\Project\Environmental-Monitoring-System\EM_System.X\Drivers\p18f4620_adc.c
          PIC_BUTTON_INIT   0x002d28    program     extern D:\PIC18\Project\Environmental-Monitoring-System\EM_System.X\Drivers\p18f4620_gpio.c
             PIC_EXT_INIT   0x002b60    program     extern D:\PIC18\Project\Environmental-Monitoring-System\EM_System.X\Drivers\p18f4620_interrupt.c
              PIC_GET_ADC   0x00301a    program     extern D:\PIC18\Project\Environmental-Monitoring-System\EM_System.X\Drivers\p18f4620_adc.c
         PIC_GPIO_ReadPin   0x002e60    program     extern D:\PIC18\Project\Environmental-Monitoring-System\EM_System.X\Drivers\p18f4620_gpio.c
             PIC_HIGH_ISR   0x002c52    program     extern D:\PIC18\Project\Environmental-Monitoring-System\EM_System.X\Drivers\p18f4620_interrupt.c
       PIC_INTERRUPT_INIT   0x002b58    program     extern D:\PIC18\Project\Environmental-Monitoring-System\EM_System.X\Drivers\p18f4620_interrupt.c
              PIC_LOW_ISR   0x002b68    program     extern D:\PIC18\Project\Environmental-Monitoring-System\EM_System.X\Drivers\p18f4620_interrupt.c
             PIC_PWM_INIT   0x0031c8    program     extern D:\PIC18\Project\Environmental-Monitoring-System\EM_System.X\Drivers\p18f4620_pwm.c
              PIC_PWM_SET   0x0031e8    program     extern D:\PIC18\Project\Environmental-Monitoring-System\EM_System.X\Drivers\p18f4620_pwm.c
          PIC_SCAN_BUTTON   0x002d32    program     extern D:\PIC18\Project\Environmental-Monitoring-System\EM_System.X\Drivers\p18f4620_gpio.c
            PIC_TIM0_INIT   0x001afe    program     extern D:\PIC18\Project\Environmental-Monitoring-System\EM_System.X\Drivers\p18f4620_tim.c
           PIC_TIM0_START   0x001bc0    program     extern D:\PIC18\Project\Environmental-Monitoring-System\EM_System.X\Drivers\p18f4620_tim.c
            PIC_TIM0_STOP   0x001c4c    program     extern D:\PIC18\Project\Environmental-Monitoring-System\EM_System.X\Drivers\p18f4620_tim.c
            PIC_TIM1_INIT   0x001c52    program     extern D:\PIC18\Project\Environmental-Monitoring-System\EM_System.X\Drivers\p18f4620_tim.c
           PIC_TIM1_START   0x001d1a    program     extern D:\PIC18\Project\Environmental-Monitoring-System\EM_System.X\Drivers\p18f4620_tim.c
            PIC_TIM1_STOP   0x001da6    program     extern D:\PIC18\Project\Environmental-Monitoring-System\EM_System.X\Drivers\p18f4620_tim.c
            PIC_TIM3_INIT   0x001dac    program     extern D:\PIC18\Project\Environmental-Monitoring-System\EM_System.X\Drivers\p18f4620_tim.c
           PIC_TIM3_START   0x001e70    program     extern D:\PIC18\Project\Environmental-Monitoring-System\EM_System.X\Drivers\p18f4620_tim.c
            PIC_TIM3_STOP   0x001efc    program     extern D:\PIC18\Project\Environmental-Monitoring-System\EM_System.X\Drivers\p18f4620_tim.c
            PIC_UART_INIT   0x0015c6    program     extern D:\PIC18\Project\Environmental-Monitoring-System\EM_System.X\Drivers\p18f4620_uart.c
             PIC_UART_ISR   0x001af8    program     extern D:\PIC18\Project\Environmental-Monitoring-System\EM_System.X\Drivers\p18f4620_uart.c
         PIC_UART_RECEIVE   0x0015e4    program     extern D:\PIC18\Project\Environmental-Monitoring-System\EM_System.X\Drivers\p18f4620_uart.c
   PIC_UART_TRANSMIT_CHAR   0x0015ea    program     extern D:\PIC18\Project\Environmental-Monitoring-System\EM_System.X\Drivers\p18f4620_uart.c
  PIC_UART_TRANSMIT_FLOAT   0x001886    program     extern D:\PIC18\Project\Environmental-Monitoring-System\EM_System.X\Drivers\p18f4620_uart.c
    PIC_UART_TRANSMIT_NUM   0x001652    program     extern D:\PIC18\Project\Environmental-Monitoring-System\EM_System.X\Drivers\p18f4620_uart.c
 PIC_UART_TRANSMIT_STRING   0x001606    program     extern D:\PIC18\Project\Environmental-Monitoring-System\EM_System.X\Drivers\p18f4620_uart.c
              Sensor_Calc   0x000f40    program     extern D:\PIC18\Project\Environmental-Monitoring-System\EM_System.X\Software\sensor.c
         Sensor_Get_Value   0x000e96    program     extern D:\PIC18\Project\Environmental-Monitoring-System\EM_System.X\Software\sensor.c
            TIM0_CALLBACK   0x001c50    program     extern D:\PIC18\Project\Environmental-Monitoring-System\EM_System.X\Drivers\p18f4620_tim.c
            TIM1_CALLBACK   0x001daa    program     extern D:\PIC18\Project\Environmental-Monitoring-System\EM_System.X\Drivers\p18f4620_tim.c
            TIM3_CALLBACK   0x00317e    program     extern D:\PIC18\Project\Environmental-Monitoring-System\EM_System.X\main.c
                UART_DATA   0x001f00    program     extern D:\PIC18\Project\Environmental-Monitoring-System\EM_System.X\Software\uart.c
   Var_Resistor_Get_Value   0x001490    program     extern D:\PIC18\Project\Environmental-Monitoring-System\EM_System.X\Software\sensor.c
                 __FpExit   0x002828    program     extern E:\c18v3.46\pic18-lt\cxx-framework\src\traditional\math\packFP.asm
                 __FpPack   0x002854    program     extern E:\c18v3.46\pic18-lt\cxx-framework\src\traditional\math\packFP.asm
            __FpReturnNaN   0x00281c    program     extern E:\c18v3.46\pic18-lt\cxx-framework\src\traditional\math\packFP.asm
         __FpReturnNegInf   0x00282e    program     extern E:\c18v3.46\pic18-lt\cxx-framework\src\traditional\math\packFP.asm
        __FpReturnNegZero   0x002846    program     extern E:\c18v3.46\pic18-lt\cxx-framework\src\traditional\math\packFP.asm
         __FpReturnPosInf   0x002834    program     extern E:\c18v3.46\pic18-lt\cxx-framework\src\traditional\math\packFP.asm
        __FpReturnPosZero   0x00284e    program     extern E:\c18v3.46\pic18-lt\cxx-framework\src\traditional\math\packFP.asm
        __FpReturnSignInf   0x00282a    program     extern E:\c18v3.46\pic18-lt\cxx-framework\src\traditional\math\packFP.asm
       __FpReturnSignZero   0x002842    program     extern E:\c18v3.46\pic18-lt\cxx-framework\src\traditional\math\packFP.asm
              __FpReturnW   0x0028ac    program     extern E:\c18v3.46\pic18-lt\cxx-framework\src\traditional\math\packFP.asm
              __FpUnPackA   0x0028cc    program     extern E:\c18v3.46\pic18-lt\cxx-framework\src\traditional\math\UnpackFP.asm
              __FpUnPackB   0x0028fc    program     extern E:\c18v3.46\pic18-lt\cxx-framework\src\traditional\math\UnpackFP.asm
       ___return_lbl00000   0x0031c6    program     static                          
       ___return_lbl00000   0x003228    program     static                          
       ___return_lbl00000   0x000004    program     static                          
       ___return_lbl00000   0x00314e    program     static                          
       ___return_lbl00000   0x003106    program     static                          
       ___return_lbl00001   0x003264    program     static                          
       ___return_lbl00002   0x00001c    program     static                          
       ___return_lbl00002   0x002f6e    program     static                          
       ___return_lbl00003   0x00000c    program     static                          
               __config_0   0x300001    program     static D:\PIC18\Project\Environmental-Monitoring-System\EM_System.X\main.c
               __config_1   0x300002    program     static D:\PIC18\Project\Environmental-Monitoring-System\EM_System.X\main.c
              __config_10   0x30000d    program     static D:\PIC18\Project\Environmental-Monitoring-System\EM_System.X\main.c
               __config_2   0x300003    program     static D:\PIC18\Project\Environmental-Monitoring-System\EM_System.X\main.c
               __config_3   0x300005    program     static D:\PIC18\Project\Environmental-Monitoring-System\EM_System.X\main.c
               __config_4   0x300006    program     static D:\PIC18\Project\Environmental-Monitoring-System\EM_System.X\main.c
               __config_5   0x300008    program     static D:\PIC18\Project\Environmental-Monitoring-System\EM_System.X\main.c
               __config_6   0x300009    program     static D:\PIC18\Project\Environmental-Monitoring-System\EM_System.X\main.c
               __config_7   0x30000a    program     static D:\PIC18\Project\Environmental-Monitoring-System\EM_System.X\main.c
               __config_8   0x30000b    program     static D:\PIC18\Project\Environmental-Monitoring-System\EM_System.X\main.c
               __config_9   0x30000c    program     static D:\PIC18\Project\Environmental-Monitoring-System\EM_System.X\main.c
                   __init   0x000006    program     extern E:\c18v3.46\pic18-lt\cxx-framework\src\traditional\stdclib\__init.c
               __string_0   0x002f9a    program     static D:\PIC18\Project\Environmental-Monitoring-System\EM_System.X\Software\menu.c
               __string_0   0x002ff3    program     static D:\PIC18\Project\Environmental-Monitoring-System\EM_System.X\Software\uart.c
               __string_1   0x002f95    program     static D:\PIC18\Project\Environmental-Monitoring-System\EM_System.X\Software\menu.c
               __string_1   0x002fea    program     static D:\PIC18\Project\Environmental-Monitoring-System\EM_System.X\Software\uart.c
               __string_2   0x002f90    program     static D:\PIC18\Project\Environmental-Monitoring-System\EM_System.X\Software\menu.c
               __string_2   0x002fde    program     static D:\PIC18\Project\Environmental-Monitoring-System\EM_System.X\Software\uart.c
               __string_3   0x002fd2    program     static D:\PIC18\Project\Environmental-Monitoring-System\EM_System.X\Software\uart.c
               __string_3   0x002f8a    program     static D:\PIC18\Project\Environmental-Monitoring-System\EM_System.X\Software\menu.c
               __string_4   0x002f83    program     static D:\PIC18\Project\Environmental-Monitoring-System\EM_System.X\Software\menu.c
               __string_4   0x002fc9    program     static D:\PIC18\Project\Environmental-Monitoring-System\EM_System.X\Software\uart.c
               __string_5   0x002f7d    program     static D:\PIC18\Project\Environmental-Monitoring-System\EM_System.X\Software\menu.c
               __string_5   0x002fbd    program     static D:\PIC18\Project\Environmental-Monitoring-System\EM_System.X\Software\uart.c
               __string_6   0x002f77    program     static D:\PIC18\Project\Environmental-Monitoring-System\EM_System.X\Software\menu.c
               __string_6   0x002fb0    program     static D:\PIC18\Project\Environmental-Monitoring-System\EM_System.X\Software\uart.c
               __string_7   0x002fa7    program     static D:\PIC18\Project\Environmental-Monitoring-System\EM_System.X\Software\uart.c
               __string_7   0x002f70    program     static D:\PIC18\Project\Environmental-Monitoring-System\EM_System.X\Software\menu.c
            __zero_memory   0x00322a    program     extern E:\c18v3.46\pic18-lt\cxx-framework\src\traditional\proc\p18f4620.asm
                _do_cinit   0x002ed2    program     extern E:\c18v3.46\pic18-lt\cxx-framework\src\traditional\startup\c018i.c
                   _entry   0x000000    program     extern E:\c18v3.46\pic18-lt\cxx-framework\src\traditional\startup\c018i.c
                   _false   0x00314a    program     static                          
                   _false   0x0031c2    program     static                          
                 _startup   0x00324a    program     extern E:\c18v3.46\pic18-lt\cxx-framework\src\traditional\startup\c018i.c
                compare_l   0x003240    program     static E:\c18v3.46\pic18-lt\cxx-framework\src\traditional\proc\p18f4620.asm
                copy_loop   0x002f44    program     static                          
            copy_one_byte   0x002f4a    program     static                          
                     done   0x002f6e    program     static                          
             done_copying   0x002f58    program     static                          
                  endloop   0x003224    program     static                          
                 fsm_menu   0x00250e    program     extern D:\PIC18\Project\Environmental-Monitoring-System\EM_System.X\Software\menu.c
             is_Timer_Out   0x002ac0    program     extern D:\PIC18\Project\Environmental-Monitoring-System\EM_System.X\Software\timer_software.c
                    jExit   0x00281a    program     static E:\c18v3.46\pic18-lt\cxx-framework\src\traditional\math\castFP32.asm
                jI2F32Beg   0x00264a    program     static E:\c18v3.46\pic18-lt\cxx-framework\src\traditional\math\cast32FP.asm
                    jLoop   0x0027ee    program     static E:\c18v3.46\pic18-lt\cxx-framework\src\traditional\math\castFP32.asm
                jLoopExit   0x002802    program     static E:\c18v3.46\pic18-lt\cxx-framework\src\traditional\math\castFP32.asm
                     jMax   0x0027be    program     static E:\c18v3.46\pic18-lt\cxx-framework\src\traditional\math\castFP32.asm
                  jMaxNeg   0x0027d0    program     static E:\c18v3.46\pic18-lt\cxx-framework\src\traditional\math\castFP32.asm
                  jMaxPos   0x0027c2    program     static E:\c18v3.46\pic18-lt\cxx-framework\src\traditional\math\castFP32.asm
                  jNotInf   0x0027dc    program     static E:\c18v3.46\pic18-lt\cxx-framework\src\traditional\math\castFP32.asm
                  jPkLoop   0x002862    program     static E:\c18v3.46\pic18-lt\cxx-framework\src\traditional\math\packFP.asm
             jPkRoundDone   0x0028ac    program     static E:\c18v3.46\pic18-lt\cxx-framework\src\traditional\math\packFP.asm
               jPkRoundIt   0x002894    program     static E:\c18v3.46\pic18-lt\cxx-framework\src\traditional\math\packFP.asm
             jPkShiftDone   0x00287e    program     static E:\c18v3.46\pic18-lt\cxx-framework\src\traditional\math\packFP.asm
           jReturnPosInf0   0x002838    program     static E:\c18v3.46\pic18-lt\cxx-framework\src\traditional\math\packFP.asm
                  jUnpkA1   0x0028d6    program     static E:\c18v3.46\pic18-lt\cxx-framework\src\traditional\math\UnpackFP.asm
                  jUnpkA2   0x0028ee    program     static E:\c18v3.46\pic18-lt\cxx-framework\src\traditional\math\UnpackFP.asm
                 jUnpkANZ   0x0028e4    program     static E:\c18v3.46\pic18-lt\cxx-framework\src\traditional\math\UnpackFP.asm
                  jUnpkB1   0x002906    program     static E:\c18v3.46\pic18-lt\cxx-framework\src\traditional\math\UnpackFP.asm
                  jUnpkB2   0x00291e    program     static E:\c18v3.46\pic18-lt\cxx-framework\src\traditional\math\UnpackFP.asm
                 jUnpkBNZ   0x002914    program     static E:\c18v3.46\pic18-lt\cxx-framework\src\traditional\math\UnpackFP.asm
                 jUnpkNaN   0x0028f8    program     static E:\c18v3.46\pic18-lt\cxx-framework\src\traditional\math\UnpackFP.asm
                   jWr123   0x0027c8    program     static E:\c18v3.46\pic18-lt\cxx-framework\src\traditional\math\castFP32.asm
                  jWrZ123   0x0027d8    program     static E:\c18v3.46\pic18-lt\cxx-framework\src\traditional\math\castFP32.asm
                    jZero   0x0027d6    program     static E:\c18v3.46\pic18-lt\cxx-framework\src\traditional\math\castFP32.asm
               jZero1and2   0x00283c    program     static E:\c18v3.46\pic18-lt\cxx-framework\src\traditional\math\packFP.asm
                     loop   0x003208    program     static                          
                     loop   0x00319a    program     static                          
                     loop   0x00325a    program     static                          
                     loop   0x003116    program     static                          
                   loop_h   0x003238    program     static E:\c18v3.46\pic18-lt\cxx-framework\src\traditional\proc\p18f4620.asm
                   loop_l   0x003242    program     static E:\c18v3.46\pic18-lt\cxx-framework\src\traditional\proc\p18f4620.asm
                     main   0x003150    program     extern D:\PIC18\Project\Environmental-Monitoring-System\EM_System.X\main.c
              scroll_Down   0x0022ac    program     extern D:\PIC18\Project\Environmental-Monitoring-System\EM_System.X\Software\menu.c
                scroll_Up   0x0022a2    program     extern D:\PIC18\Project\Environmental-Monitoring-System\EM_System.X\Software\menu.c
                set_Timer   0x002a08    program     extern D:\PIC18\Project\Environmental-Monitoring-System\EM_System.X\Software\timer_software.c
                     test   0x002eec    program     static                          
                timer_Run   0x002928    program     extern D:\PIC18\Project\Environmental-Monitoring-System\EM_System.X\Software\timer_software.c
               zero_block   0x003238    program     static E:\c18v3.46\pic18-lt\cxx-framework\src\traditional\proc\p18f4620.asm
                   ADCON0   0x000fc2       data     extern E:\c18v3.46\pic18-lt\cxx-framework\src\traditional\proc\p18f4620.asm
               ADCON0bits   0x000fc2       data     extern E:\c18v3.46\pic18-lt\cxx-framework\src\traditional\proc\p18f4620.asm
                   ADCON1   0x000fc1       data     extern E:\c18v3.46\pic18-lt\cxx-framework\src\traditional\proc\p18f4620.asm
               ADCON1bits   0x000fc1       data     extern E:\c18v3.46\pic18-lt\cxx-framework\src\traditional\proc\p18f4620.asm
                   ADCON2   0x000fc0       data     extern E:\c18v3.46\pic18-lt\cxx-framework\src\traditional\proc\p18f4620.asm
               ADCON2bits   0x000fc0       data     extern E:\c18v3.46\pic18-lt\cxx-framework\src\traditional\proc\p18f4620.asm
                ADC_value   0x000100       data     extern D:\PIC18\Project\Environmental-Monitoring-System\EM_System.X\Drivers\p18f4620_adc.c
                    ADRES   0x000fc3       data     extern E:\c18v3.46\pic18-lt\cxx-framework\src\traditional\proc\p18f4620.asm
                   ADRESH   0x000fc4       data     extern E:\c18v3.46\pic18-lt\cxx-framework\src\traditional\proc\p18f4620.asm
                   ADRESL   0x000fc3       data     extern E:\c18v3.46\pic18-lt\cxx-framework\src\traditional\proc\p18f4620.asm
                  BAUDCON   0x000fb8       data     extern E:\c18v3.46\pic18-lt\cxx-framework\src\traditional\proc\p18f4620.asm
              BAUDCONbits   0x000fb8       data     extern E:\c18v3.46\pic18-lt\cxx-framework\src\traditional\proc\p18f4620.asm
                  BAUDCTL   0x000fb8       data     extern E:\c18v3.46\pic18-lt\cxx-framework\src\traditional\proc\p18f4620.asm
              BAUDCTLbits   0x000fb8       data     extern E:\c18v3.46\pic18-lt\cxx-framework\src\traditional\proc\p18f4620.asm
                      BSR   0x000fe0       data     extern E:\c18v3.46\pic18-lt\cxx-framework\src\traditional\proc\p18f4620.asm
                  CCP1CON   0x000fbd       data     extern E:\c18v3.46\pic18-lt\cxx-framework\src\traditional\proc\p18f4620.asm
              CCP1CONbits   0x000fbd       data     extern E:\c18v3.46\pic18-lt\cxx-framework\src\traditional\proc\p18f4620.asm
                  CCP2CON   0x000fba       data     extern E:\c18v3.46\pic18-lt\cxx-framework\src\traditional\proc\p18f4620.asm
              CCP2CONbits   0x000fba       data     extern E:\c18v3.46\pic18-lt\cxx-framework\src\traditional\proc\p18f4620.asm
                    CCPR1   0x000fbe       data     extern E:\c18v3.46\pic18-lt\cxx-framework\src\traditional\proc\p18f4620.asm
                   CCPR1H   0x000fbf       data     extern E:\c18v3.46\pic18-lt\cxx-framework\src\traditional\proc\p18f4620.asm
                   CCPR1L   0x000fbe       data     extern E:\c18v3.46\pic18-lt\cxx-framework\src\traditional\proc\p18f4620.asm
                    CCPR2   0x000fbb       data     extern E:\c18v3.46\pic18-lt\cxx-framework\src\traditional\proc\p18f4620.asm
                   CCPR2H   0x000fbc       data     extern E:\c18v3.46\pic18-lt\cxx-framework\src\traditional\proc\p18f4620.asm
                   CCPR2L   0x000fbb       data     extern E:\c18v3.46\pic18-lt\cxx-framework\src\traditional\proc\p18f4620.asm
                    CMCON   0x000fb4       data     extern E:\c18v3.46\pic18-lt\cxx-framework\src\traditional\proc\p18f4620.asm
                CMCONbits   0x000fb4       data     extern E:\c18v3.46\pic18-lt\cxx-framework\src\traditional\proc\p18f4620.asm
                  COD_max   0x000f46       data     extern D:\PIC18\Project\Environmental-Monitoring-System\EM_System.X\Software\sensor.c
                  COD_min   0x000f48       data     extern D:\PIC18\Project\Environmental-Monitoring-System\EM_System.X\Software\sensor.c
                   CVRCON   0x000fb5       data     extern E:\c18v3.46\pic18-lt\cxx-framework\src\traditional\proc\p18f4620.asm
               CVRCONbits   0x000fb5       data     extern E:\c18v3.46\pic18-lt\cxx-framework\src\traditional\proc\p18f4620.asm
                     DDRA   0x000f92       data     extern E:\c18v3.46\pic18-lt\cxx-framework\src\traditional\proc\p18f4620.asm
                 DDRAbits   0x000f92       data     extern E:\c18v3.46\pic18-lt\cxx-framework\src\traditional\proc\p18f4620.asm
                     DDRB   0x000f93       data     extern E:\c18v3.46\pic18-lt\cxx-framework\src\traditional\proc\p18f4620.asm
                 DDRBbits   0x000f93       data     extern E:\c18v3.46\pic18-lt\cxx-framework\src\traditional\proc\p18f4620.asm
                     DDRC   0x000f94       data     extern E:\c18v3.46\pic18-lt\cxx-framework\src\traditional\proc\p18f4620.asm
                 DDRCbits   0x000f94       data     extern E:\c18v3.46\pic18-lt\cxx-framework\src\traditional\proc\p18f4620.asm
                     DDRD   0x000f95       data     extern E:\c18v3.46\pic18-lt\cxx-framework\src\traditional\proc\p18f4620.asm
                 DDRDbits   0x000f95       data     extern E:\c18v3.46\pic18-lt\cxx-framework\src\traditional\proc\p18f4620.asm
                     DDRE   0x000f96       data     extern E:\c18v3.46\pic18-lt\cxx-framework\src\traditional\proc\p18f4620.asm
                 DDREbits   0x000f96       data     extern E:\c18v3.46\pic18-lt\cxx-framework\src\traditional\proc\p18f4620.asm
                  ECCP1AS   0x000fb6       data     extern E:\c18v3.46\pic18-lt\cxx-framework\src\traditional\proc\p18f4620.asm
              ECCP1ASbits   0x000fb6       data     extern E:\c18v3.46\pic18-lt\cxx-framework\src\traditional\proc\p18f4620.asm
                    EEADR   0x000fa9       data     extern E:\c18v3.46\pic18-lt\cxx-framework\src\traditional\proc\p18f4620.asm
                   EEADRH   0x000faa       data     extern E:\c18v3.46\pic18-lt\cxx-framework\src\traditional\proc\p18f4620.asm
                   EECON1   0x000fa6       data     extern E:\c18v3.46\pic18-lt\cxx-framework\src\traditional\proc\p18f4620.asm
               EECON1bits   0x000fa6       data     extern E:\c18v3.46\pic18-lt\cxx-framework\src\traditional\proc\p18f4620.asm
                   EECON2   0x000fa7       data     extern E:\c18v3.46\pic18-lt\cxx-framework\src\traditional\proc\p18f4620.asm
                   EEDATA   0x000fa8       data     extern E:\c18v3.46\pic18-lt\cxx-framework\src\traditional\proc\p18f4620.asm
                 FLOW_max   0x000f56       data     extern D:\PIC18\Project\Environmental-Monitoring-System\EM_System.X\Software\sensor.c
                 FLOW_min   0x000f58       data     extern D:\PIC18\Project\Environmental-Monitoring-System\EM_System.X\Software\sensor.c
                     FSR0   0x000fe9       data     extern E:\c18v3.46\pic18-lt\cxx-framework\src\traditional\proc\p18f4620.asm
                    FSR0H   0x000fea       data     extern E:\c18v3.46\pic18-lt\cxx-framework\src\traditional\proc\p18f4620.asm
                    FSR0L   0x000fe9       data     extern E:\c18v3.46\pic18-lt\cxx-framework\src\traditional\proc\p18f4620.asm
                     FSR1   0x000fe1       data     extern E:\c18v3.46\pic18-lt\cxx-framework\src\traditional\proc\p18f4620.asm
                    FSR1H   0x000fe2       data     extern E:\c18v3.46\pic18-lt\cxx-framework\src\traditional\proc\p18f4620.asm
                    FSR1L   0x000fe1       data     extern E:\c18v3.46\pic18-lt\cxx-framework\src\traditional\proc\p18f4620.asm
                     FSR2   0x000fd9       data     extern E:\c18v3.46\pic18-lt\cxx-framework\src\traditional\proc\p18f4620.asm
                    FSR2H   0x000fda       data     extern E:\c18v3.46\pic18-lt\cxx-framework\src\traditional\proc\p18f4620.asm
                    FSR2L   0x000fd9       data     extern E:\c18v3.46\pic18-lt\cxx-framework\src\traditional\proc\p18f4620.asm
                  HLVDCON   0x000fd2       data     extern E:\c18v3.46\pic18-lt\cxx-framework\src\traditional\proc\p18f4620.asm
              HLVDCONbits   0x000fd2       data     extern E:\c18v3.46\pic18-lt\cxx-framework\src\traditional\proc\p18f4620.asm
                    INDF0   0x000fef       data     extern E:\c18v3.46\pic18-lt\cxx-framework\src\traditional\proc\p18f4620.asm
                    INDF1   0x000fe7       data     extern E:\c18v3.46\pic18-lt\cxx-framework\src\traditional\proc\p18f4620.asm
                    INDF2   0x000fdf       data     extern E:\c18v3.46\pic18-lt\cxx-framework\src\traditional\proc\p18f4620.asm
                   INTCON   0x000ff2       data     extern E:\c18v3.46\pic18-lt\cxx-framework\src\traditional\proc\p18f4620.asm
                  INTCON2   0x000ff1       data     extern E:\c18v3.46\pic18-lt\cxx-framework\src\traditional\proc\p18f4620.asm
              INTCON2bits   0x000ff1       data     extern E:\c18v3.46\pic18-lt\cxx-framework\src\traditional\proc\p18f4620.asm
                  INTCON3   0x000ff0       data     extern E:\c18v3.46\pic18-lt\cxx-framework\src\traditional\proc\p18f4620.asm
              INTCON3bits   0x000ff0       data     extern E:\c18v3.46\pic18-lt\cxx-framework\src\traditional\proc\p18f4620.asm
               INTCONbits   0x000ff2       data     extern E:\c18v3.46\pic18-lt\cxx-framework\src\traditional\proc\p18f4620.asm
                     IPR1   0x000f9f       data     extern E:\c18v3.46\pic18-lt\cxx-framework\src\traditional\proc\p18f4620.asm
                 IPR1bits   0x000f9f       data     extern E:\c18v3.46\pic18-lt\cxx-framework\src\traditional\proc\p18f4620.asm
                     IPR2   0x000fa2       data     extern E:\c18v3.46\pic18-lt\cxx-framework\src\traditional\proc\p18f4620.asm
                 IPR2bits   0x000fa2       data     extern E:\c18v3.46\pic18-lt\cxx-framework\src\traditional\proc\p18f4620.asm
                     LATA   0x000f89       data     extern E:\c18v3.46\pic18-lt\cxx-framework\src\traditional\proc\p18f4620.asm
                 LATAbits   0x000f89       data     extern E:\c18v3.46\pic18-lt\cxx-framework\src\traditional\proc\p18f4620.asm
                     LATB   0x000f8a       data     extern E:\c18v3.46\pic18-lt\cxx-framework\src\traditional\proc\p18f4620.asm
                 LATBbits   0x000f8a       data     extern E:\c18v3.46\pic18-lt\cxx-framework\src\traditional\proc\p18f4620.asm
                     LATC   0x000f8b       data     extern E:\c18v3.46\pic18-lt\cxx-framework\src\traditional\proc\p18f4620.asm
                 LATCbits   0x000f8b       data     extern E:\c18v3.46\pic18-lt\cxx-framework\src\traditional\proc\p18f4620.asm
                     LATD   0x000f8c       data     extern E:\c18v3.46\pic18-lt\cxx-framework\src\traditional\proc\p18f4620.asm
                 LATDbits   0x000f8c       data     extern E:\c18v3.46\pic18-lt\cxx-framework\src\traditional\proc\p18f4620.asm
                     LATE   0x000f8d       data     extern E:\c18v3.46\pic18-lt\cxx-framework\src\traditional\proc\p18f4620.asm
                 LATEbits   0x000f8d       data     extern E:\c18v3.46\pic18-lt\cxx-framework\src\traditional\proc\p18f4620.asm
               LCD_buffer   0x000f5a       data     extern D:\PIC18\Project\Environmental-Monitoring-System\EM_System.X\Drivers\p18f4620_lcd.c
                   LVDCON   0x000fd2       data     extern E:\c18v3.46\pic18-lt\cxx-framework\src\traditional\proc\p18f4620.asm
               LVDCONbits   0x000fd2       data     extern E:\c18v3.46\pic18-lt\cxx-framework\src\traditional\proc\p18f4620.asm
                  NH4_max   0x000f4e       data     extern D:\PIC18\Project\Environmental-Monitoring-System\EM_System.X\Software\sensor.c
                  NH4_min   0x000f50       data     extern D:\PIC18\Project\Environmental-Monitoring-System\EM_System.X\Software\sensor.c
                  NO3_max   0x000f52       data     extern D:\PIC18\Project\Environmental-Monitoring-System\EM_System.X\Software\sensor.c
                  NO3_min   0x000f54       data     extern D:\PIC18\Project\Environmental-Monitoring-System\EM_System.X\Software\sensor.c
                   OSCCON   0x000fd3       data     extern E:\c18v3.46\pic18-lt\cxx-framework\src\traditional\proc\p18f4620.asm
               OSCCONbits   0x000fd3       data     extern E:\c18v3.46\pic18-lt\cxx-framework\src\traditional\proc\p18f4620.asm
                  OSCTUNE   0x000f9b       data     extern E:\c18v3.46\pic18-lt\cxx-framework\src\traditional\proc\p18f4620.asm
              OSCTUNEbits   0x000f9b       data     extern E:\c18v3.46\pic18-lt\cxx-framework\src\traditional\proc\p18f4620.asm
                       PC   0x000ff9       data     extern E:\c18v3.46\pic18-lt\cxx-framework\src\traditional\proc\p18f4620.asm
                      PCL   0x000ff9       data     extern E:\c18v3.46\pic18-lt\cxx-framework\src\traditional\proc\p18f4620.asm
                   PCLATH   0x000ffa       data     extern E:\c18v3.46\pic18-lt\cxx-framework\src\traditional\proc\p18f4620.asm
                   PCLATU   0x000ffb       data     extern E:\c18v3.46\pic18-lt\cxx-framework\src\traditional\proc\p18f4620.asm
                 PIC_TIM0   0x000132       data     extern D:\PIC18\Project\Environmental-Monitoring-System\EM_System.X\Drivers\p18f4620_tim.c
                 PIC_TIM1   0x000134       data     extern D:\PIC18\Project\Environmental-Monitoring-System\EM_System.X\Drivers\p18f4620_tim.c
                 PIC_TIM3   0x000136       data     extern D:\PIC18\Project\Environmental-Monitoring-System\EM_System.X\Drivers\p18f4620_tim.c
                     PIE1   0x000f9d       data     extern E:\c18v3.46\pic18-lt\cxx-framework\src\traditional\proc\p18f4620.asm
                 PIE1bits   0x000f9d       data     extern E:\c18v3.46\pic18-lt\cxx-framework\src\traditional\proc\p18f4620.asm
                     PIE2   0x000fa0       data     extern E:\c18v3.46\pic18-lt\cxx-framework\src\traditional\proc\p18f4620.asm
                 PIE2bits   0x000fa0       data     extern E:\c18v3.46\pic18-lt\cxx-framework\src\traditional\proc\p18f4620.asm
                     PIR1   0x000f9e       data     extern E:\c18v3.46\pic18-lt\cxx-framework\src\traditional\proc\p18f4620.asm
                 PIR1bits   0x000f9e       data     extern E:\c18v3.46\pic18-lt\cxx-framework\src\traditional\proc\p18f4620.asm
                     PIR2   0x000fa1       data     extern E:\c18v3.46\pic18-lt\cxx-framework\src\traditional\proc\p18f4620.asm
                 PIR2bits   0x000fa1       data     extern E:\c18v3.46\pic18-lt\cxx-framework\src\traditional\proc\p18f4620.asm
                   PLUSW0   0x000feb       data     extern E:\c18v3.46\pic18-lt\cxx-framework\src\traditional\proc\p18f4620.asm
                   PLUSW1   0x000fe3       data     extern E:\c18v3.46\pic18-lt\cxx-framework\src\traditional\proc\p18f4620.asm
                   PLUSW2   0x000fdb       data     extern E:\c18v3.46\pic18-lt\cxx-framework\src\traditional\proc\p18f4620.asm
                    PORTA   0x000f80       data     extern E:\c18v3.46\pic18-lt\cxx-framework\src\traditional\proc\p18f4620.asm
                PORTAbits   0x000f80       data     extern E:\c18v3.46\pic18-lt\cxx-framework\src\traditional\proc\p18f4620.asm
                    PORTB   0x000f81       data     extern E:\c18v3.46\pic18-lt\cxx-framework\src\traditional\proc\p18f4620.asm
                PORTBbits   0x000f81       data     extern E:\c18v3.46\pic18-lt\cxx-framework\src\traditional\proc\p18f4620.asm
                    PORTC   0x000f82       data     extern E:\c18v3.46\pic18-lt\cxx-framework\src\traditional\proc\p18f4620.asm
                PORTCbits   0x000f82       data     extern E:\c18v3.46\pic18-lt\cxx-framework\src\traditional\proc\p18f4620.asm
                    PORTD   0x000f83       data     extern E:\c18v3.46\pic18-lt\cxx-framework\src\traditional\proc\p18f4620.asm
                PORTDbits   0x000f83       data     extern E:\c18v3.46\pic18-lt\cxx-framework\src\traditional\proc\p18f4620.asm
                    PORTE   0x000f84       data     extern E:\c18v3.46\pic18-lt\cxx-framework\src\traditional\proc\p18f4620.asm
                PORTEbits   0x000f84       data     extern E:\c18v3.46\pic18-lt\cxx-framework\src\traditional\proc\p18f4620.asm
                 POSTDEC0   0x000fed       data     extern E:\c18v3.46\pic18-lt\cxx-framework\src\traditional\proc\p18f4620.asm
                 POSTDEC1   0x000fe5       data     extern E:\c18v3.46\pic18-lt\cxx-framework\src\traditional\proc\p18f4620.asm
                 POSTDEC2   0x000fdd       data     extern E:\c18v3.46\pic18-lt\cxx-framework\src\traditional\proc\p18f4620.asm
                 POSTINC0   0x000fee       data     extern E:\c18v3.46\pic18-lt\cxx-framework\src\traditional\proc\p18f4620.asm
                 POSTINC1   0x000fe6       data     extern E:\c18v3.46\pic18-lt\cxx-framework\src\traditional\proc\p18f4620.asm
                 POSTINC2   0x000fde       data     extern E:\c18v3.46\pic18-lt\cxx-framework\src\traditional\proc\p18f4620.asm
                      PR2   0x000fcb       data     extern E:\c18v3.46\pic18-lt\cxx-framework\src\traditional\proc\p18f4620.asm
                  PREINC0   0x000fec       data     extern E:\c18v3.46\pic18-lt\cxx-framework\src\traditional\proc\p18f4620.asm
                  PREINC1   0x000fe4       data     extern E:\c18v3.46\pic18-lt\cxx-framework\src\traditional\proc\p18f4620.asm
                  PREINC2   0x000fdc       data     extern E:\c18v3.46\pic18-lt\cxx-framework\src\traditional\proc\p18f4620.asm
                     PROD   0x000ff3       data     extern E:\c18v3.46\pic18-lt\cxx-framework\src\traditional\proc\p18f4620.asm
                    PRODH   0x000ff4       data     extern E:\c18v3.46\pic18-lt\cxx-framework\src\traditional\proc\p18f4620.asm
                    PRODL   0x000ff3       data     extern E:\c18v3.46\pic18-lt\cxx-framework\src\traditional\proc\p18f4620.asm
                  PWM1CON   0x000fb7       data     extern E:\c18v3.46\pic18-lt\cxx-framework\src\traditional\proc\p18f4620.asm
              PWM1CONbits   0x000fb7       data     extern E:\c18v3.46\pic18-lt\cxx-framework\src\traditional\proc\p18f4620.asm
                     RCON   0x000fd0       data     extern E:\c18v3.46\pic18-lt\cxx-framework\src\traditional\proc\p18f4620.asm
                 RCONbits   0x000fd0       data     extern E:\c18v3.46\pic18-lt\cxx-framework\src\traditional\proc\p18f4620.asm
                    RCREG   0x000fae       data     extern E:\c18v3.46\pic18-lt\cxx-framework\src\traditional\proc\p18f4620.asm
                    RCSTA   0x000fab       data     extern E:\c18v3.46\pic18-lt\cxx-framework\src\traditional\proc\p18f4620.asm
                RCSTAbits   0x000fab       data     extern E:\c18v3.46\pic18-lt\cxx-framework\src\traditional\proc\p18f4620.asm
                     SIGN   0x000018       data     extern E:\c18v3.46\pic18-lt\cxx-framework\src\traditional\math\cmath18.asm
                    SPBRG   0x000faf       data     extern E:\c18v3.46\pic18-lt\cxx-framework\src\traditional\proc\p18f4620.asm
                   SPBRGH   0x000fb0       data     extern E:\c18v3.46\pic18-lt\cxx-framework\src\traditional\proc\p18f4620.asm
                   SSPADD   0x000fc8       data     extern E:\c18v3.46\pic18-lt\cxx-framework\src\traditional\proc\p18f4620.asm
                   SSPBUF   0x000fc9       data     extern E:\c18v3.46\pic18-lt\cxx-framework\src\traditional\proc\p18f4620.asm
                  SSPCON1   0x000fc6       data     extern E:\c18v3.46\pic18-lt\cxx-framework\src\traditional\proc\p18f4620.asm
              SSPCON1bits   0x000fc6       data     extern E:\c18v3.46\pic18-lt\cxx-framework\src\traditional\proc\p18f4620.asm
                  SSPCON2   0x000fc5       data     extern E:\c18v3.46\pic18-lt\cxx-framework\src\traditional\proc\p18f4620.asm
              SSPCON2bits   0x000fc5       data     extern E:\c18v3.46\pic18-lt\cxx-framework\src\traditional\proc\p18f4620.asm
                  SSPSTAT   0x000fc7       data     extern E:\c18v3.46\pic18-lt\cxx-framework\src\traditional\proc\p18f4620.asm
              SSPSTATbits   0x000fc7       data     extern E:\c18v3.46\pic18-lt\cxx-framework\src\traditional\proc\p18f4620.asm
                   SS_max   0x000f42       data     extern D:\PIC18\Project\Environmental-Monitoring-System\EM_System.X\Software\sensor.c
                   SS_min   0x000f44       data     extern D:\PIC18\Project\Environmental-Monitoring-System\EM_System.X\Software\sensor.c
                   STATUS   0x000fd8       data     extern E:\c18v3.46\pic18-lt\cxx-framework\src\traditional\proc\p18f4620.asm
               STATUSbits   0x000fd8       data     extern E:\c18v3.46\pic18-lt\cxx-framework\src\traditional\proc\p18f4620.asm
                   STKPTR   0x000ffc       data     extern E:\c18v3.46\pic18-lt\cxx-framework\src\traditional\proc\p18f4620.asm
               STKPTRbits   0x000ffc       data     extern E:\c18v3.46\pic18-lt\cxx-framework\src\traditional\proc\p18f4620.asm
                   Sensor   0x000080       data     extern D:\PIC18\Project\Environmental-Monitoring-System\EM_System.X\Software\sensor.c
               SensorName   0x000f22       data     extern D:\PIC18\Project\Environmental-Monitoring-System\EM_System.X\Software\menu.c
                    T0CON   0x000fd5       data     extern E:\c18v3.46\pic18-lt\cxx-framework\src\traditional\proc\p18f4620.asm
                T0CONbits   0x000fd5       data     extern E:\c18v3.46\pic18-lt\cxx-framework\src\traditional\proc\p18f4620.asm
                    T1CON   0x000fcd       data     extern E:\c18v3.46\pic18-lt\cxx-framework\src\traditional\proc\p18f4620.asm
                T1CONbits   0x000fcd       data     extern E:\c18v3.46\pic18-lt\cxx-framework\src\traditional\proc\p18f4620.asm
                    T2CON   0x000fca       data     extern E:\c18v3.46\pic18-lt\cxx-framework\src\traditional\proc\p18f4620.asm
                T2CONbits   0x000fca       data     extern E:\c18v3.46\pic18-lt\cxx-framework\src\traditional\proc\p18f4620.asm
                    T3CON   0x000fb1       data     extern E:\c18v3.46\pic18-lt\cxx-framework\src\traditional\proc\p18f4620.asm
                T3CONbits   0x000fb1       data     extern E:\c18v3.46\pic18-lt\cxx-framework\src\traditional\proc\p18f4620.asm
                   TABLAT   0x000ff5       data     extern E:\c18v3.46\pic18-lt\cxx-framework\src\traditional\proc\p18f4620.asm
                   TBLPTR   0x000ff6       data     extern E:\c18v3.46\pic18-lt\cxx-framework\src\traditional\proc\p18f4620.asm
                  TBLPTRH   0x000ff7       data     extern E:\c18v3.46\pic18-lt\cxx-framework\src\traditional\proc\p18f4620.asm
                  TBLPTRL   0x000ff6       data     extern E:\c18v3.46\pic18-lt\cxx-framework\src\traditional\proc\p18f4620.asm
                  TBLPTRU   0x000ff8       data     extern E:\c18v3.46\pic18-lt\cxx-framework\src\traditional\proc\p18f4620.asm
                 TEMP_max   0x000f4a       data     extern D:\PIC18\Project\Environmental-Monitoring-System\EM_System.X\Software\sensor.c
                 TEMP_min   0x000f4c       data     extern D:\PIC18\Project\Environmental-Monitoring-System\EM_System.X\Software\sensor.c
                     TIM0   0x000138       data     extern D:\PIC18\Project\Environmental-Monitoring-System\EM_System.X\Drivers\p18f4620_tim.c
                     TIM1   0x00013a       data     extern D:\PIC18\Project\Environmental-Monitoring-System\EM_System.X\Drivers\p18f4620_tim.c
                     TIM3   0x00013c       data     extern D:\PIC18\Project\Environmental-Monitoring-System\EM_System.X\Drivers\p18f4620_tim.c
                    TMR0H   0x000fd7       data     extern E:\c18v3.46\pic18-lt\cxx-framework\src\traditional\proc\p18f4620.asm
                    TMR0L   0x000fd6       data     extern E:\c18v3.46\pic18-lt\cxx-framework\src\traditional\proc\p18f4620.asm
                    TMR1H   0x000fcf       data     extern E:\c18v3.46\pic18-lt\cxx-framework\src\traditional\proc\p18f4620.asm
                    TMR1L   0x000fce       data     extern E:\c18v3.46\pic18-lt\cxx-framework\src\traditional\proc\p18f4620.asm
                     TMR2   0x000fcc       data     extern E:\c18v3.46\pic18-lt\cxx-framework\src\traditional\proc\p18f4620.asm
                    TMR3H   0x000fb3       data     extern E:\c18v3.46\pic18-lt\cxx-framework\src\traditional\proc\p18f4620.asm
                    TMR3L   0x000fb2       data     extern E:\c18v3.46\pic18-lt\cxx-framework\src\traditional\proc\p18f4620.asm
                      TOS   0x000ffd       data     extern E:\c18v3.46\pic18-lt\cxx-framework\src\traditional\proc\p18f4620.asm
                     TOSH   0x000ffe       data     extern E:\c18v3.46\pic18-lt\cxx-framework\src\traditional\proc\p18f4620.asm
                     TOSL   0x000ffd       data     extern E:\c18v3.46\pic18-lt\cxx-framework\src\traditional\proc\p18f4620.asm
                     TOSU   0x000fff       data     extern E:\c18v3.46\pic18-lt\cxx-framework\src\traditional\proc\p18f4620.asm
                    TRISA   0x000f92       data     extern E:\c18v3.46\pic18-lt\cxx-framework\src\traditional\proc\p18f4620.asm
                TRISAbits   0x000f92       data     extern E:\c18v3.46\pic18-lt\cxx-framework\src\traditional\proc\p18f4620.asm
                    TRISB   0x000f93       data     extern E:\c18v3.46\pic18-lt\cxx-framework\src\traditional\proc\p18f4620.asm
                TRISBbits   0x000f93       data     extern E:\c18v3.46\pic18-lt\cxx-framework\src\traditional\proc\p18f4620.asm
                    TRISC   0x000f94       data     extern E:\c18v3.46\pic18-lt\cxx-framework\src\traditional\proc\p18f4620.asm
                TRISCbits   0x000f94       data     extern E:\c18v3.46\pic18-lt\cxx-framework\src\traditional\proc\p18f4620.asm
                    TRISD   0x000f95       data     extern E:\c18v3.46\pic18-lt\cxx-framework\src\traditional\proc\p18f4620.asm
                TRISDbits   0x000f95       data     extern E:\c18v3.46\pic18-lt\cxx-framework\src\traditional\proc\p18f4620.asm
                    TRISE   0x000f96       data     extern E:\c18v3.46\pic18-lt\cxx-framework\src\traditional\proc\p18f4620.asm
                TRISEbits   0x000f96       data     extern E:\c18v3.46\pic18-lt\cxx-framework\src\traditional\proc\p18f4620.asm
                    TXREG   0x000fad       data     extern E:\c18v3.46\pic18-lt\cxx-framework\src\traditional\proc\p18f4620.asm
                    TXSTA   0x000fac       data     extern E:\c18v3.46\pic18-lt\cxx-framework\src\traditional\proc\p18f4620.asm
                TXSTAbits   0x000fac       data     extern E:\c18v3.46\pic18-lt\cxx-framework\src\traditional\proc\p18f4620.asm
                        W   0x000fe8       data     extern E:\c18v3.46\pic18-lt\cxx-framework\src\traditional\proc\p18f4620.asm
                   WDTCON   0x000fd1       data     extern E:\c18v3.46\pic18-lt\cxx-framework\src\traditional\proc\p18f4620.asm
               WDTCONbits   0x000fd1       data     extern E:\c18v3.46\pic18-lt\cxx-framework\src\traditional\proc\p18f4620.asm
                     WREG   0x000fe8       data     extern E:\c18v3.46\pic18-lt\cxx-framework\src\traditional\proc\p18f4620.asm
                 __AARGB0   0x000021       data     extern E:\c18v3.46\pic18-lt\cxx-framework\src\traditional\math\aarg.asm
                 __AARGB1   0x000020       data     extern E:\c18v3.46\pic18-lt\cxx-framework\src\traditional\math\aarg.asm
                 __AARGB2   0x00001f       data     extern E:\c18v3.46\pic18-lt\cxx-framework\src\traditional\math\aarg.asm
                 __AARGB3   0x00001e       data     extern E:\c18v3.46\pic18-lt\cxx-framework\src\traditional\math\aarg.asm
                 __AARGB4   0x00001d       data     extern E:\c18v3.46\pic18-lt\cxx-framework\src\traditional\math\aarg.asm
                 __AARGB5   0x00001c       data     extern E:\c18v3.46\pic18-lt\cxx-framework\src\traditional\math\aarg.asm
                 __AARGB6   0x00001b       data     extern E:\c18v3.46\pic18-lt\cxx-framework\src\traditional\math\aarg.asm
                 __AARGB7   0x00001a       data     extern E:\c18v3.46\pic18-lt\cxx-framework\src\traditional\math\aarg.asm
                   __AEXP   0x000022       data     extern E:\c18v3.46\pic18-lt\cxx-framework\src\traditional\math\aarg.asm
                 __BARGB0   0x000026       data     extern E:\c18v3.46\pic18-lt\cxx-framework\src\traditional\math\barg.asm
                 __BARGB1   0x000025       data     extern E:\c18v3.46\pic18-lt\cxx-framework\src\traditional\math\barg.asm
                 __BARGB2   0x000024       data     extern E:\c18v3.46\pic18-lt\cxx-framework\src\traditional\math\barg.asm
                 __BARGB3   0x000023       data     extern E:\c18v3.46\pic18-lt\cxx-framework\src\traditional\math\barg.asm
                   __BEXP   0x000027       data     extern E:\c18v3.46\pic18-lt\cxx-framework\src\traditional\math\barg.asm
                __FPFLAGS   0x000019       data     extern E:\c18v3.46\pic18-lt\cxx-framework\src\traditional\math\cmath18.asm
            __FPFLAGSbits   0x000019       data     extern E:\c18v3.46\pic18-lt\cxx-framework\src\traditional\math\cmath18.asm
                  __REMB0   0x00001d       data     extern E:\c18v3.46\pic18-lt\cxx-framework\src\traditional\math\aarg.asm
                  __REMB1   0x00001c       data     extern E:\c18v3.46\pic18-lt\cxx-framework\src\traditional\math\aarg.asm
                  __REMB2   0x00001b       data     extern E:\c18v3.46\pic18-lt\cxx-framework\src\traditional\math\aarg.asm
                  __REMB3   0x00001a       data     extern E:\c18v3.46\pic18-lt\cxx-framework\src\traditional\math\aarg.asm
                   __TEMP   0x00002b       data     extern E:\c18v3.46\pic18-lt\cxx-framework\src\traditional\math\temparg.asm
                 __TEMPB0   0x00002b       data     extern E:\c18v3.46\pic18-lt\cxx-framework\src\traditional\math\temparg.asm
                 __TEMPB1   0x00002a       data     extern E:\c18v3.46\pic18-lt\cxx-framework\src\traditional\math\temparg.asm
                 __TEMPB2   0x000029       data     extern E:\c18v3.46\pic18-lt\cxx-framework\src\traditional\math\temparg.asm
                 __TEMPB3   0x000028       data     extern E:\c18v3.46\pic18-lt\cxx-framework\src\traditional\math\temparg.asm
                  __tmp_0   0x000000       data     static D:\PIC18\Project\Environmental-Monitoring-System\EM_System.X\Drivers\p18f4620_tim.c
                  __tmp_0   0x000000       data     static D:\PIC18\Project\Environmental-Monitoring-System\EM_System.X\Drivers\p18f4620_adc.c
                  __tmp_0   0x000000       data     static D:\PIC18\Project\Environmental-Monitoring-System\EM_System.X\Software\timer_software.c
                  __tmp_0   0x000000       data     static D:\PIC18\Project\Environmental-Monitoring-System\EM_System.X\Drivers\p18f4620_uart.c
                  __tmp_0   0x000000       data     static D:\PIC18\Project\Environmental-Monitoring-System\EM_System.X\Drivers\p18f4620_lcd.c
                  __tmp_0   0x000000       data     static D:\PIC18\Project\Environmental-Monitoring-System\EM_System.X\Drivers\p18f4620_gpio.c
                  __tmp_0   0x000000       data     static D:\PIC18\Project\Environmental-Monitoring-System\EM_System.X\Software\menu.c
                  __tmp_0   0x000000       data     static D:\PIC18\Project\Environmental-Monitoring-System\EM_System.X\Software\sensor.c
                  __tmp_0   0x000000       data     static D:\PIC18\Project\Environmental-Monitoring-System\EM_System.X\Software\uart.c
                 adc_data   0x00009c       data     extern D:\PIC18\Project\Environmental-Monitoring-System\EM_System.X\Software\sensor.c
                adc_index   0x000f3c       data     extern D:\PIC18\Project\Environmental-Monitoring-System\EM_System.X\Software\sensor.c
                  adc_max   0x000f32       data     extern D:\PIC18\Project\Environmental-Monitoring-System\EM_System.X\Software\sensor.c
                  adc_min   0x000f30       data     extern D:\PIC18\Project\Environmental-Monitoring-System\EM_System.X\Software\sensor.c
                  adc_raw   0x000f38       data     extern D:\PIC18\Project\Environmental-Monitoring-System\EM_System.X\Software\sensor.c
                adc_total   0x000f3a       data     extern D:\PIC18\Project\Environmental-Monitoring-System\EM_System.X\Software\sensor.c
                adc_value   0x000f34       data     extern D:\PIC18\Project\Environmental-Monitoring-System\EM_System.X\Software\sensor.c
               button_res   0x000122       data     extern D:\PIC18\Project\Environmental-Monitoring-System\EM_System.X\Drivers\p18f4620_gpio.c
                  counter   0x00014a       data     extern D:\PIC18\Project\Environmental-Monitoring-System\EM_System.X\Software\timer_software.c
                curr_byte   0x000141       data     static E:\c18v3.46\pic18-lt\cxx-framework\src\traditional\startup\c018i.c
               curr_entry   0x000143       data     static E:\c18v3.46\pic18-lt\cxx-framework\src\traditional\startup\c018i.c
               curr_index   0x000f1e       data     extern D:\PIC18\Project\Environmental-Monitoring-System\EM_System.X\Software\menu.c
              current_col   0x000f7c       data     extern D:\PIC18\Project\Environmental-Monitoring-System\EM_System.X\Drivers\p18f4620_lcd.c
              current_row   0x000f7a       data     extern D:\PIC18\Project\Environmental-Monitoring-System\EM_System.X\Drivers\p18f4620_lcd.c
                 data_ptr   0x000145       data     static E:\c18v3.46\pic18-lt\cxx-framework\src\traditional\startup\c018i.c
             data_receive   0x00014c       data     extern D:\PIC18\Project\Environmental-Monitoring-System\EM_System.X\Drivers\p18f4620_uart.c
                     flag   0x000148       data     extern D:\PIC18\Project\Environmental-Monitoring-System\EM_System.X\Software\timer_software.c
                     menu   0x000f00       data     extern D:\PIC18\Project\Environmental-Monitoring-System\EM_System.X\Software\menu.c
              menu_status   0x000f20       data     extern D:\PIC18\Project\Environmental-Monitoring-System\EM_System.X\Software\menu.c
                   pH_max   0x000f3e       data     extern D:\PIC18\Project\Environmental-Monitoring-System\EM_System.X\Software\sensor.c
                   pH_min   0x000f40       data     extern D:\PIC18\Project\Environmental-Monitoring-System\EM_System.X\Software\sensor.c
                     prom   0x00013e       data     static E:\c18v3.46\pic18-lt\cxx-framework\src\traditional\startup\c018i.c
               scan_input   0x00011e       data     extern D:\PIC18\Project\Environmental-Monitoring-System\EM_System.X\Drivers\p18f4620_gpio.c
              scan_output   0x00011a       data     extern D:\PIC18\Project\Environmental-Monitoring-System\EM_System.X\Drivers\p18f4620_gpio.c
               uart_state   0x000f7e       data     extern D:\PIC18\Project\Environmental-Monitoring-System\EM_System.X\Software\uart.c
              value_index   0x000f10       data     extern D:\PIC18\Project\Environmental-Monitoring-System\EM_System.X\Software\menu.c



                              Symbols - Sorted by Address
                     Name    Address   Location    Storage File                     
                ---------  ---------  ---------  --------- ---------                
                   _entry   0x000000    program     extern E:\c18v3.46\pic18-lt\cxx-framework\src\traditional\startup\c018i.c
       ___return_lbl00000   0x000004    program     static                          
                   __init   0x000006    program     extern E:\c18v3.46\pic18-lt\cxx-framework\src\traditional\stdclib\__init.c
      InterruptVectorHigh   0x000008    program     extern D:\PIC18\Project\Environmental-Monitoring-System\EM_System.X\Drivers\p18f4620_interrupt.c
       ___return_lbl00003   0x00000c    program     static                          
       InterruptVectorLow   0x000018    program     extern D:\PIC18\Project\Environmental-Monitoring-System\EM_System.X\Drivers\p18f4620_interrupt.c
       ___return_lbl00002   0x00001c    program     static                          
                LCD_Delay   0x00008c    program     extern D:\PIC18\Project\Environmental-Monitoring-System\EM_System.X\Drivers\p18f4620_lcd.c
                 LCD_Char   0x000128    program     extern D:\PIC18\Project\Environmental-Monitoring-System\EM_System.X\Drivers\p18f4620_lcd.c
               LCD_String   0x0001b4    program     extern D:\PIC18\Project\Environmental-Monitoring-System\EM_System.X\Drivers\p18f4620_lcd.c
               Add_Buffer   0x0001f8    program     extern D:\PIC18\Project\Environmental-Monitoring-System\EM_System.X\Drivers\p18f4620_lcd.c
              LCD_Command   0x000270    program     extern D:\PIC18\Project\Environmental-Monitoring-System\EM_System.X\Drivers\p18f4620_lcd.c
                 LCD_INIT   0x0002fa    program     extern D:\PIC18\Project\Environmental-Monitoring-System\EM_System.X\Drivers\p18f4620_lcd.c
                LCD_Clear   0x0003d6    program     extern D:\PIC18\Project\Environmental-Monitoring-System\EM_System.X\Drivers\p18f4620_lcd.c
     LCD_Print_String_x_y   0x0003f4    program     extern D:\PIC18\Project\Environmental-Monitoring-System\EM_System.X\Drivers\p18f4620_lcd.c
           LCD_Print_Char   0x00043e    program     extern D:\PIC18\Project\Environmental-Monitoring-System\EM_System.X\Drivers\p18f4620_lcd.c
         LCD_Print_String   0x0004d0    program     extern D:\PIC18\Project\Environmental-Monitoring-System\EM_System.X\Drivers\p18f4620_lcd.c
            LCD_Print_Num   0x00059a    program     extern D:\PIC18\Project\Environmental-Monitoring-System\EM_System.X\Drivers\p18f4620_lcd.c
          LCD_Print_Float   0x0007ee    program     extern D:\PIC18\Project\Environmental-Monitoring-System\EM_System.X\Drivers\p18f4620_lcd.c
          LCD_Switch_Line   0x000b86    program     extern D:\PIC18\Project\Environmental-Monitoring-System\EM_System.X\Drivers\p18f4620_lcd.c
         LCD_Clear_Buffer   0x000c78    program     extern D:\PIC18\Project\Environmental-Monitoring-System\EM_System.X\Drivers\p18f4620_lcd.c
           LCD_Clear_Line   0x000cd0    program     extern D:\PIC18\Project\Environmental-Monitoring-System\EM_System.X\Drivers\p18f4620_lcd.c
     LCD_Clear_Buffer_All   0x000d4e    program     extern D:\PIC18\Project\Environmental-Monitoring-System\EM_System.X\Drivers\p18f4620_lcd.c
               LCD_Dislay   0x000dea    program     extern D:\PIC18\Project\Environmental-Monitoring-System\EM_System.X\Drivers\p18f4620_lcd.c
         Sensor_Get_Value   0x000e96    program     extern D:\PIC18\Project\Environmental-Monitoring-System\EM_System.X\Software\sensor.c
              Sensor_Calc   0x000f40    program     extern D:\PIC18\Project\Environmental-Monitoring-System\EM_System.X\Software\sensor.c
   Var_Resistor_Get_Value   0x001490    program     extern D:\PIC18\Project\Environmental-Monitoring-System\EM_System.X\Software\sensor.c
            PIC_UART_INIT   0x0015c6    program     extern D:\PIC18\Project\Environmental-Monitoring-System\EM_System.X\Drivers\p18f4620_uart.c
         PIC_UART_RECEIVE   0x0015e4    program     extern D:\PIC18\Project\Environmental-Monitoring-System\EM_System.X\Drivers\p18f4620_uart.c
   PIC_UART_TRANSMIT_CHAR   0x0015ea    program     extern D:\PIC18\Project\Environmental-Monitoring-System\EM_System.X\Drivers\p18f4620_uart.c
 PIC_UART_TRANSMIT_STRING   0x001606    program     extern D:\PIC18\Project\Environmental-Monitoring-System\EM_System.X\Drivers\p18f4620_uart.c
    PIC_UART_TRANSMIT_NUM   0x001652    program     extern D:\PIC18\Project\Environmental-Monitoring-System\EM_System.X\Drivers\p18f4620_uart.c
  PIC_UART_TRANSMIT_FLOAT   0x001886    program     extern D:\PIC18\Project\Environmental-Monitoring-System\EM_System.X\Drivers\p18f4620_uart.c
             PIC_UART_ISR   0x001af8    program     extern D:\PIC18\Project\Environmental-Monitoring-System\EM_System.X\Drivers\p18f4620_uart.c
            PIC_TIM0_INIT   0x001afe    program     extern D:\PIC18\Project\Environmental-Monitoring-System\EM_System.X\Drivers\p18f4620_tim.c
           PIC_TIM0_START   0x001bc0    program     extern D:\PIC18\Project\Environmental-Monitoring-System\EM_System.X\Drivers\p18f4620_tim.c
            PIC_TIM0_STOP   0x001c4c    program     extern D:\PIC18\Project\Environmental-Monitoring-System\EM_System.X\Drivers\p18f4620_tim.c
            TIM0_CALLBACK   0x001c50    program     extern D:\PIC18\Project\Environmental-Monitoring-System\EM_System.X\Drivers\p18f4620_tim.c
            PIC_TIM1_INIT   0x001c52    program     extern D:\PIC18\Project\Environmental-Monitoring-System\EM_System.X\Drivers\p18f4620_tim.c
           PIC_TIM1_START   0x001d1a    program     extern D:\PIC18\Project\Environmental-Monitoring-System\EM_System.X\Drivers\p18f4620_tim.c
            PIC_TIM1_STOP   0x001da6    program     extern D:\PIC18\Project\Environmental-Monitoring-System\EM_System.X\Drivers\p18f4620_tim.c
            TIM1_CALLBACK   0x001daa    program     extern D:\PIC18\Project\Environmental-Monitoring-System\EM_System.X\Drivers\p18f4620_tim.c
            PIC_TIM3_INIT   0x001dac    program     extern D:\PIC18\Project\Environmental-Monitoring-System\EM_System.X\Drivers\p18f4620_tim.c
           PIC_TIM3_START   0x001e70    program     extern D:\PIC18\Project\Environmental-Monitoring-System\EM_System.X\Drivers\p18f4620_tim.c
            PIC_TIM3_STOP   0x001efc    program     extern D:\PIC18\Project\Environmental-Monitoring-System\EM_System.X\Drivers\p18f4620_tim.c
                UART_DATA   0x001f00    program     extern D:\PIC18\Project\Environmental-Monitoring-System\EM_System.X\Software\uart.c
                scroll_Up   0x0022a2    program     extern D:\PIC18\Project\Environmental-Monitoring-System\EM_System.X\Software\menu.c
              scroll_Down   0x0022ac    program     extern D:\PIC18\Project\Environmental-Monitoring-System\EM_System.X\Software\menu.c
             Display_menu   0x0022b6    program     extern D:\PIC18\Project\Environmental-Monitoring-System\EM_System.X\Software\menu.c
                 fsm_menu   0x00250e    program     extern D:\PIC18\Project\Environmental-Monitoring-System\EM_System.X\Software\menu.c
                 FLO3232U   0x00262e    program     extern E:\c18v3.46\pic18-lt\cxx-framework\src\traditional\math\cast32FP.asm
                 FLO3232S   0x002632    program     extern E:\c18v3.46\pic18-lt\cxx-framework\src\traditional\math\cast32FP.asm
                jI2F32Beg   0x00264a    program     static E:\c18v3.46\pic18-lt\cxx-framework\src\traditional\math\cast32FP.asm
                 FXD1616S   0x002664    program     extern E:\c18v3.46\pic18-lt\cxx-framework\src\traditional\math\fxd1616s.asm
                  DA1616S   0x002676    program     static E:\c18v3.46\pic18-lt\cxx-framework\src\traditional\math\fxd1616s.asm
                   D1616S   0x002686    program     static E:\c18v3.46\pic18-lt\cxx-framework\src\traditional\math\fxd1616s.asm
                 D1616SOK   0x002690    program     static E:\c18v3.46\pic18-lt\cxx-framework\src\traditional\math\fxd1616s.asm
                D1616SNEG   0x002694    program     static E:\c18v3.46\pic18-lt\cxx-framework\src\traditional\math\fxd1616s.asm
                  D1616SX   0x0026a6    program     static E:\c18v3.46\pic18-lt\cxx-framework\src\traditional\math\fxd1616s.asm
                 FXD2424S   0x0026b0    program     extern E:\c18v3.46\pic18-lt\cxx-framework\src\traditional\math\fxd2424s.asm
                  DA2424S   0x0026c6    program     static E:\c18v3.46\pic18-lt\cxx-framework\src\traditional\math\fxd2424s.asm
                   D2424S   0x0026da    program     static E:\c18v3.46\pic18-lt\cxx-framework\src\traditional\math\fxd2424s.asm
                 D2424SOK   0x0026e4    program     static E:\c18v3.46\pic18-lt\cxx-framework\src\traditional\math\fxd2424s.asm
                D2424SNEG   0x0026e8    program     static E:\c18v3.46\pic18-lt\cxx-framework\src\traditional\math\fxd2424s.asm
                  D2424SX   0x002700    program     static E:\c18v3.46\pic18-lt\cxx-framework\src\traditional\math\fxd2424s.asm
                 FXD3232S   0x00270a    program     extern E:\c18v3.46\pic18-lt\cxx-framework\src\traditional\math\fxd3232s.asm
                  DA3232S   0x002724    program     static E:\c18v3.46\pic18-lt\cxx-framework\src\traditional\math\fxd3232s.asm
                   D3232S   0x00273a    program     static E:\c18v3.46\pic18-lt\cxx-framework\src\traditional\math\fxd3232s.asm
                 D3232SOK   0x002744    program     static E:\c18v3.46\pic18-lt\cxx-framework\src\traditional\math\fxd3232s.asm
                D3232SNEG   0x002748    program     static E:\c18v3.46\pic18-lt\cxx-framework\src\traditional\math\fxd3232s.asm
                  D3232SX   0x002768    program     static E:\c18v3.46\pic18-lt\cxx-framework\src\traditional\math\fxd3232s.asm
                 FXM1616U   0x002772    program     extern E:\c18v3.46\pic18-lt\cxx-framework\src\traditional\math\fxm1616u.asm
                  INT3232   0x0027ae    program     extern E:\c18v3.46\pic18-lt\cxx-framework\src\traditional\math\castFP32.asm
                     jMax   0x0027be    program     static E:\c18v3.46\pic18-lt\cxx-framework\src\traditional\math\castFP32.asm
                  jMaxPos   0x0027c2    program     static E:\c18v3.46\pic18-lt\cxx-framework\src\traditional\math\castFP32.asm
                   jWr123   0x0027c8    program     static E:\c18v3.46\pic18-lt\cxx-framework\src\traditional\math\castFP32.asm
                  jMaxNeg   0x0027d0    program     static E:\c18v3.46\pic18-lt\cxx-framework\src\traditional\math\castFP32.asm
                    jZero   0x0027d6    program     static E:\c18v3.46\pic18-lt\cxx-framework\src\traditional\math\castFP32.asm
                  jWrZ123   0x0027d8    program     static E:\c18v3.46\pic18-lt\cxx-framework\src\traditional\math\castFP32.asm
                  jNotInf   0x0027dc    program     static E:\c18v3.46\pic18-lt\cxx-framework\src\traditional\math\castFP32.asm
                    jLoop   0x0027ee    program     static E:\c18v3.46\pic18-lt\cxx-framework\src\traditional\math\castFP32.asm
                jLoopExit   0x002802    program     static E:\c18v3.46\pic18-lt\cxx-framework\src\traditional\math\castFP32.asm
                    jExit   0x00281a    program     static E:\c18v3.46\pic18-lt\cxx-framework\src\traditional\math\castFP32.asm
            __FpReturnNaN   0x00281c    program     extern E:\c18v3.46\pic18-lt\cxx-framework\src\traditional\math\packFP.asm
                 __FpExit   0x002828    program     extern E:\c18v3.46\pic18-lt\cxx-framework\src\traditional\math\packFP.asm
        __FpReturnSignInf   0x00282a    program     extern E:\c18v3.46\pic18-lt\cxx-framework\src\traditional\math\packFP.asm
         __FpReturnNegInf   0x00282e    program     extern E:\c18v3.46\pic18-lt\cxx-framework\src\traditional\math\packFP.asm
         __FpReturnPosInf   0x002834    program     extern E:\c18v3.46\pic18-lt\cxx-framework\src\traditional\math\packFP.asm
           jReturnPosInf0   0x002838    program     static E:\c18v3.46\pic18-lt\cxx-framework\src\traditional\math\packFP.asm
               jZero1and2   0x00283c    program     static E:\c18v3.46\pic18-lt\cxx-framework\src\traditional\math\packFP.asm
       __FpReturnSignZero   0x002842    program     extern E:\c18v3.46\pic18-lt\cxx-framework\src\traditional\math\packFP.asm
        __FpReturnNegZero   0x002846    program     extern E:\c18v3.46\pic18-lt\cxx-framework\src\traditional\math\packFP.asm
        __FpReturnPosZero   0x00284e    program     extern E:\c18v3.46\pic18-lt\cxx-framework\src\traditional\math\packFP.asm
[...]
                    TRISC   0x000f94       data     extern E:\c18v3.46\pic18-lt\cxx-framework\src\traditional\proc\p18f4620.asm
                TRISCbits   0x000f94       data     extern E:\c18v3.46\pic18-lt\cxx-framework\src\traditional\proc\p18f4620.asm
                TRISDbits   0x000f95       data     extern E:\c18v3.46\pic18-lt\cxx-framework\src\traditional\proc\p18f4620.asm
                    TRISD   0x000f95       data     extern E:\c18v3.46\pic18-lt\cxx-framework\src\traditional\proc\p18f4620.asm
                 DDRDbits   0x000f95       data     extern E:\c18v3.46\pic18-lt\cxx-framework\src\traditional\proc\p18f4620.asm
                     DDRD   0x000f95       data     extern E:\c18v3.46\pic18-lt\cxx-framework\src\traditional\proc\p18f4620.asm
                    TRISE   0x000f96       data     extern E:\c18v3.46\pic18-lt\cxx-framework\src\traditional\proc\p18f4620.asm
                TRISEbits   0x000f96       data     extern E:\c18v3.46\pic18-lt\cxx-framework\src\traditional\proc\p18f4620.asm
                 DDREbits   0x000f96       data     extern E:\c18v3.46\pic18-lt\cxx-framework\src\traditional\proc\p18f4620.asm
                     DDRE   0x000f96       data     extern E:\c18v3.46\pic18-lt\cxx-framework\src\traditional\proc\p18f4620.asm
                  OSCTUNE   0x000f9b       data     extern E:\c18v3.46\pic18-lt\cxx-framework\src\traditional\proc\p18f4620.asm
              OSCTUNEbits   0x000f9b       data     extern E:\c18v3.46\pic18-lt\cxx-framework\src\traditional\proc\p18f4620.asm
                     PIE1   0x000f9d       data     extern E:\c18v3.46\pic18-lt\cxx-framework\src\traditional\proc\p18f4620.asm
                 PIE1bits   0x000f9d       data     extern E:\c18v3.46\pic18-lt\cxx-framework\src\traditional\proc\p18f4620.asm
                 PIR1bits   0x000f9e       data     extern E:\c18v3.46\pic18-lt\cxx-framework\src\traditional\proc\p18f4620.asm
                     PIR1   0x000f9e       data     extern E:\c18v3.46\pic18-lt\cxx-framework\src\traditional\proc\p18f4620.asm
                     IPR1   0x000f9f       data     extern E:\c18v3.46\pic18-lt\cxx-framework\src\traditional\proc\p18f4620.asm
                 IPR1bits   0x000f9f       data     extern E:\c18v3.46\pic18-lt\cxx-framework\src\traditional\proc\p18f4620.asm
                 PIE2bits   0x000fa0       data     extern E:\c18v3.46\pic18-lt\cxx-framework\src\traditional\proc\p18f4620.asm
                     PIE2   0x000fa0       data     extern E:\c18v3.46\pic18-lt\cxx-framework\src\traditional\proc\p18f4620.asm
                     PIR2   0x000fa1       data     extern E:\c18v3.46\pic18-lt\cxx-framework\src\traditional\proc\p18f4620.asm
                 PIR2bits   0x000fa1       data     extern E:\c18v3.46\pic18-lt\cxx-framework\src\traditional\proc\p18f4620.asm
                     IPR2   0x000fa2       data     extern E:\c18v3.46\pic18-lt\cxx-framework\src\traditional\proc\p18f4620.asm
                 IPR2bits   0x000fa2       data     extern E:\c18v3.46\pic18-lt\cxx-framework\src\traditional\proc\p18f4620.asm
               EECON1bits   0x000fa6       data     extern E:\c18v3.46\pic18-lt\cxx-framework\src\traditional\proc\p18f4620.asm
                   EECON1   0x000fa6       data     extern E:\c18v3.46\pic18-lt\cxx-framework\src\traditional\proc\p18f4620.asm
                   EECON2   0x000fa7       data     extern E:\c18v3.46\pic18-lt\cxx-framework\src\traditional\proc\p18f4620.asm
                   EEDATA   0x000fa8       data     extern E:\c18v3.46\pic18-lt\cxx-framework\src\traditional\proc\p18f4620.asm
                    EEADR   0x000fa9       data     extern E:\c18v3.46\pic18-lt\cxx-framework\src\traditional\proc\p18f4620.asm
                   EEADRH   0x000faa       data     extern E:\c18v3.46\pic18-lt\cxx-framework\src\traditional\proc\p18f4620.asm
                    RCSTA   0x000fab       data     extern E:\c18v3.46\pic18-lt\cxx-framework\src\traditional\proc\p18f4620.asm
                RCSTAbits   0x000fab       data     extern E:\c18v3.46\pic18-lt\cxx-framework\src\traditional\proc\p18f4620.asm
                    TXSTA   0x000fac       data     extern E:\c18v3.46\pic18-lt\cxx-framework\src\traditional\proc\p18f4620.asm
                TXSTAbits   0x000fac       data     extern E:\c18v3.46\pic18-lt\cxx-framework\src\traditional\proc\p18f4620.asm
                    TXREG   0x000fad       data     extern E:\c18v3.46\pic18-lt\cxx-framework\src\traditional\proc\p18f4620.asm
                    RCREG   0x000fae       data     extern E:\c18v3.46\pic18-lt\cxx-framework\src\traditional\proc\p18f4620.asm
                    SPBRG   0x000faf       data     extern E:\c18v3.46\pic18-lt\cxx-framework\src\traditional\proc\p18f4620.asm
                   SPBRGH   0x000fb0       data     extern E:\c18v3.46\pic18-lt\cxx-framework\src\traditional\proc\p18f4620.asm
                T3CONbits   0x000fb1       data     extern E:\c18v3.46\pic18-lt\cxx-framework\src\traditional\proc\p18f4620.asm
                    T3CON   0x000fb1       data     extern E:\c18v3.46\pic18-lt\cxx-framework\src\traditional\proc\p18f4620.asm
                    TMR3L   0x000fb2       data     extern E:\c18v3.46\pic18-lt\cxx-framework\src\traditional\proc\p18f4620.asm
                    TMR3H   0x000fb3       data     extern E:\c18v3.46\pic18-lt\cxx-framework\src\traditional\proc\p18f4620.asm
                CMCONbits   0x000fb4       data     extern E:\c18v3.46\pic18-lt\cxx-framework\src\traditional\proc\p18f4620.asm
                    CMCON   0x000fb4       data     extern E:\c18v3.46\pic18-lt\cxx-framework\src\traditional\proc\p18f4620.asm
               CVRCONbits   0x000fb5       data     extern E:\c18v3.46\pic18-lt\cxx-framework\src\traditional\proc\p18f4620.asm
                   CVRCON   0x000fb5       data     extern E:\c18v3.46\pic18-lt\cxx-framework\src\traditional\proc\p18f4620.asm
              ECCP1ASbits   0x000fb6       data     extern E:\c18v3.46\pic18-lt\cxx-framework\src\traditional\proc\p18f4620.asm
                  ECCP1AS   0x000fb6       data     extern E:\c18v3.46\pic18-lt\cxx-framework\src\traditional\proc\p18f4620.asm
              PWM1CONbits   0x000fb7       data     extern E:\c18v3.46\pic18-lt\cxx-framework\src\traditional\proc\p18f4620.asm
                  PWM1CON   0x000fb7       data     extern E:\c18v3.46\pic18-lt\cxx-framework\src\traditional\proc\p18f4620.asm
              BAUDCTLbits   0x000fb8       data     extern E:\c18v3.46\pic18-lt\cxx-framework\src\traditional\proc\p18f4620.asm
                  BAUDCTL   0x000fb8       data     extern E:\c18v3.46\pic18-lt\cxx-framework\src\traditional\proc\p18f4620.asm
              BAUDCONbits   0x000fb8       data     extern E:\c18v3.46\pic18-lt\cxx-framework\src\traditional\proc\p18f4620.asm
                  BAUDCON   0x000fb8       data     extern E:\c18v3.46\pic18-lt\cxx-framework\src\traditional\proc\p18f4620.asm
              CCP2CONbits   0x000fba       data     extern E:\c18v3.46\pic18-lt\cxx-framework\src\traditional\proc\p18f4620.asm
                  CCP2CON   0x000fba       data     extern E:\c18v3.46\pic18-lt\cxx-framework\src\traditional\proc\p18f4620.asm
                    CCPR2   0x000fbb       data     extern E:\c18v3.46\pic18-lt\cxx-framework\src\traditional\proc\p18f4620.asm
                   CCPR2L   0x000fbb       data     extern E:\c18v3.46\pic18-lt\cxx-framework\src\traditional\proc\p18f4620.asm
                   CCPR2H   0x000fbc       data     extern E:\c18v3.46\pic18-lt\cxx-framework\src\traditional\proc\p18f4620.asm
                  CCP1CON   0x000fbd       data     extern E:\c18v3.46\pic18-lt\cxx-framework\src\traditional\proc\p18f4620.asm
              CCP1CONbits   0x000fbd       data     extern E:\c18v3.46\pic18-lt\cxx-framework\src\traditional\proc\p18f4620.asm
                    CCPR1   0x000fbe       data     extern E:\c18v3.46\pic18-lt\cxx-framework\src\traditional\proc\p18f4620.asm
                   CCPR1L   0x000fbe       data     extern E:\c18v3.46\pic18-lt\cxx-framework\src\traditional\proc\p18f4620.asm
                   CCPR1H   0x000fbf       data     extern E:\c18v3.46\pic18-lt\cxx-framework\src\traditional\proc\p18f4620.asm
               ADCON2bits   0x000fc0       data     extern E:\c18v3.46\pic18-lt\cxx-framework\src\traditional\proc\p18f4620.asm
                   ADCON2   0x000fc0       data     extern E:\c18v3.46\pic18-lt\cxx-framework\src\traditional\proc\p18f4620.asm
                   ADCON1   0x000fc1       data     extern E:\c18v3.46\pic18-lt\cxx-framework\src\traditional\proc\p18f4620.asm
               ADCON1bits   0x000fc1       data     extern E:\c18v3.46\pic18-lt\cxx-framework\src\traditional\proc\p18f4620.asm
                   ADCON0   0x000fc2       data     extern E:\c18v3.46\pic18-lt\cxx-framework\src\traditional\proc\p18f4620.asm
               ADCON0bits   0x000fc2       data     extern E:\c18v3.46\pic18-lt\cxx-framework\src\traditional\proc\p18f4620.asm
                    ADRES   0x000fc3       data     extern E:\c18v3.46\pic18-lt\cxx-framework\src\traditional\proc\p18f4620.asm
                   ADRESL   0x000fc3       data     extern E:\c18v3.46\pic18-lt\cxx-framework\src\traditional\proc\p18f4620.asm
                   ADRESH   0x000fc4       data     extern E:\c18v3.46\pic18-lt\cxx-framework\src\traditional\proc\p18f4620.asm
                  SSPCON2   0x000fc5       data     extern E:\c18v3.46\pic18-lt\cxx-framework\src\traditional\proc\p18f4620.asm
              SSPCON2bits   0x000fc5       data     extern E:\c18v3.46\pic18-lt\cxx-framework\src\traditional\proc\p18f4620.asm
                  SSPCON1   0x000fc6       data     extern E:\c18v3.46\pic18-lt\cxx-framework\src\traditional\proc\p18f4620.asm
              SSPCON1bits   0x000fc6       data     extern E:\c18v3.46\pic18-lt\cxx-framework\src\traditional\proc\p18f4620.asm
                  SSPSTAT   0x000fc7       data     extern E:\c18v3.46\pic18-lt\cxx-framework\src\traditional\proc\p18f4620.asm
              SSPSTATbits   0x000fc7       data     extern E:\c18v3.46\pic18-lt\cxx-framework\src\traditional\proc\p18f4620.asm
                   SSPADD   0x000fc8       data     extern E:\c18v3.46\pic18-lt\cxx-framework\src\traditional\proc\p18f4620.asm
                   SSPBUF   0x000fc9       data     extern E:\c18v3.46\pic18-lt\cxx-framework\src\traditional\proc\p18f4620.asm
                T2CONbits   0x000fca       data     extern E:\c18v3.46\pic18-lt\cxx-framework\src\traditional\proc\p18f4620.asm
                    T2CON   0x000fca       data     extern E:\c18v3.46\pic18-lt\cxx-framework\src\traditional\proc\p18f4620.asm
                      PR2   0x000fcb       data     extern E:\c18v3.46\pic18-lt\cxx-framework\src\traditional\proc\p18f4620.asm
                     TMR2   0x000fcc       data     extern E:\c18v3.46\pic18-lt\cxx-framework\src\traditional\proc\p18f4620.asm
                T1CONbits   0x000fcd       data     extern E:\c18v3.46\pic18-lt\cxx-framework\src\traditional\proc\p18f4620.asm
                    T1CON   0x000fcd       data     extern E:\c18v3.46\pic18-lt\cxx-framework\src\traditional\proc\p18f4620.asm
                    TMR1L   0x000fce       data     extern E:\c18v3.46\pic18-lt\cxx-framework\src\traditional\proc\p18f4620.asm
                    TMR1H   0x000fcf       data     extern E:\c18v3.46\pic18-lt\cxx-framework\src\traditional\proc\p18f4620.asm
                 RCONbits   0x000fd0       data     extern E:\c18v3.46\pic18-lt\cxx-framework\src\traditional\proc\p18f4620.asm
                     RCON   0x000fd0       data     extern E:\c18v3.46\pic18-lt\cxx-framework\src\traditional\proc\p18f4620.asm
                   WDTCON   0x000fd1       data     extern E:\c18v3.46\pic18-lt\cxx-framework\src\traditional\proc\p18f4620.asm
               WDTCONbits   0x000fd1       data     extern E:\c18v3.46\pic18-lt\cxx-framework\src\traditional\proc\p18f4620.asm
                  HLVDCON   0x000fd2       data     extern E:\c18v3.46\pic18-lt\cxx-framework\src\traditional\proc\p18f4620.asm
              HLVDCONbits   0x000fd2       data     extern E:\c18v3.46\pic18-lt\cxx-framework\src\traditional\proc\p18f4620.asm
                   LVDCON   0x000fd2       data     extern E:\c18v3.46\pic18-lt\cxx-framework\src\traditional\proc\p18f4620.asm
               LVDCONbits   0x000fd2       data     extern E:\c18v3.46\pic18-lt\cxx-framework\src\traditional\proc\p18f4620.asm
                   OSCCON   0x000fd3       data     extern E:\c18v3.46\pic18-lt\cxx-framework\src\traditional\proc\p18f4620.asm
               OSCCONbits   0x000fd3       data     extern E:\c18v3.46\pic18-lt\cxx-framework\src\traditional\proc\p18f4620.asm
                    T0CON   0x000fd5       data     extern E:\c18v3.46\pic18-lt\cxx-framework\src\traditional\proc\p18f4620.asm
                T0CONbits   0x000fd5       data     extern E:\c18v3.46\pic18-lt\cxx-framework\src\traditional\proc\p18f4620.asm
                    TMR0L   0x000fd6       data     extern E:\c18v3.46\pic18-lt\cxx-framework\src\traditional\proc\p18f4620.asm
                    TMR0H   0x000fd7       data     extern E:\c18v3.46\pic18-lt\cxx-framework\src\traditional\proc\p18f4620.asm
               STATUSbits   0x000fd8       data     extern E:\c18v3.46\pic18-lt\cxx-framework\src\traditional\proc\p18f4620.asm
                   STATUS   0x000fd8       data     extern E:\c18v3.46\pic18-lt\cxx-framework\src\traditional\proc\p18f4620.asm
                    FSR2L   0x000fd9       data     extern E:\c18v3.46\pic18-lt\cxx-framework\src\traditional\proc\p18f4620.asm
                     FSR2   0x000fd9       data     extern E:\c18v3.46\pic18-lt\cxx-framework\src\traditional\proc\p18f4620.asm
                    FSR2H   0x000fda       data     extern E:\c18v3.46\pic18-lt\cxx-framework\src\traditional\proc\p18f4620.asm
                   PLUSW2   0x000fdb       data     extern E:\c18v3.46\pic18-lt\cxx-framework\src\traditional\proc\p18f4620.asm
                  PREINC2   0x000fdc       data     extern E:\c18v3.46\pic18-lt\cxx-framework\src\traditional\proc\p18f4620.asm
                 POSTDEC2   0x000fdd       data     extern E:\c18v3.46\pic18-lt\cxx-framework\src\traditional\proc\p18f4620.asm
                 POSTINC2   0x000fde       data     extern E:\c18v3.46\pic18-lt\cxx-framework\src\traditional\proc\p18f4620.asm
                    INDF2   0x000fdf       data     extern E:\c18v3.46\pic18-lt\cxx-framework\src\traditional\proc\p18f4620.asm
                      BSR   0x000fe0       data     extern E:\c18v3.46\pic18-lt\cxx-framework\src\traditional\proc\p18f4620.asm
                     FSR1   0x000fe1       data     extern E:\c18v3.46\pic18-lt\cxx-framework\src\traditional\proc\p18f4620.asm
                    FSR1L   0x000fe1       data     extern E:\c18v3.46\pic18-lt\cxx-framework\src\traditional\proc\p18f4620.asm
                    FSR1H   0x000fe2       data     extern E:\c18v3.46\pic18-lt\cxx-framework\src\traditional\proc\p18f4620.asm
                   PLUSW1   0x000fe3       data     extern E:\c18v3.46\pic18-lt\cxx-framework\src\traditional\proc\p18f4620.asm
                  PREINC1   0x000fe4       data     extern E:\c18v3.46\pic18-lt\cxx-framework\src\traditional\proc\p18f4620.asm
                 POSTDEC1   0x000fe5       data     extern E:\c18v3.46\pic18-lt\cxx-framework\src\traditional\proc\p18f4620.asm
                 POSTINC1   0x000fe6       data     extern E:\c18v3.46\pic18-lt\cxx-framework\src\traditional\proc\p18f4620.asm
                    INDF1   0x000fe7       data     extern E:\c18v3.46\pic18-lt\cxx-framework\src\traditional\proc\p18f4620.asm
                     WREG   0x000fe8       data     extern E:\c18v3.46\pic18-lt\cxx-framework\src\traditional\proc\p18f4620.asm
                        W   0x000fe8       data     extern E:\c18v3.46\pic18-lt\cxx-framework\src\traditional\proc\p18f4620.asm
                    FSR0L   0x000fe9       data     extern E:\c18v3.46\pic18-lt\cxx-framework\src\traditional\proc\p18f4620.asm
                     FSR0   0x000fe9       data     extern E:\c18v3.46\pic18-lt\cxx-framework\src\traditional\proc\p18f4620.asm
                    FSR0H   0x000fea       data     extern E:\c18v3.46\pic18-lt\cxx-framework\src\traditional\proc\p18f4620.asm
                   PLUSW0   0x000feb       data     extern E:\c18v3.46\pic18-lt\cxx-framework\src\traditional\proc\p18f4620.asm
                  PREINC0   0x000fec       data     extern E:\c18v3.46\pic18-lt\cxx-framework\src\traditional\proc\p18f4620.asm
                 POSTDEC0   0x000fed       data     extern E:\c18v3.46\pic18-lt\cxx-framework\src\traditional\proc\p18f4620.asm
                 POSTINC0   0x000fee       data     extern E:\c18v3.46\pic18-lt\cxx-framework\src\traditional\proc\p18f4620.asm
                    INDF0   0x000fef       data     extern E:\c18v3.46\pic18-lt\cxx-framework\src\traditional\proc\p18f4620.asm
              INTCON3bits   0x000ff0       data     extern E:\c18v3.46\pic18-lt\cxx-framework\src\traditional\proc\p18f4620.asm
                  INTCON3   0x000ff0       data     extern E:\c18v3.46\pic18-lt\cxx-framework\src\traditional\proc\p18f4620.asm
                  INTCON2   0x000ff1       data     extern E:\c18v3.46\pic18-lt\cxx-framework\src\traditional\proc\p18f4620.asm
              INTCON2bits   0x000ff1       data     extern E:\c18v3.46\pic18-lt\cxx-framework\src\traditional\proc\p18f4620.asm
                   INTCON   0x000ff2       data     extern E:\c18v3.46\pic18-lt\cxx-framework\src\traditional\proc\p18f4620.asm
               INTCONbits   0x000ff2       data     extern E:\c18v3.46\pic18-lt\cxx-framework\src\traditional\proc\p18f4620.asm
                    PRODL   0x000ff3       data     extern E:\c18v3.46\pic18-lt\cxx-framework\src\traditional\proc\p18f4620.asm
                     PROD   0x000ff3       data     extern E:\c18v3.46\pic18-lt\cxx-framework\src\traditional\proc\p18f4620.asm
                    PRODH   0x000ff4       data     extern E:\c18v3.46\pic18-lt\cxx-framework\src\traditional\proc\p18f4620.asm
                   TABLAT   0x000ff5       data     extern E:\c18v3.46\pic18-lt\cxx-framework\src\traditional\proc\p18f4620.asm
                   TBLPTR   0x000ff6       data     extern E:\c18v3.46\pic18-lt\cxx-framework\src\traditional\proc\p18f4620.asm
                  TBLPTRL   0x000ff6       data     extern E:\c18v3.46\pic18-lt\cxx-framework\src\traditional\proc\p18f4620.asm
                  TBLPTRH   0x000ff7       data     extern E:\c18v3.46\pic18-lt\cxx-framework\src\traditional\proc\p18f4620.asm
                  TBLPTRU   0x000ff8       data     extern E:\c18v3.46\pic18-lt\cxx-framework\src\traditional\proc\p18f4620.asm
                       PC   0x000ff9       data     extern E:\c18v3.46\pic18-lt\cxx-framework\src\traditional\proc\p18f4620.asm
                      PCL   0x000ff9       data     extern E:\c18v3.46\pic18-lt\cxx-framework\src\traditional\proc\p18f4620.asm
                   PCLATH   0x000ffa       data     extern E:\c18v3.46\pic18-lt\cxx-framework\src\traditional\proc\p18f4620.asm
                   PCLATU   0x000ffb       data     extern E:\c18v3.46\pic18-lt\cxx-framework\src\traditional\proc\p18f4620.asm
                   STKPTR   0x000ffc       data     extern E:\c18v3.46\pic18-lt\cxx-framework\src\traditional\proc\p18f4620.asm
               STKPTRbits   0x000ffc       data     extern E:\c18v3.46\pic18-lt\cxx-framework\src\traditional\proc\p18f4620.asm
                     TOSL   0x000ffd       data     extern E:\c18v3.46\pic18-lt\cxx-framework\src\traditional\proc\p18f4620.asm
                      TOS   0x000ffd       data     extern E:\c18v3.46\pic18-lt\cxx-framework\src\traditional\proc\p18f4620.asm
                     TOSH   0x000ffe       data     extern E:\c18v3.46\pic18-lt\cxx-framework\src\traditional\proc\p18f4620.asm
                     TOSU   0x000fff       data     extern E:\c18v3.46\pic18-lt\cxx-framework\src\traditional\proc\p18f4620.asm


