MPLINK 4.48, Linker
Linker Map File - Created Sat Nov 26 13:04:26 2022

                                 Section Info
                  Section       Type    Address   Location Size(Bytes)
                ---------  ---------  ---------  ---------  ---------
               _entry_scn       code   0x000000    program   0x000006
           .code___init.o       code   0x000006    program   0x000002
      InterruptVectorHigh       code   0x000008    program   0x000006
  .romdata_p18f4620_tim.o    romdata   0x00000e    program   0x000000
.romdata_p18f4620_interrupt.o    romdata   0x00000e    program   0x000000
.idata_timer_software.o_i    romdata   0x00000e    program   0x000004
.romdata_timer_software.o    romdata   0x00000e    program   0x000000
 .romdata_p18f4620_gpio.o    romdata   0x00000e    program   0x000000
      .romdata_fxd1616u.o    romdata   0x00000e    program   0x000000
          .romdata_main.o    romdata   0x00000e    program   0x000000
      .romdata_fxd2424u.o    romdata   0x00000e    program   0x000000
        .romdata___init.o    romdata   0x00000e    program   0x000000
         .romdata_c018i.o    romdata   0x00000e    program   0x000000
          .idata_main.o_i    romdata   0x000012    program   0x000006
.idata_p18f4620_interrupt.o_i    romdata   0x000012    program   0x000000
       InterruptVectorLow       code   0x000018    program   0x000006
                   .cinit    romdata   0x00001e    program   0x000032
     .code_p18f4620_tim.o       code   0x000050    program   0x000402
   .code_timer_software.o       code   0x000452    program   0x000230
.code_p18f4620_interrupt.o       code   0x000682    program   0x0001bc
    .code_p18f4620_gpio.o       code   0x00083e    program   0x0001aa
               _cinit_scn       code   0x0009e8    program   0x00009e
                     PROG       code   0x000a86    program   0x000096
             .code_main.o       code   0x000b1c    program   0x00006c
         .code_fxd2424u.o       code   0x000b88    program   0x00003a
         .code_fxd1616u.o       code   0x000bc2    program   0x00002c
                    .code       code   0x000bee    program   0x000020
             _startup_scn       code   0x000c0e    program   0x00001c
  .idata_p18f4620_tim.o_i    romdata   0x000c2a    program   0x00000c
 .idata_p18f4620_gpio.o_i    romdata   0x000c36    program   0x000018
      .idata_fxd1616u.o_i    romdata   0x000c4e    program   0x000000
      .idata_fxd2424u.o_i    romdata   0x000c4e    program   0x000000
        .idata___init.o_i    romdata   0x000c4e    program   0x000000
            .code_c018i.o       code   0x000c4e    program   0x000000
         .idata_c018i.o_i    romdata   0x000c4e    program   0x000000
    .config_300001_main.o    romdata   0x300001    program   0x000001
    .config_300002_main.o    romdata   0x300002    program   0x000001
    .config_300003_main.o    romdata   0x300003    program   0x000001
    .config_300005_main.o    romdata   0x300005    program   0x000001
    .config_300006_main.o    romdata   0x300006    program   0x000001
    .config_300008_main.o    romdata   0x300008    program   0x000001
    .config_300009_main.o    romdata   0x300009    program   0x000001
    .config_30000a_main.o    romdata   0x30000a    program   0x000001
    .config_30000b_main.o    romdata   0x30000b    program   0x000001
    .config_30000c_main.o    romdata   0x30000c    program   0x000001
    .config_30000d_main.o    romdata   0x30000d    program   0x000001
                MATH_DATA      udata   0x000000       data   0x000014
                 .tmpdata      udata   0x000014       data   0x000009
   .idata_p18f4620_gpio.o      idata   0x000080       data   0x000018
    .idata_p18f4620_tim.o      idata   0x000098       data   0x00000c
           .udata_c018i.o      udata   0x0000a4       data   0x00000a
            .idata_main.o      idata   0x0000ae       data   0x000006
  .idata_timer_software.o      idata   0x0000b4       data   0x000004
    .udata_p18f4620_tim.o      udata   0x0000b8       data   0x000000
.udata_p18f4620_interrupt.o      udata   0x0000b8       data   0x000000
.idata_p18f4620_interrupt.o      idata   0x0000b8       data   0x000000
  .udata_timer_software.o      udata   0x0000b8       data   0x000000
            .udata_main.o      udata   0x0000b8       data   0x000000
   .udata_p18f4620_gpio.o      udata   0x0000b8       data   0x000000
           .idata_c018i.o      idata   0x0000b8       data   0x000000
        .udata_fxd1616u.o      udata   0x0000b8       data   0x000000
        .idata_fxd1616u.o      idata   0x0000b8       data   0x000000
        .udata_fxd2424u.o      udata   0x0000b8       data   0x000000
        .idata_fxd2424u.o      idata   0x0000b8       data   0x000000
          .udata___init.o      udata   0x0000b8       data   0x000000
          .idata___init.o      idata   0x0000b8       data   0x000000
                   .stack      udata   0x000e00       data   0x000100
            SFR_UNBANKED0      udata   0x000f80       data   0x000080



                              Program Memory Usage 
                               Start         End      
                           ---------   ---------      
                            0x000000    0x000c4d      
                            0x300001    0x300003      
                            0x300005    0x300006      
                            0x300008    0x30000d      
            3161 out of 66584 program addresses used, program memory utilization is 4%



                              Symbols - Sorted by Name
                     Name    Address   Location    Storage File                     
                ---------  ---------  ---------  --------- ---------                
                   D2424S   0x000ab0    program     static E:\c18v3.46\pic18-lt\cxx-framework\src\traditional\math\fxd2424s.asm
                D2424SNEG   0x000abe    program     static E:\c18v3.46\pic18-lt\cxx-framework\src\traditional\math\fxd2424s.asm
                 D2424SOK   0x000aba    program     static E:\c18v3.46\pic18-lt\cxx-framework\src\traditional\math\fxd2424s.asm
                  D2424SX   0x000ad6    program     static E:\c18v3.46\pic18-lt\cxx-framework\src\traditional\math\fxd2424s.asm
                  DA2424S   0x000a9c    program     static E:\c18v3.46\pic18-lt\cxx-framework\src\traditional\math\fxd2424s.asm
                 FXD1616U   0x000bc2    program     extern E:\c18v3.46\pic18-lt\cxx-framework\src\traditional\math\fxd1616u.c
                 FXD2424S   0x000a86    program     extern E:\c18v3.46\pic18-lt\cxx-framework\src\traditional\math\fxd2424s.asm
                 FXD2424U   0x000b88    program     extern E:\c18v3.46\pic18-lt\cxx-framework\src\traditional\math\fxd2424u.c
                 FXM1616U   0x000ae0    program     extern E:\c18v3.46\pic18-lt\cxx-framework\src\traditional\math\fxm1616u.asm
      InterruptVectorHigh   0x000008    program     extern D:\PIC18\Project\Environmental-Monitoring-System\EM_System.X\Drivers\p18f4620_interrupt.c
       InterruptVectorLow   0x000018    program     extern D:\PIC18\Project\Environmental-Monitoring-System\EM_System.X\Drivers\p18f4620_interrupt.c
             MX_GPIO_INIT   0x000b6c    program     static D:\PIC18\Project\Environmental-Monitoring-System\EM_System.X\main.c
             MX_TIM3_INIT   0x000b70    program     static D:\PIC18\Project\Environmental-Monitoring-System\EM_System.X\main.c
          PIC_BUTTON_INIT   0x00083e    program     extern D:\PIC18\Project\Environmental-Monitoring-System\EM_System.X\Drivers\p18f4620_gpio.c
             PIC_EXT_INIT   0x00068a    program     extern D:\PIC18\Project\Environmental-Monitoring-System\EM_System.X\Drivers\p18f4620_interrupt.c
         PIC_GPIO_ReadPin   0x000976    program     extern D:\PIC18\Project\Environmental-Monitoring-System\EM_System.X\Drivers\p18f4620_gpio.c
             PIC_HIGH_ISR   0x000772    program     extern D:\PIC18\Project\Environmental-Monitoring-System\EM_System.X\Drivers\p18f4620_interrupt.c
       PIC_INTERRUPT_INIT   0x000682    program     extern D:\PIC18\Project\Environmental-Monitoring-System\EM_System.X\Drivers\p18f4620_interrupt.c
              PIC_LOW_ISR   0x000692    program     extern D:\PIC18\Project\Environmental-Monitoring-System\EM_System.X\Drivers\p18f4620_interrupt.c
          PIC_SCAN_BUTTON   0x000848    program     extern D:\PIC18\Project\Environmental-Monitoring-System\EM_System.X\Drivers\p18f4620_gpio.c
            PIC_TIM0_INIT   0x000050    program     extern D:\PIC18\Project\Environmental-Monitoring-System\EM_System.X\Drivers\p18f4620_tim.c
           PIC_TIM0_START   0x000112    program     extern D:\PIC18\Project\Environmental-Monitoring-System\EM_System.X\Drivers\p18f4620_tim.c
            PIC_TIM0_STOP   0x00019e    program     extern D:\PIC18\Project\Environmental-Monitoring-System\EM_System.X\Drivers\p18f4620_tim.c
            PIC_TIM1_INIT   0x0001a4    program     extern D:\PIC18\Project\Environmental-Monitoring-System\EM_System.X\Drivers\p18f4620_tim.c
           PIC_TIM1_START   0x00026c    program     extern D:\PIC18\Project\Environmental-Monitoring-System\EM_System.X\Drivers\p18f4620_tim.c
            PIC_TIM1_STOP   0x0002f8    program     extern D:\PIC18\Project\Environmental-Monitoring-System\EM_System.X\Drivers\p18f4620_tim.c
            PIC_TIM3_INIT   0x0002fe    program     extern D:\PIC18\Project\Environmental-Monitoring-System\EM_System.X\Drivers\p18f4620_tim.c
           PIC_TIM3_START   0x0003c2    program     extern D:\PIC18\Project\Environmental-Monitoring-System\EM_System.X\Drivers\p18f4620_tim.c
            PIC_TIM3_STOP   0x00044e    program     extern D:\PIC18\Project\Environmental-Monitoring-System\EM_System.X\Drivers\p18f4620_tim.c
            TIM0_CALLBACK   0x0001a2    program     extern D:\PIC18\Project\Environmental-Monitoring-System\EM_System.X\Drivers\p18f4620_tim.c
            TIM1_CALLBACK   0x0002fc    program     extern D:\PIC18\Project\Environmental-Monitoring-System\EM_System.X\Drivers\p18f4620_tim.c
            TIM3_CALLBACK   0x000b80    program     extern D:\PIC18\Project\Environmental-Monitoring-System\EM_System.X\main.c
       ___return_lbl00000   0x000bc0    program     static                          
       ___return_lbl00000   0x000bec    program     static                          
       ___return_lbl00000   0x000004    program     static                          
       ___return_lbl00001   0x000c28    program     static                          
       ___return_lbl00002   0x00001c    program     static                          
       ___return_lbl00002   0x000a84    program     static                          
       ___return_lbl00003   0x00000c    program     static                          
               __config_0   0x300001    program     static D:\PIC18\Project\Environmental-Monitoring-System\EM_System.X\main.c
               __config_1   0x300002    program     static D:\PIC18\Project\Environmental-Monitoring-System\EM_System.X\main.c
              __config_10   0x30000d    program     static D:\PIC18\Project\Environmental-Monitoring-System\EM_System.X\main.c
               __config_2   0x300003    program     static D:\PIC18\Project\Environmental-Monitoring-System\EM_System.X\main.c
               __config_3   0x300005    program     static D:\PIC18\Project\Environmental-Monitoring-System\EM_System.X\main.c
               __config_4   0x300006    program     static D:\PIC18\Project\Environmental-Monitoring-System\EM_System.X\main.c
               __config_5   0x300008    program     static D:\PIC18\Project\Environmental-Monitoring-System\EM_System.X\main.c
               __config_6   0x300009    program     static D:\PIC18\Project\Environmental-Monitoring-System\EM_System.X\main.c
               __config_7   0x30000a    program     static D:\PIC18\Project\Environmental-Monitoring-System\EM_System.X\main.c
               __config_8   0x30000b    program     static D:\PIC18\Project\Environmental-Monitoring-System\EM_System.X\main.c
               __config_9   0x30000c    program     static D:\PIC18\Project\Environmental-Monitoring-System\EM_System.X\main.c
                   __init   0x000006    program     extern E:\c18v3.46\pic18-lt\cxx-framework\src\traditional\stdclib\__init.c
            __zero_memory   0x000bee    program     extern E:\c18v3.46\pic18-lt\cxx-framework\src\traditional\proc\p18f4620.asm
                _do_cinit   0x0009e8    program     extern E:\c18v3.46\pic18-lt\cxx-framework\src\traditional\startup\c018i.c
                   _entry   0x000000    program     extern E:\c18v3.46\pic18-lt\cxx-framework\src\traditional\startup\c018i.c
                   _false   0x000bbc    program     static                          
                 _startup   0x000c0e    program     extern E:\c18v3.46\pic18-lt\cxx-framework\src\traditional\startup\c018i.c
                compare_l   0x000c04    program     static E:\c18v3.46\pic18-lt\cxx-framework\src\traditional\proc\p18f4620.asm
                copy_loop   0x000a5a    program     static                          
            copy_one_byte   0x000a60    program     static                          
                     done   0x000a84    program     static                          
             done_copying   0x000a6e    program     static                          
                  endloop   0x000be8    program     static                          
             is_Timer_Out   0x0005ea    program     extern D:\PIC18\Project\Environmental-Monitoring-System\EM_System.X\Timer\timer_software.c
                     loop   0x000bcc    program     static                          
                     loop   0x000c1e    program     static                          
                     loop   0x000b94    program     static                          
                   loop_h   0x000bfc    program     static E:\c18v3.46\pic18-lt\cxx-framework\src\traditional\proc\p18f4620.asm
                   loop_l   0x000c06    program     static E:\c18v3.46\pic18-lt\cxx-framework\src\traditional\proc\p18f4620.asm
                     main   0x000b1c    program     extern D:\PIC18\Project\Environmental-Monitoring-System\EM_System.X\main.c
                set_Timer   0x000532    program     extern D:\PIC18\Project\Environmental-Monitoring-System\EM_System.X\Timer\timer_software.c
                     test   0x000a02    program     static                          
                timer_Run   0x000452    program     extern D:\PIC18\Project\Environmental-Monitoring-System\EM_System.X\Timer\timer_software.c
               zero_block   0x000bfc    program     static E:\c18v3.46\pic18-lt\cxx-framework\src\traditional\proc\p18f4620.asm
                   ADCON0   0x000fc2       data     extern E:\c18v3.46\pic18-lt\cxx-framework\src\traditional\proc\p18f4620.asm
               ADCON0bits   0x000fc2       data     extern E:\c18v3.46\pic18-lt\cxx-framework\src\traditional\proc\p18f4620.asm
                   ADCON1   0x000fc1       data     extern E:\c18v3.46\pic18-lt\cxx-framework\src\traditional\proc\p18f4620.asm
               ADCON1bits   0x000fc1       data     extern E:\c18v3.46\pic18-lt\cxx-framework\src\traditional\proc\p18f4620.asm
                   ADCON2   0x000fc0       data     extern E:\c18v3.46\pic18-lt\cxx-framework\src\traditional\proc\p18f4620.asm
               ADCON2bits   0x000fc0       data     extern E:\c18v3.46\pic18-lt\cxx-framework\src\traditional\proc\p18f4620.asm
                    ADRES   0x000fc3       data     extern E:\c18v3.46\pic18-lt\cxx-framework\src\traditional\proc\p18f4620.asm
                   ADRESH   0x000fc4       data     extern E:\c18v3.46\pic18-lt\cxx-framework\src\traditional\proc\p18f4620.asm
                   ADRESL   0x000fc3       data     extern E:\c18v3.46\pic18-lt\cxx-framework\src\traditional\proc\p18f4620.asm
                  BAUDCON   0x000fb8       data     extern E:\c18v3.46\pic18-lt\cxx-framework\src\traditional\proc\p18f4620.asm
              BAUDCONbits   0x000fb8       data     extern E:\c18v3.46\pic18-lt\cxx-framework\src\traditional\proc\p18f4620.asm
                  BAUDCTL   0x000fb8       data     extern E:\c18v3.46\pic18-lt\cxx-framework\src\traditional\proc\p18f4620.asm
              BAUDCTLbits   0x000fb8       data     extern E:\c18v3.46\pic18-lt\cxx-framework\src\traditional\proc\p18f4620.asm
                      BSR   0x000fe0       data     extern E:\c18v3.46\pic18-lt\cxx-framework\src\traditional\proc\p18f4620.asm
                  CCP1CON   0x000fbd       data     extern E:\c18v3.46\pic18-lt\cxx-framework\src\traditional\proc\p18f4620.asm
              CCP1CONbits   0x000fbd       data     extern E:\c18v3.46\pic18-lt\cxx-framework\src\traditional\proc\p18f4620.asm
                  CCP2CON   0x000fba       data     extern E:\c18v3.46\pic18-lt\cxx-framework\src\traditional\proc\p18f4620.asm
              CCP2CONbits   0x000fba       data     extern E:\c18v3.46\pic18-lt\cxx-framework\src\traditional\proc\p18f4620.asm
                    CCPR1   0x000fbe       data     extern E:\c18v3.46\pic18-lt\cxx-framework\src\traditional\proc\p18f4620.asm
                   CCPR1H   0x000fbf       data     extern E:\c18v3.46\pic18-lt\cxx-framework\src\traditional\proc\p18f4620.asm
                   CCPR1L   0x000fbe       data     extern E:\c18v3.46\pic18-lt\cxx-framework\src\traditional\proc\p18f4620.asm
                    CCPR2   0x000fbb       data     extern E:\c18v3.46\pic18-lt\cxx-framework\src\traditional\proc\p18f4620.asm
                   CCPR2H   0x000fbc       data     extern E:\c18v3.46\pic18-lt\cxx-framework\src\traditional\proc\p18f4620.asm
                   CCPR2L   0x000fbb       data     extern E:\c18v3.46\pic18-lt\cxx-framework\src\traditional\proc\p18f4620.asm
                    CMCON   0x000fb4       data     extern E:\c18v3.46\pic18-lt\cxx-framework\src\traditional\proc\p18f4620.asm
                CMCONbits   0x000fb4       data     extern E:\c18v3.46\pic18-lt\cxx-framework\src\traditional\proc\p18f4620.asm
                   CVRCON   0x000fb5       data     extern E:\c18v3.46\pic18-lt\cxx-framework\src\traditional\proc\p18f4620.asm
               CVRCONbits   0x000fb5       data     extern E:\c18v3.46\pic18-lt\cxx-framework\src\traditional\proc\p18f4620.asm
                     DDRA   0x000f92       data     extern E:\c18v3.46\pic18-lt\cxx-framework\src\traditional\proc\p18f4620.asm
                 DDRAbits   0x000f92       data     extern E:\c18v3.46\pic18-lt\cxx-framework\src\traditional\proc\p18f4620.asm
                     DDRB   0x000f93       data     extern E:\c18v3.46\pic18-lt\cxx-framework\src\traditional\proc\p18f4620.asm
                 DDRBbits   0x000f93       data     extern E:\c18v3.46\pic18-lt\cxx-framework\src\traditional\proc\p18f4620.asm
                     DDRC   0x000f94       data     extern E:\c18v3.46\pic18-lt\cxx-framework\src\traditional\proc\p18f4620.asm
                 DDRCbits   0x000f94       data     extern E:\c18v3.46\pic18-lt\cxx-framework\src\traditional\proc\p18f4620.asm
                     DDRD   0x000f95       data     extern E:\c18v3.46\pic18-lt\cxx-framework\src\traditional\proc\p18f4620.asm
                 DDRDbits   0x000f95       data     extern E:\c18v3.46\pic18-lt\cxx-framework\src\traditional\proc\p18f4620.asm
                     DDRE   0x000f96       data     extern E:\c18v3.46\pic18-lt\cxx-framework\src\traditional\proc\p18f4620.asm
                 DDREbits   0x000f96       data     extern E:\c18v3.46\pic18-lt\cxx-framework\src\traditional\proc\p18f4620.asm
                  ECCP1AS   0x000fb6       data     extern E:\c18v3.46\pic18-lt\cxx-framework\src\traditional\proc\p18f4620.asm
              ECCP1ASbits   0x000fb6       data     extern E:\c18v3.46\pic18-lt\cxx-framework\src\traditional\proc\p18f4620.asm
                    EEADR   0x000fa9       data     extern E:\c18v3.46\pic18-lt\cxx-framework\src\traditional\proc\p18f4620.asm
                   EEADRH   0x000faa       data     extern E:\c18v3.46\pic18-lt\cxx-framework\src\traditional\proc\p18f4620.asm
                   EECON1   0x000fa6       data     extern E:\c18v3.46\pic18-lt\cxx-framework\src\traditional\proc\p18f4620.asm
               EECON1bits   0x000fa6       data     extern E:\c18v3.46\pic18-lt\cxx-framework\src\traditional\proc\p18f4620.asm
                   EECON2   0x000fa7       data     extern E:\c18v3.46\pic18-lt\cxx-framework\src\traditional\proc\p18f4620.asm
                   EEDATA   0x000fa8       data     extern E:\c18v3.46\pic18-lt\cxx-framework\src\traditional\proc\p18f4620.asm
                     FSR0   0x000fe9       data     extern E:\c18v3.46\pic18-lt\cxx-framework\src\traditional\proc\p18f4620.asm
                    FSR0H   0x000fea       data     extern E:\c18v3.46\pic18-lt\cxx-framework\src\traditional\proc\p18f4620.asm
                    FSR0L   0x000fe9       data     extern E:\c18v3.46\pic18-lt\cxx-framework\src\traditional\proc\p18f4620.asm
                     FSR1   0x000fe1       data     extern E:\c18v3.46\pic18-lt\cxx-framework\src\traditional\proc\p18f4620.asm
                    FSR1H   0x000fe2       data     extern E:\c18v3.46\pic18-lt\cxx-framework\src\traditional\proc\p18f4620.asm
                    FSR1L   0x000fe1       data     extern E:\c18v3.46\pic18-lt\cxx-framework\src\traditional\proc\p18f4620.asm
                     FSR2   0x000fd9       data     extern E:\c18v3.46\pic18-lt\cxx-framework\src\traditional\proc\p18f4620.asm
                    FSR2H   0x000fda       data     extern E:\c18v3.46\pic18-lt\cxx-framework\src\traditional\proc\p18f4620.asm
                    FSR2L   0x000fd9       data     extern E:\c18v3.46\pic18-lt\cxx-framework\src\traditional\proc\p18f4620.asm
                  HLVDCON   0x000fd2       data     extern E:\c18v3.46\pic18-lt\cxx-framework\src\traditional\proc\p18f4620.asm
              HLVDCONbits   0x000fd2       data     extern E:\c18v3.46\pic18-lt\cxx-framework\src\traditional\proc\p18f4620.asm
                    INDF0   0x000fef       data     extern E:\c18v3.46\pic18-lt\cxx-framework\src\traditional\proc\p18f4620.asm
                    INDF1   0x000fe7       data     extern E:\c18v3.46\pic18-lt\cxx-framework\src\traditional\proc\p18f4620.asm
                    INDF2   0x000fdf       data     extern E:\c18v3.46\pic18-lt\cxx-framework\src\traditional\proc\p18f4620.asm
                   INTCON   0x000ff2       data     extern E:\c18v3.46\pic18-lt\cxx-framework\src\traditional\proc\p18f4620.asm
                  INTCON2   0x000ff1       data     extern E:\c18v3.46\pic18-lt\cxx-framework\src\traditional\proc\p18f4620.asm
              INTCON2bits   0x000ff1       data     extern E:\c18v3.46\pic18-lt\cxx-framework\src\traditional\proc\p18f4620.asm
                  INTCON3   0x000ff0       data     extern E:\c18v3.46\pic18-lt\cxx-framework\src\traditional\proc\p18f4620.asm
              INTCON3bits   0x000ff0       data     extern E:\c18v3.46\pic18-lt\cxx-framework\src\traditional\proc\p18f4620.asm
               INTCONbits   0x000ff2       data     extern E:\c18v3.46\pic18-lt\cxx-framework\src\traditional\proc\p18f4620.asm
                     IPR1   0x000f9f       data     extern E:\c18v3.46\pic18-lt\cxx-framework\src\traditional\proc\p18f4620.asm
                 IPR1bits   0x000f9f       data     extern E:\c18v3.46\pic18-lt\cxx-framework\src\traditional\proc\p18f4620.asm
                     IPR2   0x000fa2       data     extern E:\c18v3.46\pic18-lt\cxx-framework\src\traditional\proc\p18f4620.asm
                 IPR2bits   0x000fa2       data     extern E:\c18v3.46\pic18-lt\cxx-framework\src\traditional\proc\p18f4620.asm
                     LATA   0x000f89       data     extern E:\c18v3.46\pic18-lt\cxx-framework\src\traditional\proc\p18f4620.asm
                 LATAbits   0x000f89       data     extern E:\c18v3.46\pic18-lt\cxx-framework\src\traditional\proc\p18f4620.asm
                     LATB   0x000f8a       data     extern E:\c18v3.46\pic18-lt\cxx-framework\src\traditional\proc\p18f4620.asm
                 LATBbits   0x000f8a       data     extern E:\c18v3.46\pic18-lt\cxx-framework\src\traditional\proc\p18f4620.asm
                     LATC   0x000f8b       data     extern E:\c18v3.46\pic18-lt\cxx-framework\src\traditional\proc\p18f4620.asm
                 LATCbits   0x000f8b       data     extern E:\c18v3.46\pic18-lt\cxx-framework\src\traditional\proc\p18f4620.asm
                     LATD   0x000f8c       data     extern E:\c18v3.46\pic18-lt\cxx-framework\src\traditional\proc\p18f4620.asm
                 LATDbits   0x000f8c       data     extern E:\c18v3.46\pic18-lt\cxx-framework\src\traditional\proc\p18f4620.asm
                     LATE   0x000f8d       data     extern E:\c18v3.46\pic18-lt\cxx-framework\src\traditional\proc\p18f4620.asm
                 LATEbits   0x000f8d       data     extern E:\c18v3.46\pic18-lt\cxx-framework\src\traditional\proc\p18f4620.asm
                   LVDCON   0x000fd2       data     extern E:\c18v3.46\pic18-lt\cxx-framework\src\traditional\proc\p18f4620.asm
               LVDCONbits   0x000fd2       data     extern E:\c18v3.46\pic18-lt\cxx-framework\src\traditional\proc\p18f4620.asm
                   OSCCON   0x000fd3       data     extern E:\c18v3.46\pic18-lt\cxx-framework\src\traditional\proc\p18f4620.asm
               OSCCONbits   0x000fd3       data     extern E:\c18v3.46\pic18-lt\cxx-framework\src\traditional\proc\p18f4620.asm
                  OSCTUNE   0x000f9b       data     extern E:\c18v3.46\pic18-lt\cxx-framework\src\traditional\proc\p18f4620.asm
              OSCTUNEbits   0x000f9b       data     extern E:\c18v3.46\pic18-lt\cxx-framework\src\traditional\proc\p18f4620.asm
                       PC   0x000ff9       data     extern E:\c18v3.46\pic18-lt\cxx-framework\src\traditional\proc\p18f4620.asm
                      PCL   0x000ff9       data     extern E:\c18v3.46\pic18-lt\cxx-framework\src\traditional\proc\p18f4620.asm
                   PCLATH   0x000ffa       data     extern E:\c18v3.46\pic18-lt\cxx-framework\src\traditional\proc\p18f4620.asm
                   PCLATU   0x000ffb       data     extern E:\c18v3.46\pic18-lt\cxx-framework\src\traditional\proc\p18f4620.asm
                 PIC_TIM0   0x000098       data     extern D:\PIC18\Project\Environmental-Monitoring-System\EM_System.X\Drivers\p18f4620_tim.c
                 PIC_TIM1   0x00009a       data     extern D:\PIC18\Project\Environmental-Monitoring-System\EM_System.X\Drivers\p18f4620_tim.c
                 PIC_TIM3   0x00009c       data     extern D:\PIC18\Project\Environmental-Monitoring-System\EM_System.X\Drivers\p18f4620_tim.c
                     PIE1   0x000f9d       data     extern E:\c18v3.46\pic18-lt\cxx-framework\src\traditional\proc\p18f4620.asm
                 PIE1bits   0x000f9d       data     extern E:\c18v3.46\pic18-lt\cxx-framework\src\traditional\proc\p18f4620.asm
                     PIE2   0x000fa0       data     extern E:\c18v3.46\pic18-lt\cxx-framework\src\traditional\proc\p18f4620.asm
                 PIE2bits   0x000fa0       data     extern E:\c18v3.46\pic18-lt\cxx-framework\src\traditional\proc\p18f4620.asm
                     PIR1   0x000f9e       data     extern E:\c18v3.46\pic18-lt\cxx-framework\src\traditional\proc\p18f4620.asm
                 PIR1bits   0x000f9e       data     extern E:\c18v3.46\pic18-lt\cxx-framework\src\traditional\proc\p18f4620.asm
                     PIR2   0x000fa1       data     extern E:\c18v3.46\pic18-lt\cxx-framework\src\traditional\proc\p18f4620.asm
                 PIR2bits   0x000fa1       data     extern E:\c18v3.46\pic18-lt\cxx-framework\src\traditional\proc\p18f4620.asm
                   PLUSW0   0x000feb       data     extern E:\c18v3.46\pic18-lt\cxx-framework\src\traditional\proc\p18f4620.asm
                   PLUSW1   0x000fe3       data     extern E:\c18v3.46\pic18-lt\cxx-framework\src\traditional\proc\p18f4620.asm
                   PLUSW2   0x000fdb       data     extern E:\c18v3.46\pic18-lt\cxx-framework\src\traditional\proc\p18f4620.asm
                    PORTA   0x000f80       data     extern E:\c18v3.46\pic18-lt\cxx-framework\src\traditional\proc\p18f4620.asm
                PORTAbits   0x000f80       data     extern E:\c18v3.46\pic18-lt\cxx-framework\src\traditional\proc\p18f4620.asm
                    PORTB   0x000f81       data     extern E:\c18v3.46\pic18-lt\cxx-framework\src\traditional\proc\p18f4620.asm
                PORTBbits   0x000f81       data     extern E:\c18v3.46\pic18-lt\cxx-framework\src\traditional\proc\p18f4620.asm
                    PORTC   0x000f82       data     extern E:\c18v3.46\pic18-lt\cxx-framework\src\traditional\proc\p18f4620.asm
                PORTCbits   0x000f82       data     extern E:\c18v3.46\pic18-lt\cxx-framework\src\traditional\proc\p18f4620.asm
                    PORTD   0x000f83       data     extern E:\c18v3.46\pic18-lt\cxx-framework\src\traditional\proc\p18f4620.asm
                PORTDbits   0x000f83       data     extern E:\c18v3.46\pic18-lt\cxx-framework\src\traditional\proc\p18f4620.asm
                    PORTE   0x000f84       data     extern E:\c18v3.46\pic18-lt\cxx-framework\src\traditional\proc\p18f4620.asm
                PORTEbits   0x000f84       data     extern E:\c18v3.46\pic18-lt\cxx-framework\src\traditional\proc\p18f4620.asm
                 POSTDEC0   0x000fed       data     extern E:\c18v3.46\pic18-lt\cxx-framework\src\traditional\proc\p18f4620.asm
                 POSTDEC1   0x000fe5       data     extern E:\c18v3.46\pic18-lt\cxx-framework\src\traditional\proc\p18f4620.asm
                 POSTDEC2   0x000fdd       data     extern E:\c18v3.46\pic18-lt\cxx-framework\src\traditional\proc\p18f4620.asm
                 POSTINC0   0x000fee       data     extern E:\c18v3.46\pic18-lt\cxx-framework\src\traditional\proc\p18f4620.asm
                 POSTINC1   0x000fe6       data     extern E:\c18v3.46\pic18-lt\cxx-framework\src\traditional\proc\p18f4620.asm
                 POSTINC2   0x000fde       data     extern E:\c18v3.46\pic18-lt\cxx-framework\src\traditional\proc\p18f4620.asm
                      PR2   0x000fcb       data     extern E:\c18v3.46\pic18-lt\cxx-framework\src\traditional\proc\p18f4620.asm
                  PREINC0   0x000fec       data     extern E:\c18v3.46\pic18-lt\cxx-framework\src\traditional\proc\p18f4620.asm
                  PREINC1   0x000fe4       data     extern E:\c18v3.46\pic18-lt\cxx-framework\src\traditional\proc\p18f4620.asm
                  PREINC2   0x000fdc       data     extern E:\c18v3.46\pic18-lt\cxx-framework\src\traditional\proc\p18f4620.asm
                     PROD   0x000ff3       data     extern E:\c18v3.46\pic18-lt\cxx-framework\src\traditional\proc\p18f4620.asm
                    PRODH   0x000ff4       data     extern E:\c18v3.46\pic18-lt\cxx-framework\src\traditional\proc\p18f4620.asm
                    PRODL   0x000ff3       data     extern E:\c18v3.46\pic18-lt\cxx-framework\src\traditional\proc\p18f4620.asm
                  PWM1CON   0x000fb7       data     extern E:\c18v3.46\pic18-lt\cxx-framework\src\traditional\proc\p18f4620.asm
              PWM1CONbits   0x000fb7       data     extern E:\c18v3.46\pic18-lt\cxx-framework\src\traditional\proc\p18f4620.asm
                     RCON   0x000fd0       data     extern E:\c18v3.46\pic18-lt\cxx-framework\src\traditional\proc\p18f4620.asm
                 RCONbits   0x000fd0       data     extern E:\c18v3.46\pic18-lt\cxx-framework\src\traditional\proc\p18f4620.asm
                    RCREG   0x000fae       data     extern E:\c18v3.46\pic18-lt\cxx-framework\src\traditional\proc\p18f4620.asm
                    RCSTA   0x000fab       data     extern E:\c18v3.46\pic18-lt\cxx-framework\src\traditional\proc\p18f4620.asm
                RCSTAbits   0x000fab       data     extern E:\c18v3.46\pic18-lt\cxx-framework\src\traditional\proc\p18f4620.asm
                     SIGN   0x000000       data     extern E:\c18v3.46\pic18-lt\cxx-framework\src\traditional\math\cmath18.asm
                    SPBRG   0x000faf       data     extern E:\c18v3.46\pic18-lt\cxx-framework\src\traditional\proc\p18f4620.asm
                   SPBRGH   0x000fb0       data     extern E:\c18v3.46\pic18-lt\cxx-framework\src\traditional\proc\p18f4620.asm
                   SSPADD   0x000fc8       data     extern E:\c18v3.46\pic18-lt\cxx-framework\src\traditional\proc\p18f4620.asm
                   SSPBUF   0x000fc9       data     extern E:\c18v3.46\pic18-lt\cxx-framework\src\traditional\proc\p18f4620.asm
                  SSPCON1   0x000fc6       data     extern E:\c18v3.46\pic18-lt\cxx-framework\src\traditional\proc\p18f4620.asm
              SSPCON1bits   0x000fc6       data     extern E:\c18v3.46\pic18-lt\cxx-framework\src\traditional\proc\p18f4620.asm
                  SSPCON2   0x000fc5       data     extern E:\c18v3.46\pic18-lt\cxx-framework\src\traditional\proc\p18f4620.asm
              SSPCON2bits   0x000fc5       data     extern E:\c18v3.46\pic18-lt\cxx-framework\src\traditional\proc\p18f4620.asm
                  SSPSTAT   0x000fc7       data     extern E:\c18v3.46\pic18-lt\cxx-framework\src\traditional\proc\p18f4620.asm
              SSPSTATbits   0x000fc7       data     extern E:\c18v3.46\pic18-lt\cxx-framework\src\traditional\proc\p18f4620.asm
                   STATUS   0x000fd8       data     extern E:\c18v3.46\pic18-lt\cxx-framework\src\traditional\proc\p18f4620.asm
               STATUSbits   0x000fd8       data     extern E:\c18v3.46\pic18-lt\cxx-framework\src\traditional\proc\p18f4620.asm
                   STKPTR   0x000ffc       data     extern E:\c18v3.46\pic18-lt\cxx-framework\src\traditional\proc\p18f4620.asm
               STKPTRbits   0x000ffc       data     extern E:\c18v3.46\pic18-lt\cxx-framework\src\traditional\proc\p18f4620.asm
                    T0CON   0x000fd5       data     extern E:\c18v3.46\pic18-lt\cxx-framework\src\traditional\proc\p18f4620.asm
                T0CONbits   0x000fd5       data     extern E:\c18v3.46\pic18-lt\cxx-framework\src\traditional\proc\p18f4620.asm
                    T1CON   0x000fcd       data     extern E:\c18v3.46\pic18-lt\cxx-framework\src\traditional\proc\p18f4620.asm
                T1CONbits   0x000fcd       data     extern E:\c18v3.46\pic18-lt\cxx-framework\src\traditional\proc\p18f4620.asm
                    T2CON   0x000fca       data     extern E:\c18v3.46\pic18-lt\cxx-framework\src\traditional\proc\p18f4620.asm
                T2CONbits   0x000fca       data     extern E:\c18v3.46\pic18-lt\cxx-framework\src\traditional\proc\p18f4620.asm
                    T3CON   0x000fb1       data     extern E:\c18v3.46\pic18-lt\cxx-framework\src\traditional\proc\p18f4620.asm
                T3CONbits   0x000fb1       data     extern E:\c18v3.46\pic18-lt\cxx-framework\src\traditional\proc\p18f4620.asm
                   TABLAT   0x000ff5       data     extern E:\c18v3.46\pic18-lt\cxx-framework\src\traditional\proc\p18f4620.asm
                   TBLPTR   0x000ff6       data     extern E:\c18v3.46\pic18-lt\cxx-framework\src\traditional\proc\p18f4620.asm
                  TBLPTRH   0x000ff7       data     extern E:\c18v3.46\pic18-lt\cxx-framework\src\traditional\proc\p18f4620.asm
                  TBLPTRL   0x000ff6       data     extern E:\c18v3.46\pic18-lt\cxx-framework\src\traditional\proc\p18f4620.asm
                  TBLPTRU   0x000ff8       data     extern E:\c18v3.46\pic18-lt\cxx-framework\src\traditional\proc\p18f4620.asm
                     TIM0   0x00009e       data     extern D:\PIC18\Project\Environmental-Monitoring-System\EM_System.X\Drivers\p18f4620_tim.c
                     TIM1   0x0000a0       data     extern D:\PIC18\Project\Environmental-Monitoring-System\EM_System.X\Drivers\p18f4620_tim.c
                     TIM3   0x0000a2       data     extern D:\PIC18\Project\Environmental-Monitoring-System\EM_System.X\Drivers\p18f4620_tim.c
                    TMR0H   0x000fd7       data     extern E:\c18v3.46\pic18-lt\cxx-framework\src\traditional\proc\p18f4620.asm
                    TMR0L   0x000fd6       data     extern E:\c18v3.46\pic18-lt\cxx-framework\src\traditional\proc\p18f4620.asm
                    TMR1H   0x000fcf       data     extern E:\c18v3.46\pic18-lt\cxx-framework\src\traditional\proc\p18f4620.asm
                    TMR1L   0x000fce       data     extern E:\c18v3.46\pic18-lt\cxx-framework\src\traditional\proc\p18f4620.asm
                     TMR2   0x000fcc       data     extern E:\c18v3.46\pic18-lt\cxx-framework\src\traditional\proc\p18f4620.asm
                    TMR3H   0x000fb3       data     extern E:\c18v3.46\pic18-lt\cxx-framework\src\traditional\proc\p18f4620.asm
                    TMR3L   0x000fb2       data     extern E:\c18v3.46\pic18-lt\cxx-framework\src\traditional\proc\p18f4620.asm
                      TOS   0x000ffd       data     extern E:\c18v3.46\pic18-lt\cxx-framework\src\traditional\proc\p18f4620.asm
                     TOSH   0x000ffe       data     extern E:\c18v3.46\pic18-lt\cxx-framework\src\traditional\proc\p18f4620.asm
                     TOSL   0x000ffd       data     extern E:\c18v3.46\pic18-lt\cxx-framework\src\traditional\proc\p18f4620.asm
                     TOSU   0x000fff       data     extern E:\c18v3.46\pic18-lt\cxx-framework\src\traditional\proc\p18f4620.asm
                    TRISA   0x000f92       data     extern E:\c18v3.46\pic18-lt\cxx-framework\src\traditional\proc\p18f4620.asm
                TRISAbits   0x000f92       data     extern E:\c18v3.46\pic18-lt\cxx-framework\src\traditional\proc\p18f4620.asm
                    TRISB   0x000f93       data     extern E:\c18v3.46\pic18-lt\cxx-framework\src\traditional\proc\p18f4620.asm
                TRISBbits   0x000f93       data     extern E:\c18v3.46\pic18-lt\cxx-framework\src\traditional\proc\p18f4620.asm
                    TRISC   0x000f94       data     extern E:\c18v3.46\pic18-lt\cxx-framework\src\traditional\proc\p18f4620.asm
                TRISCbits   0x000f94       data     extern E:\c18v3.46\pic18-lt\cxx-framework\src\traditional\proc\p18f4620.asm
                    TRISD   0x000f95       data     extern E:\c18v3.46\pic18-lt\cxx-framework\src\traditional\proc\p18f4620.asm
                TRISDbits   0x000f95       data     extern E:\c18v3.46\pic18-lt\cxx-framework\src\traditional\proc\p18f4620.asm
                    TRISE   0x000f96       data     extern E:\c18v3.46\pic18-lt\cxx-framework\src\traditional\proc\p18f4620.asm
                TRISEbits   0x000f96       data     extern E:\c18v3.46\pic18-lt\cxx-framework\src\traditional\proc\p18f4620.asm
                    TXREG   0x000fad       data     extern E:\c18v3.46\pic18-lt\cxx-framework\src\traditional\proc\p18f4620.asm
                    TXSTA   0x000fac       data     extern E:\c18v3.46\pic18-lt\cxx-framework\src\traditional\proc\p18f4620.asm
                TXSTAbits   0x000fac       data     extern E:\c18v3.46\pic18-lt\cxx-framework\src\traditional\proc\p18f4620.asm
                        W   0x000fe8       data     extern E:\c18v3.46\pic18-lt\cxx-framework\src\traditional\proc\p18f4620.asm
                   WDTCON   0x000fd1       data     extern E:\c18v3.46\pic18-lt\cxx-framework\src\traditional\proc\p18f4620.asm
               WDTCONbits   0x000fd1       data     extern E:\c18v3.46\pic18-lt\cxx-framework\src\traditional\proc\p18f4620.asm
                     WREG   0x000fe8       data     extern E:\c18v3.46\pic18-lt\cxx-framework\src\traditional\proc\p18f4620.asm
                 __AARGB0   0x000009       data     extern E:\c18v3.46\pic18-lt\cxx-framework\src\traditional\math\aarg.asm
                 __AARGB1   0x000008       data     extern E:\c18v3.46\pic18-lt\cxx-framework\src\traditional\math\aarg.asm
                 __AARGB2   0x000007       data     extern E:\c18v3.46\pic18-lt\cxx-framework\src\traditional\math\aarg.asm
                 __AARGB3   0x000006       data     extern E:\c18v3.46\pic18-lt\cxx-framework\src\traditional\math\aarg.asm
                 __AARGB4   0x000005       data     extern E:\c18v3.46\pic18-lt\cxx-framework\src\traditional\math\aarg.asm
                 __AARGB5   0x000004       data     extern E:\c18v3.46\pic18-lt\cxx-framework\src\traditional\math\aarg.asm
                 __AARGB6   0x000003       data     extern E:\c18v3.46\pic18-lt\cxx-framework\src\traditional\math\aarg.asm
                 __AARGB7   0x000002       data     extern E:\c18v3.46\pic18-lt\cxx-framework\src\traditional\math\aarg.asm
                   __AEXP   0x00000a       data     extern E:\c18v3.46\pic18-lt\cxx-framework\src\traditional\math\aarg.asm
                 __BARGB0   0x00000e       data     extern E:\c18v3.46\pic18-lt\cxx-framework\src\traditional\math\barg.asm
                 __BARGB1   0x00000d       data     extern E:\c18v3.46\pic18-lt\cxx-framework\src\traditional\math\barg.asm
                 __BARGB2   0x00000c       data     extern E:\c18v3.46\pic18-lt\cxx-framework\src\traditional\math\barg.asm
                 __BARGB3   0x00000b       data     extern E:\c18v3.46\pic18-lt\cxx-framework\src\traditional\math\barg.asm
                   __BEXP   0x00000f       data     extern E:\c18v3.46\pic18-lt\cxx-framework\src\traditional\math\barg.asm
                __FPFLAGS   0x000001       data     extern E:\c18v3.46\pic18-lt\cxx-framework\src\traditional\math\cmath18.asm
            __FPFLAGSbits   0x000001       data     extern E:\c18v3.46\pic18-lt\cxx-framework\src\traditional\math\cmath18.asm
                  __REMB0   0x000005       data     extern E:\c18v3.46\pic18-lt\cxx-framework\src\traditional\math\aarg.asm
                  __REMB1   0x000004       data     extern E:\c18v3.46\pic18-lt\cxx-framework\src\traditional\math\aarg.asm
                  __REMB2   0x000003       data     extern E:\c18v3.46\pic18-lt\cxx-framework\src\traditional\math\aarg.asm
                  __REMB3   0x000002       data     extern E:\c18v3.46\pic18-lt\cxx-framework\src\traditional\math\aarg.asm
                   __TEMP   0x000013       data     extern E:\c18v3.46\pic18-lt\cxx-framework\src\traditional\math\temparg.asm
                 __TEMPB0   0x000013       data     extern E:\c18v3.46\pic18-lt\cxx-framework\src\traditional\math\temparg.asm
                 __TEMPB1   0x000012       data     extern E:\c18v3.46\pic18-lt\cxx-framework\src\traditional\math\temparg.asm
                 __TEMPB2   0x000011       data     extern E:\c18v3.46\pic18-lt\cxx-framework\src\traditional\math\temparg.asm
                 __TEMPB3   0x000010       data     extern E:\c18v3.46\pic18-lt\cxx-framework\src\traditional\math\temparg.asm
                  __tmp_0   0x000014       data     static D:\PIC18\Project\Environmental-Monitoring-System\EM_System.X\Drivers\p18f4620_gpio.c
                  __tmp_0   0x000014       data     static D:\PIC18\Project\Environmental-Monitoring-System\EM_System.X\Timer\timer_software.c
                  __tmp_0   0x000014       data     static D:\PIC18\Project\Environmental-Monitoring-System\EM_System.X\Drivers\p18f4620_tim.c
                  __tmp_0   0x000014       data     static D:\PIC18\Project\Environmental-Monitoring-System\EM_System.X\main.c
               button_res   0x000088       data     extern D:\PIC18\Project\Environmental-Monitoring-System\EM_System.X\Drivers\p18f4620_gpio.c
                  counter   0x0000b6       data     extern D:\PIC18\Project\Environmental-Monitoring-System\EM_System.X\Timer\timer_software.c
                curr_byte   0x0000a7       data     static E:\c18v3.46\pic18-lt\cxx-framework\src\traditional\startup\c018i.c
               curr_entry   0x0000a9       data     static E:\c18v3.46\pic18-lt\cxx-framework\src\traditional\startup\c018i.c
                 data_ptr   0x0000ab       data     static E:\c18v3.46\pic18-lt\cxx-framework\src\traditional\startup\c018i.c
                     flag   0x0000b4       data     extern D:\PIC18\Project\Environmental-Monitoring-System\EM_System.X\Timer\timer_software.c
                        i   0x0000ae       data     extern D:\PIC18\Project\Environmental-Monitoring-System\EM_System.X\main.c
                     mask   0x0000b0       data     extern D:\PIC18\Project\Environmental-Monitoring-System\EM_System.X\main.c
                     prom   0x0000a4       data     static E:\c18v3.46\pic18-lt\cxx-framework\src\traditional\startup\c018i.c
               scan_input   0x000084       data     extern D:\PIC18\Project\Environmental-Monitoring-System\EM_System.X\Drivers\p18f4620_gpio.c
              scan_output   0x000080       data     extern D:\PIC18\Project\Environmental-Monitoring-System\EM_System.X\Drivers\p18f4620_gpio.c



                              Symbols - Sorted by Address
                     Name    Address   Location    Storage File                     
                ---------  ---------  ---------  --------- ---------                
                   _entry   0x000000    program     extern E:\c18v3.46\pic18-lt\cxx-framework\src\traditional\startup\c018i.c
       ___return_lbl00000   0x000004    program     static                          
                   __init   0x000006    program     extern E:\c18v3.46\pic18-lt\cxx-framework\src\traditional\stdclib\__init.c
      InterruptVectorHigh   0x000008    program     extern D:\PIC18\Project\Environmental-Monitoring-System\EM_System.X\Drivers\p18f4620_interrupt.c
       ___return_lbl00003   0x00000c    program     static                          
       InterruptVectorLow   0x000018    program     extern D:\PIC18\Project\Environmental-Monitoring-System\EM_System.X\Drivers\p18f4620_interrupt.c
       ___return_lbl00002   0x00001c    program     static                          
            PIC_TIM0_INIT   0x000050    program     extern D:\PIC18\Project\Environmental-Monitoring-System\EM_System.X\Drivers\p18f4620_tim.c
           PIC_TIM0_START   0x000112    program     extern D:\PIC18\Project\Environmental-Monitoring-System\EM_System.X\Drivers\p18f4620_tim.c
            PIC_TIM0_STOP   0x00019e    program     extern D:\PIC18\Project\Environmental-Monitoring-System\EM_System.X\Drivers\p18f4620_tim.c
            TIM0_CALLBACK   0x0001a2    program     extern D:\PIC18\Project\Environmental-Monitoring-System\EM_System.X\Drivers\p18f4620_tim.c
            PIC_TIM1_INIT   0x0001a4    program     extern D:\PIC18\Project\Environmental-Monitoring-System\EM_System.X\Drivers\p18f4620_tim.c
           PIC_TIM1_START   0x00026c    program     extern D:\PIC18\Project\Environmental-Monitoring-System\EM_System.X\Drivers\p18f4620_tim.c
            PIC_TIM1_STOP   0x0002f8    program     extern D:\PIC18\Project\Environmental-Monitoring-System\EM_System.X\Drivers\p18f4620_tim.c
            TIM1_CALLBACK   0x0002fc    program     extern D:\PIC18\Project\Environmental-Monitoring-System\EM_System.X\Drivers\p18f4620_tim.c
            PIC_TIM3_INIT   0x0002fe    program     extern D:\PIC18\Project\Environmental-Monitoring-System\EM_System.X\Drivers\p18f4620_tim.c
           PIC_TIM3_START   0x0003c2    program     extern D:\PIC18\Project\Environmental-Monitoring-System\EM_System.X\Drivers\p18f4620_tim.c
            PIC_TIM3_STOP   0x00044e    program     extern D:\PIC18\Project\Environmental-Monitoring-System\EM_System.X\Drivers\p18f4620_tim.c
                timer_Run   0x000452    program     extern D:\PIC18\Project\Environmental-Monitoring-System\EM_System.X\Timer\timer_software.c
                set_Timer   0x000532    program     extern D:\PIC18\Project\Environmental-Monitoring-System\EM_System.X\Timer\timer_software.c
             is_Timer_Out   0x0005ea    program     extern D:\PIC18\Project\Environmental-Monitoring-System\EM_System.X\Timer\timer_software.c
       PIC_INTERRUPT_INIT   0x000682    program     extern D:\PIC18\Project\Environmental-Monitoring-System\EM_System.X\Drivers\p18f4620_interrupt.c
             PIC_EXT_INIT   0x00068a    program     extern D:\PIC18\Project\Environmental-Monitoring-System\EM_System.X\Drivers\p18f4620_interrupt.c
              PIC_LOW_ISR   0x000692    program     extern D:\PIC18\Project\Environmental-Monitoring-System\EM_System.X\Drivers\p18f4620_interrupt.c
             PIC_HIGH_ISR   0x000772    program     extern D:\PIC18\Project\Environmental-Monitoring-System\EM_System.X\Drivers\p18f4620_interrupt.c
          PIC_BUTTON_INIT   0x00083e    program     extern D:\PIC18\Project\Environmental-Monitoring-System\EM_System.X\Drivers\p18f4620_gpio.c
          PIC_SCAN_BUTTON   0x000848    program     extern D:\PIC18\Project\Environmental-Monitoring-System\EM_System.X\Drivers\p18f4620_gpio.c
         PIC_GPIO_ReadPin   0x000976    program     extern D:\PIC18\Project\Environmental-Monitoring-System\EM_System.X\Drivers\p18f4620_gpio.c
                _do_cinit   0x0009e8    program     extern E:\c18v3.46\pic18-lt\cxx-framework\src\traditional\startup\c018i.c
                     test   0x000a02    program     static                          
                copy_loop   0x000a5a    program     static                          
            copy_one_byte   0x000a60    program     static                          
             done_copying   0x000a6e    program     static                          
                     done   0x000a84    program     static                          
       ___return_lbl00002   0x000a84    program     static                          
                 FXD2424S   0x000a86    program     extern E:\c18v3.46\pic18-lt\cxx-framework\src\traditional\math\fxd2424s.asm
                  DA2424S   0x000a9c    program     static E:\c18v3.46\pic18-lt\cxx-framework\src\traditional\math\fxd2424s.asm
                   D2424S   0x000ab0    program     static E:\c18v3.46\pic18-lt\cxx-framework\src\traditional\math\fxd2424s.asm
                 D2424SOK   0x000aba    program     static E:\c18v3.46\pic18-lt\cxx-framework\src\traditional\math\fxd2424s.asm
                D2424SNEG   0x000abe    program     static E:\c18v3.46\pic18-lt\cxx-framework\src\traditional\math\fxd2424s.asm
                  D2424SX   0x000ad6    program     static E:\c18v3.46\pic18-lt\cxx-framework\src\traditional\math\fxd2424s.asm
                 FXM1616U   0x000ae0    program     extern E:\c18v3.46\pic18-lt\cxx-framework\src\traditional\math\fxm1616u.asm
                     main   0x000b1c    program     extern D:\PIC18\Project\Environmental-Monitoring-System\EM_System.X\main.c
             MX_GPIO_INIT   0x000b6c    program     static D:\PIC18\Project\Environmental-Monitoring-System\EM_System.X\main.c
             MX_TIM3_INIT   0x000b70    program     static D:\PIC18\Project\Environmental-Monitoring-System\EM_System.X\main.c
            TIM3_CALLBACK   0x000b80    program     extern D:\PIC18\Project\Environmental-Monitoring-System\EM_System.X\main.c
                 FXD2424U   0x000b88    program     extern E:\c18v3.46\pic18-lt\cxx-framework\src\traditional\math\fxd2424u.c
                     loop   0x000b94    program     static                          
                   _false   0x000bbc    program     static                          
       ___return_lbl00000   0x000bc0    program     static                          
                 FXD1616U   0x000bc2    program     extern E:\c18v3.46\pic18-lt\cxx-framework\src\traditional\math\fxd1616u.c
                     loop   0x000bcc    program     static                          
                  endloop   0x000be8    program     static                          
       ___return_lbl00000   0x000bec    program     static                          
            __zero_memory   0x000bee    program     extern E:\c18v3.46\pic18-lt\cxx-framework\src\traditional\proc\p18f4620.asm
                   loop_h   0x000bfc    program     static E:\c18v3.46\pic18-lt\cxx-framework\src\traditional\proc\p18f4620.asm
               zero_block   0x000bfc    program     static E:\c18v3.46\pic18-lt\cxx-framework\src\traditional\proc\p18f4620.asm
                compare_l   0x000c04    program     static E:\c18v3.46\pic18-lt\cxx-framework\src\traditional\proc\p18f4620.asm
                   loop_l   0x000c06    program     static E:\c18v3.46\pic18-lt\cxx-framework\src\traditional\proc\p18f4620.asm
                 _startup   0x000c0e    program     extern E:\c18v3.46\pic18-lt\cxx-framework\src\traditional\startup\c018i.c
                     loop   0x000c1e    program     static                          
       ___return_lbl00001   0x000c28    program     static                          
               __config_0   0x300001    program     static D:\PIC18\Project\Environmental-Monitoring-System\EM_System.X\main.c
               __config_1   0x300002    program     static D:\PIC18\Project\Environmental-Monitoring-System\EM_System.X\main.c
               __config_2   0x300003    program     static D:\PIC18\Project\Environmental-Monitoring-System\EM_System.X\main.c
               __config_3   0x300005    program     static D:\PIC18\Project\Environmental-Monitoring-System\EM_System.X\main.c
               __config_4   0x300006    program     static D:\PIC18\Project\Environmental-Monitoring-System\EM_System.X\main.c
               __config_5   0x300008    program     static D:\PIC18\Project\Environmental-Monitoring-System\EM_System.X\main.c
               __config_6   0x300009    program     static D:\PIC18\Project\Environmental-Monitoring-System\EM_System.X\main.c
               __config_7   0x30000a    program     static D:\PIC18\Project\Environmental-Monitoring-System\EM_System.X\main.c
               __config_8   0x30000b    program     static D:\PIC18\Project\Environmental-Monitoring-System\EM_System.X\main.c
               __config_9   0x30000c    program     static D:\PIC18\Project\Environmental-Monitoring-System\EM_System.X\main.c
              __config_10   0x30000d    program     static D:\PIC18\Project\Environmental-Monitoring-System\EM_System.X\main.c
                     SIGN   0x000000       data     extern E:\c18v3.46\pic18-lt\cxx-framework\src\traditional\math\cmath18.asm
            __FPFLAGSbits   0x000001       data     extern E:\c18v3.46\pic18-lt\cxx-framework\src\traditional\math\cmath18.asm
                __FPFLAGS   0x000001       data     extern E:\c18v3.46\pic18-lt\cxx-framework\src\traditional\math\cmath18.asm
                  __REMB3   0x000002       data     extern E:\c18v3.46\pic18-lt\cxx-framework\src\traditional\math\aarg.asm
                 __AARGB7   0x000002       data     extern E:\c18v3.46\pic18-lt\cxx-framework\src\traditional\math\aarg.asm
                 __AARGB6   0x000003       data     extern E:\c18v3.46\pic18-lt\cxx-framework\src\traditional\math\aarg.asm
                  __REMB2   0x000003       data     extern E:\c18v3.46\pic18-lt\cxx-framework\src\traditional\math\aarg.asm
                 __AARGB5   0x000004       data     extern E:\c18v3.46\pic18-lt\cxx-framework\src\traditional\math\aarg.asm
                  __REMB1   0x000004       data     extern E:\c18v3.46\pic18-lt\cxx-framework\src\traditional\math\aarg.asm
                 __AARGB4   0x000005       data     extern E:\c18v3.46\pic18-lt\cxx-framework\src\traditional\math\aarg.asm
                  __REMB0   0x000005       data     extern E:\c18v3.46\pic18-lt\cxx-framework\src\traditional\math\aarg.asm
                 __AARGB3   0x000006       data     extern E:\c18v3.46\pic18-lt\cxx-framework\src\traditional\math\aarg.asm
                 __AARGB2   0x000007       data     extern E:\c18v3.46\pic18-lt\cxx-framework\src\traditional\math\aarg.asm
                 __AARGB1   0x000008       data     extern E:\c18v3.46\pic18-lt\cxx-framework\src\traditional\math\aarg.asm
                 __AARGB0   0x000009       data     extern E:\c18v3.46\pic18-lt\cxx-framework\src\traditional\math\aarg.asm
                   __AEXP   0x00000a       data     extern E:\c18v3.46\pic18-lt\cxx-framework\src\traditional\math\aarg.asm
                 __BARGB3   0x00000b       data     extern E:\c18v3.46\pic18-lt\cxx-framework\src\traditional\math\barg.asm
                 __BARGB2   0x00000c       data     extern E:\c18v3.46\pic18-lt\cxx-framework\src\traditional\math\barg.asm
                 __BARGB1   0x00000d       data     extern E:\c18v3.46\pic18-lt\cxx-framework\src\traditional\math\barg.asm
                 __BARGB0   0x00000e       data     extern E:\c18v3.46\pic18-lt\cxx-framework\src\traditional\math\barg.asm
                   __BEXP   0x00000f       data     extern E:\c18v3.46\pic18-lt\cxx-framework\src\traditional\math\barg.asm
                 __TEMPB3   0x000010       data     extern E:\c18v3.46\pic18-lt\cxx-framework\src\traditional\math\temparg.asm
                 __TEMPB2   0x000011       data     extern E:\c18v3.46\pic18-lt\cxx-framework\src\traditional\math\temparg.asm
                 __TEMPB1   0x000012       data     extern E:\c18v3.46\pic18-lt\cxx-framework\src\traditional\math\temparg.asm
                 __TEMPB0   0x000013       data     extern E:\c18v3.46\pic18-lt\cxx-framework\src\traditional\math\temparg.asm
                   __TEMP   0x000013       data     extern E:\c18v3.46\pic18-lt\cxx-framework\src\traditional\math\temparg.asm
                  __tmp_0   0x000014       data     static D:\PIC18\Project\Environmental-Monitoring-System\EM_System.X\Drivers\p18f4620_tim.c
                  __tmp_0   0x000014       data     static D:\PIC18\Project\Environmental-Monitoring-System\EM_System.X\main.c
                  __tmp_0   0x000014       data     static D:\PIC18\Project\Environmental-Monitoring-System\EM_System.X\Timer\timer_software.c
                  __tmp_0   0x000014       data     static D:\PIC18\Project\Environmental-Monitoring-System\EM_System.X\Drivers\p18f4620_gpio.c
              scan_output   0x000080       data     extern D:\PIC18\Project\Environmental-Monitoring-System\EM_System.X\Drivers\p18f4620_gpio.c
               scan_input   0x000084       data     extern D:\PIC18\Project\Environmental-Monitoring-System\EM_System.X\Drivers\p18f4620_gpio.c
               button_res   0x000088       data     extern D:\PIC18\Project\Environmental-Monitoring-System\EM_System.X\Drivers\p18f4620_gpio.c
                 PIC_TIM0   0x000098       data     extern D:\PIC18\Project\Environmental-Monitoring-System\EM_System.X\Drivers\p18f4620_tim.c
                 PIC_TIM1   0x00009a       data     extern D:\PIC18\Project\Environmental-Monitoring-System\EM_System.X\Drivers\p18f4620_tim.c
                 PIC_TIM3   0x00009c       data     extern D:\PIC18\Project\Environmental-Monitoring-System\EM_System.X\Drivers\p18f4620_tim.c
                     TIM0   0x00009e       data     extern D:\PIC18\Project\Environmental-Monitoring-System\EM_System.X\Drivers\p18f4620_tim.c
                     TIM1   0x0000a0       data     extern D:\PIC18\Project\Environmental-Monitoring-System\EM_System.X\Drivers\p18f4620_tim.c
                     TIM3   0x0000a2       data     extern D:\PIC18\Project\Environmental-Monitoring-System\EM_System.X\Drivers\p18f4620_tim.c
                     prom   0x0000a4       data     static E:\c18v3.46\pic18-lt\cxx-framework\src\traditional\startup\c018i.c
                curr_byte   0x0000a7       data     static E:\c18v3.46\pic18-lt\cxx-framework\src\traditional\startup\c018i.c
               curr_entry   0x0000a9       data     static E:\c18v3.46\pic18-lt\cxx-framework\src\traditional\startup\c018i.c
                 data_ptr   0x0000ab       data     static E:\c18v3.46\pic18-lt\cxx-framework\src\traditional\startup\c018i.c
                        i   0x0000ae       data     extern D:\PIC18\Project\Environmental-Monitoring-System\EM_System.X\main.c
                     mask   0x0000b0       data     extern D:\PIC18\Project\Environmental-Monitoring-System\EM_System.X\main.c
                     flag   0x0000b4       data     extern D:\PIC18\Project\Environmental-Monitoring-System\EM_System.X\Timer\timer_software.c
                  counter   0x0000b6       data     extern D:\PIC18\Project\Environmental-Monitoring-System\EM_System.X\Timer\timer_software.c
                    PORTA   0x000f80       data     extern E:\c18v3.46\pic18-lt\cxx-framework\src\traditional\proc\p18f4620.asm
                PORTAbits   0x000f80       data     extern E:\c18v3.46\pic18-lt\cxx-framework\src\traditional\proc\p18f4620.asm
                PORTBbits   0x000f81       data     extern E:\c18v3.46\pic18-lt\cxx-framework\src\traditional\proc\p18f4620.asm
                    PORTB   0x000f81       data     extern E:\c18v3.46\pic18-lt\cxx-framework\src\traditional\proc\p18f4620.asm
                    PORTC   0x000f82       data     extern E:\c18v3.46\pic18-lt\cxx-framework\src\traditional\proc\p18f4620.asm
                PORTCbits   0x000f82       data     extern E:\c18v3.46\pic18-lt\cxx-framework\src\traditional\proc\p18f4620.asm
                    PORTD   0x000f83       data     extern E:\c18v3.46\pic18-lt\cxx-framework\src\traditional\proc\p18f4620.asm
                PORTDbits   0x000f83       data     extern E:\c18v3.46\pic18-lt\cxx-framework\src\traditional\proc\p18f4620.asm
                    PORTE   0x000f84       data     extern E:\c18v3.46\pic18-lt\cxx-framework\src\traditional\proc\p18f4620.asm
                PORTEbits   0x000f84       data     extern E:\c18v3.46\pic18-lt\cxx-framework\src\traditional\proc\p18f4620.asm
                     LATA   0x000f89       data     extern E:\c18v3.46\pic18-lt\cxx-framework\src\traditional\proc\p18f4620.asm
                 LATAbits   0x000f89       data     extern E:\c18v3.46\pic18-lt\cxx-framework\src\traditional\proc\p18f4620.asm
                 LATBbits   0x000f8a       data     extern E:\c18v3.46\pic18-lt\cxx-framework\src\traditional\proc\p18f4620.asm
                     LATB   0x000f8a       data     extern E:\c18v3.46\pic18-lt\cxx-framework\src\traditional\proc\p18f4620.asm
                 LATCbits   0x000f8b       data     extern E:\c18v3.46\pic18-lt\cxx-framework\src\traditional\proc\p18f4620.asm
                     LATC   0x000f8b       data     extern E:\c18v3.46\pic18-lt\cxx-framework\src\traditional\proc\p18f4620.asm
                 LATDbits   0x000f8c       data     extern E:\c18v3.46\pic18-lt\cxx-framework\src\traditional\proc\p18f4620.asm
                     LATD   0x000f8c       data     extern E:\c18v3.46\pic18-lt\cxx-framework\src\traditional\proc\p18f4620.asm
                 LATEbits   0x000f8d       data     extern E:\c18v3.46\pic18-lt\cxx-framework\src\traditional\proc\p18f4620.asm
                     LATE   0x000f8d       data     extern E:\c18v3.46\pic18-lt\cxx-framework\src\traditional\proc\p18f4620.asm
                TRISAbits   0x000f92       data     extern E:\c18v3.46\pic18-lt\cxx-framework\src\traditional\proc\p18f4620.asm
                    TRISA   0x000f92       data     extern E:\c18v3.46\pic18-lt\cxx-framework\src\traditional\proc\p18f4620.asm
                     DDRA   0x000f92       data     extern E:\c18v3.46\pic18-lt\cxx-framework\src\traditional\proc\p18f4620.asm
                 DDRAbits   0x000f92       data     extern E:\c18v3.46\pic18-lt\cxx-framework\src\traditional\proc\p18f4620.asm
                    TRISB   0x000f93       data     extern E:\c18v3.46\pic18-lt\cxx-framework\src\traditional\proc\p18f4620.asm
                TRISBbits   0x000f93       data     extern E:\c18v3.46\pic18-lt\cxx-framework\src\traditional\proc\p18f4620.asm
                     DDRB   0x000f93       data     extern E:\c18v3.46\pic18-lt\cxx-framework\src\traditional\proc\p18f4620.asm
                 DDRBbits   0x000f93       data     extern E:\c18v3.46\pic18-lt\cxx-framework\src\traditional\proc\p18f4620.asm
                TRISCbits   0x000f94       data     extern E:\c18v3.46\pic18-lt\cxx-framework\src\traditional\proc\p18f4620.asm
                 DDRCbits   0x000f94       data     extern E:\c18v3.46\pic18-lt\cxx-framework\src\traditional\proc\p18f4620.asm
                     DDRC   0x000f94       data     extern E:\c18v3.46\pic18-lt\cxx-framework\src\traditional\proc\p18f4620.asm
                    TRISC   0x000f94       data     extern E:\c18v3.46\pic18-lt\cxx-framework\src\traditional\proc\p18f4620.asm
                     DDRD   0x000f95       data     extern E:\c18v3.46\pic18-lt\cxx-framework\src\traditional\proc\p18f4620.asm
                 DDRDbits   0x000f95       data     extern E:\c18v3.46\pic18-lt\cxx-framework\src\traditional\proc\p18f4620.asm
                    TRISD   0x000f95       data     extern E:\c18v3.46\pic18-lt\cxx-framework\src\traditional\proc\p18f4620.asm
                TRISDbits   0x000f95       data     extern E:\c18v3.46\pic18-lt\cxx-framework\src\traditional\proc\p18f4620.asm
                TRISEbits   0x000f96       data     extern E:\c18v3.46\pic18-lt\cxx-framework\src\traditional\proc\p18f4620.asm
                    TRISE   0x000f96       data     extern E:\c18v3.46\pic18-lt\cxx-framework\src\traditional\proc\p18f4620.asm
                     DDRE   0x000f96       data     extern E:\c18v3.46\pic18-lt\cxx-framework\src\traditional\proc\p18f4620.asm
                 DDREbits   0x000f96       data     extern E:\c18v3.46\pic18-lt\cxx-framework\src\traditional\proc\p18f4620.asm
              OSCTUNEbits   0x000f9b       data     extern E:\c18v3.46\pic18-lt\cxx-framework\src\traditional\proc\p18f4620.asm
                  OSCTUNE   0x000f9b       data     extern E:\c18v3.46\pic18-lt\cxx-framework\src\traditional\proc\p18f4620.asm
                     PIE1   0x000f9d       data     extern E:\c18v3.46\pic18-lt\cxx-framework\src\traditional\proc\p18f4620.asm
                 PIE1bits   0x000f9d       data     extern E:\c18v3.46\pic18-lt\cxx-framework\src\traditional\proc\p18f4620.asm
                 PIR1bits   0x000f9e       data     extern E:\c18v3.46\pic18-lt\cxx-framework\src\traditional\proc\p18f4620.asm
                     PIR1   0x000f9e       data     extern E:\c18v3.46\pic18-lt\cxx-framework\src\traditional\proc\p18f4620.asm
                 IPR1bits   0x000f9f       data     extern E:\c18v3.46\pic18-lt\cxx-framework\src\traditional\proc\p18f4620.asm
                     IPR1   0x000f9f       data     extern E:\c18v3.46\pic18-lt\cxx-framework\src\traditional\proc\p18f4620.asm
                 PIE2bits   0x000fa0       data     extern E:\c18v3.46\pic18-lt\cxx-framework\src\traditional\proc\p18f4620.asm
                     PIE2   0x000fa0       data     extern E:\c18v3.46\pic18-lt\cxx-framework\src\traditional\proc\p18f4620.asm
                     PIR2   0x000fa1       data     extern E:\c18v3.46\pic18-lt\cxx-framework\src\traditional\proc\p18f4620.asm
                 PIR2bits   0x000fa1       data     extern E:\c18v3.46\pic18-lt\cxx-framework\src\traditional\proc\p18f4620.asm
                     IPR2   0x000fa2       data     extern E:\c18v3.46\pic18-lt\cxx-framework\src\traditional\proc\p18f4620.asm
                 IPR2bits   0x000fa2       data     extern E:\c18v3.46\pic18-lt\cxx-framework\src\traditional\proc\p18f4620.asm
                   EECON1   0x000fa6       data     extern E:\c18v3.46\pic18-lt\cxx-framework\src\traditional\proc\p18f4620.asm
               EECON1bits   0x000fa6       data     extern E:\c18v3.46\pic18-lt\cxx-framework\src\traditional\proc\p18f4620.asm
                   EECON2   0x000fa7       data     extern E:\c18v3.46\pic18-lt\cxx-framework\src\traditional\proc\p18f4620.asm
                   EEDATA   0x000fa8       data     extern E:\c18v3.46\pic18-lt\cxx-framework\src\traditional\proc\p18f4620.asm
                    EEADR   0x000fa9       data     extern E:\c18v3.46\pic18-lt\cxx-framework\src\traditional\proc\p18f4620.asm
                   EEADRH   0x000faa       data     extern E:\c18v3.46\pic18-lt\cxx-framework\src\traditional\proc\p18f4620.asm
                    RCSTA   0x000fab       data     extern E:\c18v3.46\pic18-lt\cxx-framework\src\traditional\proc\p18f4620.asm
                RCSTAbits   0x000fab       data     extern E:\c18v3.46\pic18-lt\cxx-framework\src\traditional\proc\p18f4620.asm
                    TXSTA   0x000fac       data     extern E:\c18v3.46\pic18-lt\cxx-framework\src\traditional\proc\p18f4620.asm
                TXSTAbits   0x000fac       data     extern E:\c18v3.46\pic18-lt\cxx-framework\src\traditional\proc\p18f4620.asm
                    TXREG   0x000fad       data     extern E:\c18v3.46\pic18-lt\cxx-framework\src\traditional\proc\p18f4620.asm
                    RCREG   0x000fae       data     extern E:\c18v3.46\pic18-lt\cxx-framework\src\traditional\proc\p18f4620.asm
                    SPBRG   0x000faf       data     extern E:\c18v3.46\pic18-lt\cxx-framework\src\traditional\proc\p18f4620.asm
                   SPBRGH   0x000fb0       data     extern E:\c18v3.46\pic18-lt\cxx-framework\src\traditional\proc\p18f4620.asm
                T3CONbits   0x000fb1       data     extern E:\c18v3.46\pic18-lt\cxx-framework\src\traditional\proc\p18f4620.asm
                    T3CON   0x000fb1       data     extern E:\c18v3.46\pic18-lt\cxx-framework\src\traditional\proc\p18f4620.asm
                    TMR3L   0x000fb2       data     extern E:\c18v3.46\pic18-lt\cxx-framework\src\traditional\proc\p18f4620.asm
                    TMR3H   0x000fb3       data     extern E:\c18v3.46\pic18-lt\cxx-framework\src\traditional\proc\p18f4620.asm
                CMCONbits   0x000fb4       data     extern E:\c18v3.46\pic18-lt\cxx-framework\src\traditional\proc\p18f4620.asm
                    CMCON   0x000fb4       data     extern E:\c18v3.46\pic18-lt\cxx-framework\src\traditional\proc\p18f4620.asm
               CVRCONbits   0x000fb5       data     extern E:\c18v3.46\pic18-lt\cxx-framework\src\traditional\proc\p18f4620.asm
                   CVRCON   0x000fb5       data     extern E:\c18v3.46\pic18-lt\cxx-framework\src\traditional\proc\p18f4620.asm
              ECCP1ASbits   0x000fb6       data     extern E:\c18v3.46\pic18-lt\cxx-framework\src\traditional\proc\p18f4620.asm
                  ECCP1AS   0x000fb6       data     extern E:\c18v3.46\pic18-lt\cxx-framework\src\traditional\proc\p18f4620.asm
              PWM1CONbits   0x000fb7       data     extern E:\c18v3.46\pic18-lt\cxx-framework\src\traditional\proc\p18f4620.asm
                  PWM1CON   0x000fb7       data     extern E:\c18v3.46\pic18-lt\cxx-framework\src\traditional\proc\p18f4620.asm
                  BAUDCON   0x000fb8       data     extern E:\c18v3.46\pic18-lt\cxx-framework\src\traditional\proc\p18f4620.asm
              BAUDCONbits   0x000fb8       data     extern E:\c18v3.46\pic18-lt\cxx-framework\src\traditional\proc\p18f4620.asm
                  BAUDCTL   0x000fb8       data     extern E:\c18v3.46\pic18-lt\cxx-framework\src\traditional\proc\p18f4620.asm
              BAUDCTLbits   0x000fb8       data     extern E:\c18v3.46\pic18-lt\cxx-framework\src\traditional\proc\p18f4620.asm
              CCP2CONbits   0x000fba       data     extern E:\c18v3.46\pic18-lt\cxx-framework\src\traditional\proc\p18f4620.asm
                  CCP2CON   0x000fba       data     extern E:\c18v3.46\pic18-lt\cxx-framework\src\traditional\proc\p18f4620.asm
                    CCPR2   0x000fbb       data     extern E:\c18v3.46\pic18-lt\cxx-framework\src\traditional\proc\p18f4620.asm
                   CCPR2L   0x000fbb       data     extern E:\c18v3.46\pic18-lt\cxx-framework\src\traditional\proc\p18f4620.asm
                   CCPR2H   0x000fbc       data     extern E:\c18v3.46\pic18-lt\cxx-framework\src\traditional\proc\p18f4620.asm
                  CCP1CON   0x000fbd       data     extern E:\c18v3.46\pic18-lt\cxx-framework\src\traditional\proc\p18f4620.asm
              CCP1CONbits   0x000fbd       data     extern E:\c18v3.46\pic18-lt\cxx-framework\src\traditional\proc\p18f4620.asm
                   CCPR1L   0x000fbe       data     extern E:\c18v3.46\pic18-lt\cxx-framework\src\traditional\proc\p18f4620.asm
                    CCPR1   0x000fbe       data     extern E:\c18v3.46\pic18-lt\cxx-framework\src\traditional\proc\p18f4620.asm
                   CCPR1H   0x000fbf       data     extern E:\c18v3.46\pic18-lt\cxx-framework\src\traditional\proc\p18f4620.asm
               ADCON2bits   0x000fc0       data     extern E:\c18v3.46\pic18-lt\cxx-framework\src\traditional\proc\p18f4620.asm
                   ADCON2   0x000fc0       data     extern E:\c18v3.46\pic18-lt\cxx-framework\src\traditional\proc\p18f4620.asm
               ADCON1bits   0x000fc1       data     extern E:\c18v3.46\pic18-lt\cxx-framework\src\traditional\proc\p18f4620.asm
                   ADCON1   0x000fc1       data     extern E:\c18v3.46\pic18-lt\cxx-framework\src\traditional\proc\p18f4620.asm
                   ADCON0   0x000fc2       data     extern E:\c18v3.46\pic18-lt\cxx-framework\src\traditional\proc\p18f4620.asm
               ADCON0bits   0x000fc2       data     extern E:\c18v3.46\pic18-lt\cxx-framework\src\traditional\proc\p18f4620.asm
                    ADRES   0x000fc3       data     extern E:\c18v3.46\pic18-lt\cxx-framework\src\traditional\proc\p18f4620.asm
                   ADRESL   0x000fc3       data     extern E:\c18v3.46\pic18-lt\cxx-framework\src\traditional\proc\p18f4620.asm
                   ADRESH   0x000fc4       data     extern E:\c18v3.46\pic18-lt\cxx-framework\src\traditional\proc\p18f4620.asm
                  SSPCON2   0x000fc5       data     extern E:\c18v3.46\pic18-lt\cxx-framework\src\traditional\proc\p18f4620.asm
              SSPCON2bits   0x000fc5       data     extern E:\c18v3.46\pic18-lt\cxx-framework\src\traditional\proc\p18f4620.asm
                  SSPCON1   0x000fc6       data     extern E:\c18v3.46\pic18-lt\cxx-framework\src\traditional\proc\p18f4620.asm
              SSPCON1bits   0x000fc6       data     extern E:\c18v3.46\pic18-lt\cxx-framework\src\traditional\proc\p18f4620.asm
              SSPSTATbits   0x000fc7       data     extern E:\c18v3.46\pic18-lt\cxx-framework\src\traditional\proc\p18f4620.asm
                  SSPSTAT   0x000fc7       data     extern E:\c18v3.46\pic18-lt\cxx-framework\src\traditional\proc\p18f4620.asm
                   SSPADD   0x000fc8       data     extern E:\c18v3.46\pic18-lt\cxx-framework\src\traditional\proc\p18f4620.asm
                   SSPBUF   0x000fc9       data     extern E:\c18v3.46\pic18-lt\cxx-framework\src\traditional\proc\p18f4620.asm
                    T2CON   0x000fca       data     extern E:\c18v3.46\pic18-lt\cxx-framework\src\traditional\proc\p18f4620.asm
                T2CONbits   0x000fca       data     extern E:\c18v3.46\pic18-lt\cxx-framework\src\traditional\proc\p18f4620.asm
                      PR2   0x000fcb       data     extern E:\c18v3.46\pic18-lt\cxx-framework\src\traditional\proc\p18f4620.asm
                     TMR2   0x000fcc       data     extern E:\c18v3.46\pic18-lt\cxx-framework\src\traditional\proc\p18f4620.asm
                T1CONbits   0x000fcd       data     extern E:\c18v3.46\pic18-lt\cxx-framework\src\traditional\proc\p18f4620.asm
                    T1CON   0x000fcd       data     extern E:\c18v3.46\pic18-lt\cxx-framework\src\traditional\proc\p18f4620.asm
                    TMR1L   0x000fce       data     extern E:\c18v3.46\pic18-lt\cxx-framework\src\traditional\proc\p18f4620.asm
                    TMR1H   0x000fcf       data     extern E:\c18v3.46\pic18-lt\cxx-framework\src\traditional\proc\p18f4620.asm
                     RCON   0x000fd0       data     extern E:\c18v3.46\pic18-lt\cxx-framework\src\traditional\proc\p18f4620.asm
                 RCONbits   0x000fd0       data     extern E:\c18v3.46\pic18-lt\cxx-framework\src\traditional\proc\p18f4620.asm
                   WDTCON   0x000fd1       data     extern E:\c18v3.46\pic18-lt\cxx-framework\src\traditional\proc\p18f4620.asm
               WDTCONbits   0x000fd1       data     extern E:\c18v3.46\pic18-lt\cxx-framework\src\traditional\proc\p18f4620.asm
                  HLVDCON   0x000fd2       data     extern E:\c18v3.46\pic18-lt\cxx-framework\src\traditional\proc\p18f4620.asm
              HLVDCONbits   0x000fd2       data     extern E:\c18v3.46\pic18-lt\cxx-framework\src\traditional\proc\p18f4620.asm
                   LVDCON   0x000fd2       data     extern E:\c18v3.46\pic18-lt\cxx-framework\src\traditional\proc\p18f4620.asm
               LVDCONbits   0x000fd2       data     extern E:\c18v3.46\pic18-lt\cxx-framework\src\traditional\proc\p18f4620.asm
                   OSCCON   0x000fd3       data     extern E:\c18v3.46\pic18-lt\cxx-framework\src\traditional\proc\p18f4620.asm
               OSCCONbits   0x000fd3       data     extern E:\c18v3.46\pic18-lt\cxx-framework\src\traditional\proc\p18f4620.asm
                    T0CON   0x000fd5       data     extern E:\c18v3.46\pic18-lt\cxx-framework\src\traditional\proc\p18f4620.asm
                T0CONbits   0x000fd5       data     extern E:\c18v3.46\pic18-lt\cxx-framework\src\traditional\proc\p18f4620.asm
                    TMR0L   0x000fd6       data     extern E:\c18v3.46\pic18-lt\cxx-framework\src\traditional\proc\p18f4620.asm
                    TMR0H   0x000fd7       data     extern E:\c18v3.46\pic18-lt\cxx-framework\src\traditional\proc\p18f4620.asm
                   STATUS   0x000fd8       data     extern E:\c18v3.46\pic18-lt\cxx-framework\src\traditional\proc\p18f4620.asm
               STATUSbits   0x000fd8       data     extern E:\c18v3.46\pic18-lt\cxx-framework\src\traditional\proc\p18f4620.asm
                    FSR2L   0x000fd9       data     extern E:\c18v3.46\pic18-lt\cxx-framework\src\traditional\proc\p18f4620.asm
                     FSR2   0x000fd9       data     extern E:\c18v3.46\pic18-lt\cxx-framework\src\traditional\proc\p18f4620.asm
                    FSR2H   0x000fda       data     extern E:\c18v3.46\pic18-lt\cxx-framework\src\traditional\proc\p18f4620.asm
                   PLUSW2   0x000fdb       data     extern E:\c18v3.46\pic18-lt\cxx-framework\src\traditional\proc\p18f4620.asm
                  PREINC2   0x000fdc       data     extern E:\c18v3.46\pic18-lt\cxx-framework\src\traditional\proc\p18f4620.asm
                 POSTDEC2   0x000fdd       data     extern E:\c18v3.46\pic18-lt\cxx-framework\src\traditional\proc\p18f4620.asm
                 POSTINC2   0x000fde       data     extern E:\c18v3.46\pic18-lt\cxx-framework\src\traditional\proc\p18f4620.asm
                    INDF2   0x000fdf       data     extern E:\c18v3.46\pic18-lt\cxx-framework\src\traditional\proc\p18f4620.asm
                      BSR   0x000fe0       data     extern E:\c18v3.46\pic18-lt\cxx-framework\src\traditional\proc\p18f4620.asm
                    FSR1L   0x000fe1       data     extern E:\c18v3.46\pic18-lt\cxx-framework\src\traditional\proc\p18f4620.asm
                     FSR1   0x000fe1       data     extern E:\c18v3.46\pic18-lt\cxx-framework\src\traditional\proc\p18f4620.asm
                    FSR1H   0x000fe2       data     extern E:\c18v3.46\pic18-lt\cxx-framework\src\traditional\proc\p18f4620.asm
                   PLUSW1   0x000fe3       data     extern E:\c18v3.46\pic18-lt\cxx-framework\src\traditional\proc\p18f4620.asm
                  PREINC1   0x000fe4       data     extern E:\c18v3.46\pic18-lt\cxx-framework\src\traditional\proc\p18f4620.asm
                 POSTDEC1   0x000fe5       data     extern E:\c18v3.46\pic18-lt\cxx-framework\src\traditional\proc\p18f4620.asm
                 POSTINC1   0x000fe6       data     extern E:\c18v3.46\pic18-lt\cxx-framework\src\traditional\proc\p18f4620.asm
                    INDF1   0x000fe7       data     extern E:\c18v3.46\pic18-lt\cxx-framework\src\traditional\proc\p18f4620.asm
                     WREG   0x000fe8       data     extern E:\c18v3.46\pic18-lt\cxx-framework\src\traditional\proc\p18f4620.asm
                        W   0x000fe8       data     extern E:\c18v3.46\pic18-lt\cxx-framework\src\traditional\proc\p18f4620.asm
                     FSR0   0x000fe9       data     extern E:\c18v3.46\pic18-lt\cxx-framework\src\traditional\proc\p18f4620.asm
                    FSR0L   0x000fe9       data     extern E:\c18v3.46\pic18-lt\cxx-framework\src\traditional\proc\p18f4620.asm
                    FSR0H   0x000fea       data     extern E:\c18v3.46\pic18-lt\cxx-framework\src\traditional\proc\p18f4620.asm
                   PLUSW0   0x000feb       data     extern E:\c18v3.46\pic18-lt\cxx-framework\src\traditional\proc\p18f4620.asm
                  PREINC0   0x000fec       data     extern E:\c18v3.46\pic18-lt\cxx-framework\src\traditional\proc\p18f4620.asm
                 POSTDEC0   0x000fed       data     extern E:\c18v3.46\pic18-lt\cxx-framework\src\traditional\proc\p18f4620.asm
                 POSTINC0   0x000fee       data     extern E:\c18v3.46\pic18-lt\cxx-framework\src\traditional\proc\p18f4620.asm
                    INDF0   0x000fef       data     extern E:\c18v3.46\pic18-lt\cxx-framework\src\traditional\proc\p18f4620.asm
              INTCON3bits   0x000ff0       data     extern E:\c18v3.46\pic18-lt\cxx-framework\src\traditional\proc\p18f4620.asm
                  INTCON3   0x000ff0       data     extern E:\c18v3.46\pic18-lt\cxx-framework\src\traditional\proc\p18f4620.asm
              INTCON2bits   0x000ff1       data     extern E:\c18v3.46\pic18-lt\cxx-framework\src\traditional\proc\p18f4620.asm
                  INTCON2   0x000ff1       data     extern E:\c18v3.46\pic18-lt\cxx-framework\src\traditional\proc\p18f4620.asm
               INTCONbits   0x000ff2       data     extern E:\c18v3.46\pic18-lt\cxx-framework\src\traditional\proc\p18f4620.asm
                   INTCON   0x000ff2       data     extern E:\c18v3.46\pic18-lt\cxx-framework\src\traditional\proc\p18f4620.asm
                    PRODL   0x000ff3       data     extern E:\c18v3.46\pic18-lt\cxx-framework\src\traditional\proc\p18f4620.asm
                     PROD   0x000ff3       data     extern E:\c18v3.46\pic18-lt\cxx-framework\src\traditional\proc\p18f4620.asm
                    PRODH   0x000ff4       data     extern E:\c18v3.46\pic18-lt\cxx-framework\src\traditional\proc\p18f4620.asm
                   TABLAT   0x000ff5       data     extern E:\c18v3.46\pic18-lt\cxx-framework\src\traditional\proc\p18f4620.asm
                   TBLPTR   0x000ff6       data     extern E:\c18v3.46\pic18-lt\cxx-framework\src\traditional\proc\p18f4620.asm
                  TBLPTRL   0x000ff6       data     extern E:\c18v3.46\pic18-lt\cxx-framework\src\traditional\proc\p18f4620.asm
                  TBLPTRH   0x000ff7       data     extern E:\c18v3.46\pic18-lt\cxx-framework\src\traditional\proc\p18f4620.asm
                  TBLPTRU   0x000ff8       data     extern E:\c18v3.46\pic18-lt\cxx-framework\src\traditional\proc\p18f4620.asm
                       PC   0x000ff9       data     extern E:\c18v3.46\pic18-lt\cxx-framework\src\traditional\proc\p18f4620.asm
                      PCL   0x000ff9       data     extern E:\c18v3.46\pic18-lt\cxx-framework\src\traditional\proc\p18f4620.asm
                   PCLATH   0x000ffa       data     extern E:\c18v3.46\pic18-lt\cxx-framework\src\traditional\proc\p18f4620.asm
                   PCLATU   0x000ffb       data     extern E:\c18v3.46\pic18-lt\cxx-framework\src\traditional\proc\p18f4620.asm
               STKPTRbits   0x000ffc       data     extern E:\c18v3.46\pic18-lt\cxx-framework\src\traditional\proc\p18f4620.asm
                   STKPTR   0x000ffc       data     extern E:\c18v3.46\pic18-lt\cxx-framework\src\traditional\proc\p18f4620.asm
                      TOS   0x000ffd       data     extern E:\c18v3.46\pic18-lt\cxx-framework\src\traditional\proc\p18f4620.asm
                     TOSL   0x000ffd       data     extern E:\c18v3.46\pic18-lt\cxx-framework\src\traditional\proc\p18f4620.asm
                     TOSH   0x000ffe       data     extern E:\c18v3.46\pic18-lt\cxx-framework\src\traditional\proc\p18f4620.asm
                     TOSU   0x000fff       data     extern E:\c18v3.46\pic18-lt\cxx-framework\src\traditional\proc\p18f4620.asm


