MPLINK 4.48, Linker
Linker Map File - Created Thu Dec 15 21:58:03 2022

                                 Section Info
                  Section       Type    Address   Location Size(Bytes)
                ---------  ---------  ---------  ---------  ---------
               _entry_scn       code   0x000000    program   0x000006
           .code___init.o       code   0x000006    program   0x000002
      InterruptVectorHigh       code   0x000008    program   0x000006
      .romdata_fxd1616u.o    romdata   0x00000e    program   0x000000
  .romdata_p18f4620_adc.o    romdata   0x00000e    program   0x000000
  .romdata_p18f4620_pwm.o    romdata   0x00000e    program   0x000000
        .romdata_button.o    romdata   0x00000e    program   0x000000
  .romdata_p18f4620_led.o    romdata   0x00000e    program   0x000000
          .romdata_main.o    romdata   0x00000e    program   0x000000
.romdata_timer_software.o    romdata   0x00000e    program   0x000000
           .romdata_led.o    romdata   0x00000e    program   0x000000
    .romdata_menu_alert.o    romdata   0x00000e    program   0x000000
        .romdata_sensor.o    romdata   0x00000e    program   0x000000
        .romdata_buzzer.o    romdata   0x00000e    program   0x000000
          .idata_uart.o_i    romdata   0x00000e    program   0x000006
          .romdata_uart.o    romdata   0x00000e    program   0x000000
      .romdata_menu_set.o    romdata   0x00000e    program   0x000000
     .romdata_main_menu.o    romdata   0x00000e    program   0x000000
    .romdata_menu_value.o    romdata   0x00000e    program   0x000000
     .romdata_threshold.o    romdata   0x00000e    program   0x000000
      .romdata_menu_var.o    romdata   0x00000e    program   0x000000
 .romdata_p18f4620_uart.o    romdata   0x00000e    program   0x000000
      .romdata_fxd2424u.o    romdata   0x00000e    program   0x000000
         .romdata_c018i.o    romdata   0x00000e    program   0x000000
.romdata_p18f4620_interrupt.o    romdata   0x00000e    program   0x000000
  .romdata_p18f4620_lcd.o    romdata   0x00000e    program   0x000000
       .romdata_fxm3232.o    romdata   0x00000e    program   0x000000
  .romdata_p18f4620_tim.o    romdata   0x00000e    program   0x000000
      .romdata_fxd3232u.o    romdata   0x00000e    program   0x000000
 .romdata_p18f4620_gpio.o    romdata   0x00000e    program   0x000000
        .romdata___init.o    romdata   0x00000e    program   0x000000
 .idata_p18f4620_uart.o_i    romdata   0x000014    program   0x000001
.idata_p18f4620_interrupt.o_i    romdata   0x000015    program   0x000000
  .idata_p18f4620_led.o_i    romdata   0x000015    program   0x000000
     .idata_main_menu.o_i    romdata   0x000015    program   0x000002
  .idata_p18f4620_pwm.o_i    romdata   0x000015    program   0x000000
        .idata___init.o_i    romdata   0x000017    program   0x000000
         .idata_c018i.o_i    romdata   0x000017    program   0x000000
       .idata_fxm3232.o_i    romdata   0x000017    program   0x000000
          .idata_main.o_i    romdata   0x000017    program   0x000000
      .idata_fxd3232u.o_i    romdata   0x000017    program   0x000000
      .idata_fxd1616u.o_i    romdata   0x000017    program   0x000000
      .idata_fxd2424u.o_i    romdata   0x000017    program   0x000000
       InterruptVectorLow       code   0x000018    program   0x000006
            .code_c018i.o       code   0x000018    program   0x000000
         .code_menu_var.o       code   0x000018    program   0x000000
                   .cinit    romdata   0x00001e    program   0x0000ce
     .code_p18f4620_lcd.o       code   0x0000ec    program   0x000f3c
           .code_sensor.o       code   0x001028    program   0x000b96
             .code_uart.o       code   0x001bbe    program   0x000684
    .code_p18f4620_uart.o       code   0x002242    program   0x000538
        .code_threshold.o       code   0x00277a    program   0x00044a
       .code_menu_value.o       code   0x002bc4    program   0x000426
     .code_p18f4620_tim.o       code   0x002fea    program   0x000402
           .code_button.o       code   0x0033ec    program   0x000378
       .code_menu_alert.o       code   0x003764    program   0x000336
         .code_menu_set.o       code   0x003a9a    program   0x00024e
   .code_timer_software.o       code   0x003ce8    program   0x000230
.code_p18f4620_interrupt.o       code   0x003f18    program   0x0001d0
    .code_p18f4620_gpio.o       code   0x0040e8    program   0x0001ae
             .stringtable    romdata   0x004296    program   0x00015c
                     PROG       code   0x0043f2    program   0x00014a
        .code_main_menu.o       code   0x00453c    program   0x0000f4
           .code_buzzer.o       code   0x004630    program   0x0000ec
              .code_led.o       code   0x00471c    program   0x0000e2
               _cinit_scn       code   0x0047fe    program   0x00009e
     .code_p18f4620_adc.o       code   0x00489c    program   0x00008c
          .code_fxm3232.o       code   0x004928    program   0x000070
     .code_p18f4620_led.o       code   0x004998    program   0x000068
             .code_main.o       code   0x004a00    program   0x000064
         .code_fxd3232u.o       code   0x004a64    program   0x000048
         .code_fxd2424u.o       code   0x004aac    program   0x00003a
     .code_p18f4620_pwm.o       code   0x004ae6    program   0x000036
         .code_fxd1616u.o       code   0x004b1c    program   0x00002c
                    .code       code   0x004b48    program   0x000020
             _startup_scn       code   0x004b68    program   0x00001c
.idata_timer_software.o_i    romdata   0x004b84    program   0x000010
     .idata_threshold.o_i    romdata   0x004b94    program   0x00001e
        .idata_sensor.o_i    romdata   0x004bb2    program   0x000064
  .idata_p18f4620_tim.o_i    romdata   0x004c16    program   0x00000c
  .idata_p18f4620_lcd.o_i    romdata   0x004c22    program   0x000024
 .idata_p18f4620_gpio.o_i    romdata   0x004c46    program   0x000014
  .idata_p18f4620_adc.o_i    romdata   0x004c5a    program   0x00001a
      .idata_menu_var.o_i    romdata   0x004c74    program   0x00003e
    .idata_menu_value.o_i    romdata   0x004cb2    program   0x000004
      .idata_menu_set.o_i    romdata   0x004cb6    program   0x000004
    .idata_menu_alert.o_i    romdata   0x004cba    program   0x000012
           .idata_led.o_i    romdata   0x004ccc    program   0x000004
        .idata_buzzer.o_i    romdata   0x004cd0    program   0x000004
        .idata_button.o_i    romdata   0x004cd4    program   0x000048
    .config_300001_main.o    romdata   0x300001    program   0x000001
    .config_300002_main.o    romdata   0x300002    program   0x000001
    .config_300003_main.o    romdata   0x300003    program   0x000001
    .config_300005_main.o    romdata   0x300005    program   0x000001
    .config_300006_main.o    romdata   0x300006    program   0x000001
    .config_300008_main.o    romdata   0x300008    program   0x000001
    .config_300009_main.o    romdata   0x300009    program   0x000001
    .config_30000a_main.o    romdata   0x30000a    program   0x000001
    .config_30000b_main.o    romdata   0x30000b    program   0x000001
    .config_30000c_main.o    romdata   0x30000c    program   0x000001
    .config_30000d_main.o    romdata   0x30000d    program   0x000001
                 .tmpdata      udata   0x000000       data   0x000018
                MATH_DATA      udata   0x000018       data   0x000014
          .idata_sensor.o      idata   0x000080       data   0x000064
    .idata_p18f4620_adc.o      idata   0x0000e4       data   0x00001a
       .idata_main_menu.o      idata   0x0000fe       data   0x000002
          .udata_sensor.o      udata   0x000100       data   0x0000bc
        .idata_menu_var.o      idata   0x0001bc       data   0x00003e
            .idata_uart.o      idata   0x0001fa       data   0x000006
       .idata_threshold.o      idata   0x000200       data   0x00001e
      .idata_menu_alert.o      idata   0x00021e       data   0x000012
  .idata_timer_software.o      idata   0x000230       data   0x000010
    .idata_p18f4620_tim.o      idata   0x000240       data   0x00000c
           .udata_c018i.o      udata   0x00024c       data   0x00000a
      .idata_menu_value.o      idata   0x000256       data   0x000004
        .idata_menu_set.o      idata   0x00025a       data   0x000004
             .idata_led.o      idata   0x00025e       data   0x000004
          .idata_buzzer.o      idata   0x000262       data   0x000004
   .idata_p18f4620_uart.o      idata   0x000266       data   0x000001
          .udata_buzzer.o      udata   0x000267       data   0x000000
      .udata_menu_alert.o      udata   0x000267       data   0x000000
             .udata_led.o      udata   0x000267       data   0x000000
            .udata_main.o      udata   0x000267       data   0x000000
            .idata_main.o      idata   0x000267       data   0x000000
          .udata_button.o      udata   0x000267       data   0x000000
        .udata_fxd1616u.o      udata   0x000267       data   0x000000
        .idata_fxd1616u.o      idata   0x000267       data   0x000000
        .udata_fxd2424u.o      udata   0x000267       data   0x000000
        .idata_fxd2424u.o      idata   0x000267       data   0x000000
        .udata_fxd3232u.o      udata   0x000267       data   0x000000
        .idata_fxd3232u.o      idata   0x000267       data   0x000000
         .udata_fxm3232.o      udata   0x000267       data   0x000000
         .idata_fxm3232.o      idata   0x000267       data   0x000000
          .udata___init.o      udata   0x000267       data   0x000000
          .idata___init.o      idata   0x000267       data   0x000000
    .udata_p18f4620_lcd.o      udata   0x000267       data   0x000000
   .udata_p18f4620_gpio.o      udata   0x000267       data   0x000000
   .udata_p18f4620_uart.o      udata   0x000267       data   0x000000
    .udata_p18f4620_adc.o      udata   0x000267       data   0x000000
.udata_p18f4620_interrupt.o      udata   0x000267       data   0x000000
    .udata_p18f4620_pwm.o      udata   0x000267       data   0x000000
    .idata_p18f4620_pwm.o      idata   0x000267       data   0x000000
.idata_p18f4620_interrupt.o      idata   0x000267       data   0x000000
    .udata_p18f4620_led.o      udata   0x000267       data   0x000000
    .idata_p18f4620_led.o      idata   0x000267       data   0x000000
  .udata_timer_software.o      udata   0x000267       data   0x000000
    .udata_p18f4620_tim.o      udata   0x000267       data   0x000000
            .udata_uart.o      udata   0x000267       data   0x000000
      .udata_menu_value.o      udata   0x000267       data   0x000000
        .udata_menu_var.o      udata   0x000267       data   0x000000
           .idata_c018i.o      idata   0x000267       data   0x000000
       .udata_threshold.o      udata   0x000267       data   0x000000
       .udata_main_menu.o      udata   0x000267       data   0x000000
        .udata_menu_set.o      udata   0x000267       data   0x000000
                   .stack      udata   0x000e00       data   0x000100
          .idata_button.o      idata   0x000f00       data   0x000048
    .idata_p18f4620_lcd.o      idata   0x000f48       data   0x000024
   .idata_p18f4620_gpio.o      idata   0x000f6c       data   0x000014
            SFR_UNBANKED0      udata   0x000f80       data   0x000080



                              Program Memory Usage 
                               Start         End      
                           ---------   ---------      
                            0x000000    0x000016      
                            0x000018    0x004d1b      
                            0x300001    0x300003      
                            0x300005    0x300006      
                            0x300008    0x30000d      
            19750 out of 66584 program addresses used, program memory utilization is 29%



                              Symbols - Sorted by Name
                     Name    Address   Location    Storage File                     
                ---------  ---------  ---------  --------- ---------                
             ADC_Channel0   0x0015fe    program     extern D:\PIC18\Project\Environmental-Monitoring-System\EM_System.X\Software\sensor.c
             ADC_Channel1   0x001734    program     extern D:\PIC18\Project\Environmental-Monitoring-System\EM_System.X\Software\sensor.c
             ADC_Channel2   0x00186c    program     extern D:\PIC18\Project\Environmental-Monitoring-System\EM_System.X\Software\sensor.c
             ADC_Channel3   0x0019a4    program     extern D:\PIC18\Project\Environmental-Monitoring-System\EM_System.X\Software\sensor.c
               Add_Buffer   0x000258    program     extern D:\PIC18\Project\Environmental-Monitoring-System\EM_System.X\Drivers\p18f4620_lcd.c
                   D1616S   0x004414    program     static E:\c18v3.46\pic18-lt\cxx-framework\src\traditional\math\fxd1616s.asm
                D1616SNEG   0x004422    program     static E:\c18v3.46\pic18-lt\cxx-framework\src\traditional\math\fxd1616s.asm
                 D1616SOK   0x00441e    program     static E:\c18v3.46\pic18-lt\cxx-framework\src\traditional\math\fxd1616s.asm
                  D1616SX   0x004434    program     static E:\c18v3.46\pic18-lt\cxx-framework\src\traditional\math\fxd1616s.asm
                   D2424S   0x004468    program     static E:\c18v3.46\pic18-lt\cxx-framework\src\traditional\math\fxd2424s.asm
                D2424SNEG   0x004476    program     static E:\c18v3.46\pic18-lt\cxx-framework\src\traditional\math\fxd2424s.asm
                 D2424SOK   0x004472    program     static E:\c18v3.46\pic18-lt\cxx-framework\src\traditional\math\fxd2424s.asm
                  D2424SX   0x00448e    program     static E:\c18v3.46\pic18-lt\cxx-framework\src\traditional\math\fxd2424s.asm
                   D3232S   0x0044c8    program     static E:\c18v3.46\pic18-lt\cxx-framework\src\traditional\math\fxd3232s.asm
                D3232SNEG   0x0044d6    program     static E:\c18v3.46\pic18-lt\cxx-framework\src\traditional\math\fxd3232s.asm
                 D3232SOK   0x0044d2    program     static E:\c18v3.46\pic18-lt\cxx-framework\src\traditional\math\fxd3232s.asm
                  D3232SX   0x0044f6    program     static E:\c18v3.46\pic18-lt\cxx-framework\src\traditional\math\fxd3232s.asm
                  DA1616S   0x004404    program     static E:\c18v3.46\pic18-lt\cxx-framework\src\traditional\math\fxd1616s.asm
                  DA2424S   0x004454    program     static E:\c18v3.46\pic18-lt\cxx-framework\src\traditional\math\fxd2424s.asm
                  DA3232S   0x0044b2    program     static E:\c18v3.46\pic18-lt\cxx-framework\src\traditional\math\fxd3232s.asm
       Display_menu_alert   0x003764    program     extern D:\PIC18\Project\Environmental-Monitoring-System\EM_System.X\Software\menu_alert.c
     Display_menu_setting   0x003aae    program     extern D:\PIC18\Project\Environmental-Monitoring-System\EM_System.X\Software\menu_set.c
       Display_menu_value   0x002bd8    program     extern D:\PIC18\Project\Environmental-Monitoring-System\EM_System.X\Software\menu_value.c
                 FXD1616S   0x0043f2    program     extern E:\c18v3.46\pic18-lt\cxx-framework\src\traditional\math\fxd1616s.asm
                 FXD1616U   0x004b1c    program     extern E:\c18v3.46\pic18-lt\cxx-framework\src\traditional\math\fxd1616u.c
                 FXD2424S   0x00443e    program     extern E:\c18v3.46\pic18-lt\cxx-framework\src\traditional\math\fxd2424s.asm
                 FXD2424U   0x004aac    program     extern E:\c18v3.46\pic18-lt\cxx-framework\src\traditional\math\fxd2424u.c
                 FXD3232S   0x004498    program     extern E:\c18v3.46\pic18-lt\cxx-framework\src\traditional\math\fxd3232s.asm
                 FXD3232U   0x004a64    program     extern E:\c18v3.46\pic18-lt\cxx-framework\src\traditional\math\fxd3232u.c
                 FXM1616U   0x004500    program     extern E:\c18v3.46\pic18-lt\cxx-framework\src\traditional\math\fxm1616u.asm
                  FXM3232   0x004928    program     extern E:\c18v3.46\pic18-lt\cxx-framework\src\traditional\math\fxm3232.c
      InterruptVectorHigh   0x000008    program     extern D:\PIC18\Project\Environmental-Monitoring-System\EM_System.X\Drivers\p18f4620_interrupt.c
       InterruptVectorLow   0x000018    program     extern D:\PIC18\Project\Environmental-Monitoring-System\EM_System.X\Drivers\p18f4620_interrupt.c
                 LCD_Char   0x000188    program     extern D:\PIC18\Project\Environmental-Monitoring-System\EM_System.X\Drivers\p18f4620_lcd.c
                LCD_Clear   0x000436    program     extern D:\PIC18\Project\Environmental-Monitoring-System\EM_System.X\Drivers\p18f4620_lcd.c
         LCD_Clear_Buffer   0x000e0a    program     extern D:\PIC18\Project\Environmental-Monitoring-System\EM_System.X\Drivers\p18f4620_lcd.c
     LCD_Clear_Buffer_All   0x000ee0    program     extern D:\PIC18\Project\Environmental-Monitoring-System\EM_System.X\Drivers\p18f4620_lcd.c
           LCD_Clear_Line   0x000e62    program     extern D:\PIC18\Project\Environmental-Monitoring-System\EM_System.X\Drivers\p18f4620_lcd.c
              LCD_Command   0x0002d0    program     extern D:\PIC18\Project\Environmental-Monitoring-System\EM_System.X\Drivers\p18f4620_lcd.c
                LCD_Delay   0x0000ec    program     extern D:\PIC18\Project\Environmental-Monitoring-System\EM_System.X\Drivers\p18f4620_lcd.c
               LCD_Dislay   0x000f7c    program     extern D:\PIC18\Project\Environmental-Monitoring-System\EM_System.X\Drivers\p18f4620_lcd.c
                 LCD_INIT   0x00035a    program     extern D:\PIC18\Project\Environmental-Monitoring-System\EM_System.X\Drivers\p18f4620_lcd.c
           LCD_Print_Char   0x00049e    program     extern D:\PIC18\Project\Environmental-Monitoring-System\EM_System.X\Drivers\p18f4620_lcd.c
          LCD_Print_Float   0x00084e    program     extern D:\PIC18\Project\Environmental-Monitoring-System\EM_System.X\Drivers\p18f4620_lcd.c
            LCD_Print_Num   0x0005fa    program     extern D:\PIC18\Project\Environmental-Monitoring-System\EM_System.X\Drivers\p18f4620_lcd.c
         LCD_Print_String   0x000530    program     extern D:\PIC18\Project\Environmental-Monitoring-System\EM_System.X\Drivers\p18f4620_lcd.c
     LCD_Print_String_x_y   0x000454    program     extern D:\PIC18\Project\Environmental-Monitoring-System\EM_System.X\Drivers\p18f4620_lcd.c
               LCD_String   0x000214    program     extern D:\PIC18\Project\Environmental-Monitoring-System\EM_System.X\Drivers\p18f4620_lcd.c
          LCD_Switch_Line   0x000d18    program     extern D:\PIC18\Project\Environmental-Monitoring-System\EM_System.X\Drivers\p18f4620_lcd.c
             MX_GPIO_INIT   0x004a0e    program     static D:\PIC18\Project\Environmental-Monitoring-System\EM_System.X\main.c
             MX_TIM3_INIT   0x004a30    program     static D:\PIC18\Project\Environmental-Monitoring-System\EM_System.X\main.c
             PIC_ADC_INIT   0x00489c    program     extern D:\PIC18\Project\Environmental-Monitoring-System\EM_System.X\Drivers\p18f4620_adc.c
          PIC_BUTTON_INIT   0x0040e8    program     extern D:\PIC18\Project\Environmental-Monitoring-System\EM_System.X\Drivers\p18f4620_gpio.c
             PIC_EXT_INIT   0x003f20    program     extern D:\PIC18\Project\Environmental-Monitoring-System\EM_System.X\Drivers\p18f4620_interrupt.c
              PIC_GET_ADC   0x0048aa    program     extern D:\PIC18\Project\Environmental-Monitoring-System\EM_System.X\Drivers\p18f4620_adc.c
         PIC_GPIO_ReadPin   0x004224    program     extern D:\PIC18\Project\Environmental-Monitoring-System\EM_System.X\Drivers\p18f4620_gpio.c
             PIC_HIGH_ISR   0x004012    program     extern D:\PIC18\Project\Environmental-Monitoring-System\EM_System.X\Drivers\p18f4620_interrupt.c
       PIC_INTERRUPT_INIT   0x003f18    program     extern D:\PIC18\Project\Environmental-Monitoring-System\EM_System.X\Drivers\p18f4620_interrupt.c
             PIC_LED_INIT   0x004998    program     extern D:\PIC18\Project\Environmental-Monitoring-System\EM_System.X\Drivers\p18f4620_led.c
              PIC_LED_OFF   0x0049fc    program     extern D:\PIC18\Project\Environmental-Monitoring-System\EM_System.X\Drivers\p18f4620_led.c
               PIC_LED_ON   0x00499e    program     extern D:\PIC18\Project\Environmental-Monitoring-System\EM_System.X\Drivers\p18f4620_led.c
              PIC_LOW_ISR   0x003f28    program     extern D:\PIC18\Project\Environmental-Monitoring-System\EM_System.X\Drivers\p18f4620_interrupt.c
             PIC_PWM_INIT   0x004ae6    program     extern D:\PIC18\Project\Environmental-Monitoring-System\EM_System.X\Drivers\p18f4620_pwm.c
              PIC_PWM_SET   0x004b06    program     extern D:\PIC18\Project\Environmental-Monitoring-System\EM_System.X\Drivers\p18f4620_pwm.c
          PIC_SCAN_BUTTON   0x0040f2    program     extern D:\PIC18\Project\Environmental-Monitoring-System\EM_System.X\Drivers\p18f4620_gpio.c
            PIC_TIM0_INIT   0x002fea    program     extern D:\PIC18\Project\Environmental-Monitoring-System\EM_System.X\Drivers\p18f4620_tim.c
           PIC_TIM0_START   0x0030ac    program     extern D:\PIC18\Project\Environmental-Monitoring-System\EM_System.X\Drivers\p18f4620_tim.c
            PIC_TIM0_STOP   0x003138    program     extern D:\PIC18\Project\Environmental-Monitoring-System\EM_System.X\Drivers\p18f4620_tim.c
            PIC_TIM1_INIT   0x00313e    program     extern D:\PIC18\Project\Environmental-Monitoring-System\EM_System.X\Drivers\p18f4620_tim.c
           PIC_TIM1_START   0x003206    program     extern D:\PIC18\Project\Environmental-Monitoring-System\EM_System.X\Drivers\p18f4620_tim.c
            PIC_TIM1_STOP   0x003292    program     extern D:\PIC18\Project\Environmental-Monitoring-System\EM_System.X\Drivers\p18f4620_tim.c
            PIC_TIM3_INIT   0x003298    program     extern D:\PIC18\Project\Environmental-Monitoring-System\EM_System.X\Drivers\p18f4620_tim.c
           PIC_TIM3_START   0x00335c    program     extern D:\PIC18\Project\Environmental-Monitoring-System\EM_System.X\Drivers\p18f4620_tim.c
            PIC_TIM3_STOP   0x0033e8    program     extern D:\PIC18\Project\Environmental-Monitoring-System\EM_System.X\Drivers\p18f4620_tim.c
            PIC_UART_INIT   0x002242    program     extern D:\PIC18\Project\Environmental-Monitoring-System\EM_System.X\Drivers\p18f4620_uart.c
             PIC_UART_ISR   0x002774    program     extern D:\PIC18\Project\Environmental-Monitoring-System\EM_System.X\Drivers\p18f4620_uart.c
         PIC_UART_RECEIVE   0x002260    program     extern D:\PIC18\Project\Environmental-Monitoring-System\EM_System.X\Drivers\p18f4620_uart.c
   PIC_UART_TRANSMIT_CHAR   0x002266    program     extern D:\PIC18\Project\Environmental-Monitoring-System\EM_System.X\Drivers\p18f4620_uart.c
  PIC_UART_TRANSMIT_FLOAT   0x002502    program     extern D:\PIC18\Project\Environmental-Monitoring-System\EM_System.X\Drivers\p18f4620_uart.c
    PIC_UART_TRANSMIT_NUM   0x0022ce    program     extern D:\PIC18\Project\Environmental-Monitoring-System\EM_System.X\Drivers\p18f4620_uart.c
 PIC_UART_TRANSMIT_STRING   0x002282    program     extern D:\PIC18\Project\Environmental-Monitoring-System\EM_System.X\Drivers\p18f4620_uart.c
              Sensor_Calc   0x0010ae    program     extern D:\PIC18\Project\Environmental-Monitoring-System\EM_System.X\Software\sensor.c
           Sensor_Get_Max   0x001ada    program     extern D:\PIC18\Project\Environmental-Monitoring-System\EM_System.X\Software\sensor.c
           Sensor_Get_Min   0x001b4c    program     extern D:\PIC18\Project\Environmental-Monitoring-System\EM_System.X\Software\sensor.c
     Sensor_Get_Threshold   0x00285c    program     extern D:\PIC18\Project\Environmental-Monitoring-System\EM_System.X\Software\threshold.c
         Sensor_Get_Value   0x001028    program     extern D:\PIC18\Project\Environmental-Monitoring-System\EM_System.X\Software\sensor.c
            TIM0_CALLBACK   0x00313c    program     extern D:\PIC18\Project\Environmental-Monitoring-System\EM_System.X\Drivers\p18f4620_tim.c
            TIM1_CALLBACK   0x003296    program     extern D:\PIC18\Project\Environmental-Monitoring-System\EM_System.X\Drivers\p18f4620_tim.c
            TIM3_CALLBACK   0x004a40    program     extern D:\PIC18\Project\Environmental-Monitoring-System\EM_System.X\main.c
                UART_DATA   0x001bbe    program     extern D:\PIC18\Project\Environmental-Monitoring-System\EM_System.X\Software\uart.c
       ___return_lbl00000   0x004aaa    program     static                          
       ___return_lbl00000   0x004b46    program     static                          
       ___return_lbl00000   0x004ae4    program     static                          
       ___return_lbl00000   0x000004    program     static                          
       ___return_lbl00000   0x004996    program     static                          
       ___return_lbl00001   0x004b82    program     static                          
       ___return_lbl00002   0x00001c    program     static                          
       ___return_lbl00002   0x00489a    program     static                          
       ___return_lbl00003   0x00000c    program     static                          
               __config_0   0x300001    program     static D:\PIC18\Project\Environmental-Monitoring-System\EM_System.X\main.c
               __config_1   0x300002    program     static D:\PIC18\Project\Environmental-Monitoring-System\EM_System.X\main.c
              __config_10   0x30000d    program     static D:\PIC18\Project\Environmental-Monitoring-System\EM_System.X\main.c
               __config_2   0x300003    program     static D:\PIC18\Project\Environmental-Monitoring-System\EM_System.X\main.c
               __config_3   0x300005    program     static D:\PIC18\Project\Environmental-Monitoring-System\EM_System.X\main.c
               __config_4   0x300006    program     static D:\PIC18\Project\Environmental-Monitoring-System\EM_System.X\main.c
               __config_5   0x300008    program     static D:\PIC18\Project\Environmental-Monitoring-System\EM_System.X\main.c
               __config_6   0x300009    program     static D:\PIC18\Project\Environmental-Monitoring-System\EM_System.X\main.c
               __config_7   0x30000a    program     static D:\PIC18\Project\Environmental-Monitoring-System\EM_System.X\main.c
               __config_8   0x30000b    program     static D:\PIC18\Project\Environmental-Monitoring-System\EM_System.X\main.c
               __config_9   0x30000c    program     static D:\PIC18\Project\Environmental-Monitoring-System\EM_System.X\main.c
                   __init   0x000006    program     extern E:\c18v3.46\pic18-lt\cxx-framework\src\traditional\stdclib\__init.c
               __string_0   0x0043e1    program     static D:\PIC18\Project\Environmental-Monitoring-System\EM_System.X\Software\menu_alert.c
               __string_0   0x00436d    program     static D:\PIC18\Project\Environmental-Monitoring-System\EM_System.X\Software\uart.c
               __string_0   0x0043dc    program     static D:\PIC18\Project\Environmental-Monitoring-System\EM_System.X\Software\menu_var.c
               __string_1   0x0043d7    program     static D:\PIC18\Project\Environmental-Monitoring-System\EM_System.X\Software\menu_var.c
               __string_1   0x004364    program     static D:\PIC18\Project\Environmental-Monitoring-System\EM_System.X\Software\uart.c
              __string_10   0x0042f0    program     static D:\PIC18\Project\Environmental-Monitoring-System\EM_System.X\Software\uart.c
              __string_10   0x00438b    program     static D:\PIC18\Project\Environmental-Monitoring-System\EM_System.X\Software\menu_var.c
              __string_11   0x0042e0    program     static D:\PIC18\Project\Environmental-Monitoring-System\EM_System.X\Software\uart.c
              __string_11   0x004388    program     static D:\PIC18\Project\Environmental-Monitoring-System\EM_System.X\Software\menu_var.c
              __string_12   0x0042d7    program     static D:\PIC18\Project\Environmental-Monitoring-System\EM_System.X\Software\uart.c
              __string_12   0x004384    program     static D:\PIC18\Project\Environmental-Monitoring-System\EM_System.X\Software\menu_var.c
              __string_13   0x00437f    program     static D:\PIC18\Project\Environmental-Monitoring-System\EM_System.X\Software\menu_var.c
              __string_13   0x0042cb    program     static D:\PIC18\Project\Environmental-Monitoring-System\EM_System.X\Software\uart.c
              __string_14   0x00437b    program     static D:\PIC18\Project\Environmental-Monitoring-System\EM_System.X\Software\menu_var.c
              __string_14   0x0042bf    program     static D:\PIC18\Project\Environmental-Monitoring-System\EM_System.X\Software\uart.c
              __string_15   0x004377    program     static D:\PIC18\Project\Environmental-Monitoring-System\EM_System.X\Software\menu_var.c
              __string_15   0x0042b6    program     static D:\PIC18\Project\Environmental-Monitoring-System\EM_System.X\Software\uart.c
              __string_16   0x004372    program     static D:\PIC18\Project\Environmental-Monitoring-System\EM_System.X\Software\menu_var.c
              __string_16   0x0042aa    program     static D:\PIC18\Project\Environmental-Monitoring-System\EM_System.X\Software\uart.c
              __string_17   0x00429d    program     static D:\PIC18\Project\Environmental-Monitoring-System\EM_System.X\Software\uart.c
              __string_18   0x004296    program     static D:\PIC18\Project\Environmental-Monitoring-System\EM_System.X\Software\uart.c
               __string_2   0x004358    program     static D:\PIC18\Project\Environmental-Monitoring-System\EM_System.X\Software\uart.c
               __string_2   0x0043d1    program     static D:\PIC18\Project\Environmental-Monitoring-System\EM_System.X\Software\menu_var.c
               __string_3   0x00434c    program     static D:\PIC18\Project\Environmental-Monitoring-System\EM_System.X\Software\uart.c
               __string_3   0x0043ca    program     static D:\PIC18\Project\Environmental-Monitoring-System\EM_System.X\Software\menu_var.c
               __string_4   0x004343    program     static D:\PIC18\Project\Environmental-Monitoring-System\EM_System.X\Software\uart.c
               __string_4   0x0043c4    program     static D:\PIC18\Project\Environmental-Monitoring-System\EM_System.X\Software\menu_var.c
               __string_5   0x004337    program     static D:\PIC18\Project\Environmental-Monitoring-System\EM_System.X\Software\uart.c
               __string_5   0x0043be    program     static D:\PIC18\Project\Environmental-Monitoring-System\EM_System.X\Software\menu_var.c
               __string_6   0x00432a    program     static D:\PIC18\Project\Environmental-Monitoring-System\EM_System.X\Software\uart.c
               __string_6   0x0043b7    program     static D:\PIC18\Project\Environmental-Monitoring-System\EM_System.X\Software\menu_var.c
               __string_7   0x004322    program     static D:\PIC18\Project\Environmental-Monitoring-System\EM_System.X\Software\uart.c
               __string_7   0x0043aa    program     static D:\PIC18\Project\Environmental-Monitoring-System\EM_System.X\Software\menu_var.c
               __string_8   0x004311    program     static D:\PIC18\Project\Environmental-Monitoring-System\EM_System.X\Software\uart.c
               __string_8   0x00439b    program     static D:\PIC18\Project\Environmental-Monitoring-System\EM_System.X\Software\menu_var.c
               __string_9   0x0042fe    program     static D:\PIC18\Project\Environmental-Monitoring-System\EM_System.X\Software\uart.c
               __string_9   0x00438e    program     static D:\PIC18\Project\Environmental-Monitoring-System\EM_System.X\Software\menu_var.c
            __zero_memory   0x004b48    program     extern E:\c18v3.46\pic18-lt\cxx-framework\src\traditional\proc\p18f4620.asm
                _do_cinit   0x0047fe    program     extern E:\c18v3.46\pic18-lt\cxx-framework\src\traditional\startup\c018i.c
                   _entry   0x000000    program     extern E:\c18v3.46\pic18-lt\cxx-framework\src\traditional\startup\c018i.c
                   _false   0x004ae0    program     static                          
                   _false   0x004aa6    program     static                          
                 _startup   0x004b68    program     extern E:\c18v3.46\pic18-lt\cxx-framework\src\traditional\startup\c018i.c
             button_Input   0x0033ec    program     extern D:\PIC18\Project\Environmental-Monitoring-System\EM_System.X\Software\button.c
           button_Pressed   0x0036ca    program     extern D:\PIC18\Project\Environmental-Monitoring-System\EM_System.X\Software\button.c
             buzzer_blink   0x004630    program     extern D:\PIC18\Project\Environmental-Monitoring-System\EM_System.X\Software\buzzer.c
               buzzer_off   0x004712    program     extern D:\PIC18\Project\Environmental-Monitoring-System\EM_System.X\Software\buzzer.c
            check_SETTING   0x004618    program     extern D:\PIC18\Project\Environmental-Monitoring-System\EM_System.X\Software\main_menu.c
             check_Sensor   0x002850    program     extern D:\PIC18\Project\Environmental-Monitoring-System\EM_System.X\Software\threshold.c
   check_Sensor_threshold   0x002af4    program     extern D:\PIC18\Project\Environmental-Monitoring-System\EM_System.X\Software\threshold.c
          check_Threshold   0x00277a    program     extern D:\PIC18\Project\Environmental-Monitoring-System\EM_System.X\Software\threshold.c
                compare_l   0x004b5e    program     static E:\c18v3.46\pic18-lt\cxx-framework\src\traditional\proc\p18f4620.asm
                copy_loop   0x004870    program     static                          
            copy_one_byte   0x004876    program     static                          
                     done   0x00489a    program     static                          
             done_copying   0x004884    program     static                          
                  endloop   0x004b42    program     static                          
            fsm_main_menu   0x00453c    program     extern D:\PIC18\Project\Environmental-Monitoring-System\EM_System.X\Software\main_menu.c
           fsm_menu_alert   0x0039ce    program     extern D:\PIC18\Project\Environmental-Monitoring-System\EM_System.X\Software\menu_alert.c
         fsm_menu_setting   0x003ba2    program     extern D:\PIC18\Project\Environmental-Monitoring-System\EM_System.X\Software\menu_set.c
           fsm_menu_value   0x002eca    program     extern D:\PIC18\Project\Environmental-Monitoring-System\EM_System.X\Software\menu_value.c
             is_Timer_Out   0x003e80    program     extern D:\PIC18\Project\Environmental-Monitoring-System\EM_System.X\Software\timer_software.c
                led_blink   0x00471c    program     extern D:\PIC18\Project\Environmental-Monitoring-System\EM_System.X\Software\led.c
                  led_off   0x0047fa    program     extern D:\PIC18\Project\Environmental-Monitoring-System\EM_System.X\Software\led.c
                     loop   0x004b26    program     static                          
                     loop   0x004b78    program     static                          
                     loop   0x004a72    program     static                          
                     loop   0x004ab8    program     static                          
                   loop_h   0x004b56    program     static E:\c18v3.46\pic18-lt\cxx-framework\src\traditional\proc\p18f4620.asm
                   loop_l   0x004b60    program     static E:\c18v3.46\pic18-lt\cxx-framework\src\traditional\proc\p18f4620.asm
                     main   0x004a00    program     extern D:\PIC18\Project\Environmental-Monitoring-System\EM_System.X\main.c
              next_Sensor   0x003a9a    program     extern D:\PIC18\Project\Environmental-Monitoring-System\EM_System.X\Software\menu_set.c
              prev_Sensor   0x003aa4    program     extern D:\PIC18\Project\Environmental-Monitoring-System\EM_System.X\Software\menu_set.c
                set_Timer   0x003dc8    program     extern D:\PIC18\Project\Environmental-Monitoring-System\EM_System.X\Software\timer_software.c
                     test   0x004818    program     static                          
            threshold_DEC   0x0029ea    program     extern D:\PIC18\Project\Environmental-Monitoring-System\EM_System.X\Software\threshold.c
            threshold_INC   0x0028e2    program     extern D:\PIC18\Project\Environmental-Monitoring-System\EM_System.X\Software\threshold.c
                timer_Run   0x003ce8    program     extern D:\PIC18\Project\Environmental-Monitoring-System\EM_System.X\Software\timer_software.c
        value_scroll_Down   0x002bce    program     extern D:\PIC18\Project\Environmental-Monitoring-System\EM_System.X\Software\menu_value.c
          value_scroll_Up   0x002bc4    program     extern D:\PIC18\Project\Environmental-Monitoring-System\EM_System.X\Software\menu_value.c
               zero_block   0x004b56    program     static E:\c18v3.46\pic18-lt\cxx-framework\src\traditional\proc\p18f4620.asm
                   ADCON0   0x000fc2       data     extern E:\c18v3.46\pic18-lt\cxx-framework\src\traditional\proc\p18f4620.asm
               ADCON0bits   0x000fc2       data     extern E:\c18v3.46\pic18-lt\cxx-framework\src\traditional\proc\p18f4620.asm
                   ADCON1   0x000fc1       data     extern E:\c18v3.46\pic18-lt\cxx-framework\src\traditional\proc\p18f4620.asm
               ADCON1bits   0x000fc1       data     extern E:\c18v3.46\pic18-lt\cxx-framework\src\traditional\proc\p18f4620.asm
                   ADCON2   0x000fc0       data     extern E:\c18v3.46\pic18-lt\cxx-framework\src\traditional\proc\p18f4620.asm
               ADCON2bits   0x000fc0       data     extern E:\c18v3.46\pic18-lt\cxx-framework\src\traditional\proc\p18f4620.asm
                ADC_value   0x0000e4       data     extern D:\PIC18\Project\Environmental-Monitoring-System\EM_System.X\Drivers\p18f4620_adc.c
                    ADRES   0x000fc3       data     extern E:\c18v3.46\pic18-lt\cxx-framework\src\traditional\proc\p18f4620.asm
                   ADRESH   0x000fc4       data     extern E:\c18v3.46\pic18-lt\cxx-framework\src\traditional\proc\p18f4620.asm
                   ADRESL   0x000fc3       data     extern E:\c18v3.46\pic18-lt\cxx-framework\src\traditional\proc\p18f4620.asm
                  BAUDCON   0x000fb8       data     extern E:\c18v3.46\pic18-lt\cxx-framework\src\traditional\proc\p18f4620.asm
              BAUDCONbits   0x000fb8       data     extern E:\c18v3.46\pic18-lt\cxx-framework\src\traditional\proc\p18f4620.asm
                  BAUDCTL   0x000fb8       data     extern E:\c18v3.46\pic18-lt\cxx-framework\src\traditional\proc\p18f4620.asm
              BAUDCTLbits   0x000fb8       data     extern E:\c18v3.46\pic18-lt\cxx-framework\src\traditional\proc\p18f4620.asm
                      BSR   0x000fe0       data     extern E:\c18v3.46\pic18-lt\cxx-framework\src\traditional\proc\p18f4620.asm
                  CCP1CON   0x000fbd       data     extern E:\c18v3.46\pic18-lt\cxx-framework\src\traditional\proc\p18f4620.asm
              CCP1CONbits   0x000fbd       data     extern E:\c18v3.46\pic18-lt\cxx-framework\src\traditional\proc\p18f4620.asm
                  CCP2CON   0x000fba       data     extern E:\c18v3.46\pic18-lt\cxx-framework\src\traditional\proc\p18f4620.asm
              CCP2CONbits   0x000fba       data     extern E:\c18v3.46\pic18-lt\cxx-framework\src\traditional\proc\p18f4620.asm
                    CCPR1   0x000fbe       data     extern E:\c18v3.46\pic18-lt\cxx-framework\src\traditional\proc\p18f4620.asm
                   CCPR1H   0x000fbf       data     extern E:\c18v3.46\pic18-lt\cxx-framework\src\traditional\proc\p18f4620.asm
                   CCPR1L   0x000fbe       data     extern E:\c18v3.46\pic18-lt\cxx-framework\src\traditional\proc\p18f4620.asm
                    CCPR2   0x000fbb       data     extern E:\c18v3.46\pic18-lt\cxx-framework\src\traditional\proc\p18f4620.asm
                   CCPR2H   0x000fbc       data     extern E:\c18v3.46\pic18-lt\cxx-framework\src\traditional\proc\p18f4620.asm
                   CCPR2L   0x000fbb       data     extern E:\c18v3.46\pic18-lt\cxx-framework\src\traditional\proc\p18f4620.asm
                    CMCON   0x000fb4       data     extern E:\c18v3.46\pic18-lt\cxx-framework\src\traditional\proc\p18f4620.asm
                CMCONbits   0x000fb4       data     extern E:\c18v3.46\pic18-lt\cxx-framework\src\traditional\proc\p18f4620.asm
                  COD_max   0x0000d0       data     extern D:\PIC18\Project\Environmental-Monitoring-System\EM_System.X\Software\sensor.c
                  COD_min   0x0000d2       data     extern D:\PIC18\Project\Environmental-Monitoring-System\EM_System.X\Software\sensor.c
                   CVRCON   0x000fb5       data     extern E:\c18v3.46\pic18-lt\cxx-framework\src\traditional\proc\p18f4620.asm
               CVRCONbits   0x000fb5       data     extern E:\c18v3.46\pic18-lt\cxx-framework\src\traditional\proc\p18f4620.asm
                     DDRA   0x000f92       data     extern E:\c18v3.46\pic18-lt\cxx-framework\src\traditional\proc\p18f4620.asm
                 DDRAbits   0x000f92       data     extern E:\c18v3.46\pic18-lt\cxx-framework\src\traditional\proc\p18f4620.asm
                     DDRB   0x000f93       data     extern E:\c18v3.46\pic18-lt\cxx-framework\src\traditional\proc\p18f4620.asm
                 DDRBbits   0x000f93       data     extern E:\c18v3.46\pic18-lt\cxx-framework\src\traditional\proc\p18f4620.asm
                     DDRC   0x000f94       data     extern E:\c18v3.46\pic18-lt\cxx-framework\src\traditional\proc\p18f4620.asm
                 DDRCbits   0x000f94       data     extern E:\c18v3.46\pic18-lt\cxx-framework\src\traditional\proc\p18f4620.asm
                     DDRD   0x000f95       data     extern E:\c18v3.46\pic18-lt\cxx-framework\src\traditional\proc\p18f4620.asm
                 DDRDbits   0x000f95       data     extern E:\c18v3.46\pic18-lt\cxx-framework\src\traditional\proc\p18f4620.asm
                     DDRE   0x000f96       data     extern E:\c18v3.46\pic18-lt\cxx-framework\src\traditional\proc\p18f4620.asm
                 DDREbits   0x000f96       data     extern E:\c18v3.46\pic18-lt\cxx-framework\src\traditional\proc\p18f4620.asm
                  ECCP1AS   0x000fb6       data     extern E:\c18v3.46\pic18-lt\cxx-framework\src\traditional\proc\p18f4620.asm
              ECCP1ASbits   0x000fb6       data     extern E:\c18v3.46\pic18-lt\cxx-framework\src\traditional\proc\p18f4620.asm
                    EEADR   0x000fa9       data     extern E:\c18v3.46\pic18-lt\cxx-framework\src\traditional\proc\p18f4620.asm
                   EEADRH   0x000faa       data     extern E:\c18v3.46\pic18-lt\cxx-framework\src\traditional\proc\p18f4620.asm
                   EECON1   0x000fa6       data     extern E:\c18v3.46\pic18-lt\cxx-framework\src\traditional\proc\p18f4620.asm
               EECON1bits   0x000fa6       data     extern E:\c18v3.46\pic18-lt\cxx-framework\src\traditional\proc\p18f4620.asm
                   EECON2   0x000fa7       data     extern E:\c18v3.46\pic18-lt\cxx-framework\src\traditional\proc\p18f4620.asm
                   EEDATA   0x000fa8       data     extern E:\c18v3.46\pic18-lt\cxx-framework\src\traditional\proc\p18f4620.asm
               Error_flag   0x000200       data     extern D:\PIC18\Project\Environmental-Monitoring-System\EM_System.X\Software\threshold.c
                 FLOW_max   0x0000e0       data     extern D:\PIC18\Project\Environmental-Monitoring-System\EM_System.X\Software\sensor.c
                 FLOW_min   0x0000e2       data     extern D:\PIC18\Project\Environmental-Monitoring-System\EM_System.X\Software\sensor.c
                     FSR0   0x000fe9       data     extern E:\c18v3.46\pic18-lt\cxx-framework\src\traditional\proc\p18f4620.asm
                    FSR0H   0x000fea       data     extern E:\c18v3.46\pic18-lt\cxx-framework\src\traditional\proc\p18f4620.asm
                    FSR0L   0x000fe9       data     extern E:\c18v3.46\pic18-lt\cxx-framework\src\traditional\proc\p18f4620.asm
                     FSR1   0x000fe1       data     extern E:\c18v3.46\pic18-lt\cxx-framework\src\traditional\proc\p18f4620.asm
                    FSR1H   0x000fe2       data     extern E:\c18v3.46\pic18-lt\cxx-framework\src\traditional\proc\p18f4620.asm
                    FSR1L   0x000fe1       data     extern E:\c18v3.46\pic18-lt\cxx-framework\src\traditional\proc\p18f4620.asm
                     FSR2   0x000fd9       data     extern E:\c18v3.46\pic18-lt\cxx-framework\src\traditional\proc\p18f4620.asm
                    FSR2H   0x000fda       data     extern E:\c18v3.46\pic18-lt\cxx-framework\src\traditional\proc\p18f4620.asm
                    FSR2L   0x000fd9       data     extern E:\c18v3.46\pic18-lt\cxx-framework\src\traditional\proc\p18f4620.asm
                  HLVDCON   0x000fd2       data     extern E:\c18v3.46\pic18-lt\cxx-framework\src\traditional\proc\p18f4620.asm
              HLVDCONbits   0x000fd2       data     extern E:\c18v3.46\pic18-lt\cxx-framework\src\traditional\proc\p18f4620.asm
                    INDF0   0x000fef       data     extern E:\c18v3.46\pic18-lt\cxx-framework\src\traditional\proc\p18f4620.asm
                    INDF1   0x000fe7       data     extern E:\c18v3.46\pic18-lt\cxx-framework\src\traditional\proc\p18f4620.asm
                    INDF2   0x000fdf       data     extern E:\c18v3.46\pic18-lt\cxx-framework\src\traditional\proc\p18f4620.asm
                   INTCON   0x000ff2       data     extern E:\c18v3.46\pic18-lt\cxx-framework\src\traditional\proc\p18f4620.asm
                  INTCON2   0x000ff1       data     extern E:\c18v3.46\pic18-lt\cxx-framework\src\traditional\proc\p18f4620.asm
              INTCON2bits   0x000ff1       data     extern E:\c18v3.46\pic18-lt\cxx-framework\src\traditional\proc\p18f4620.asm
                  INTCON3   0x000ff0       data     extern E:\c18v3.46\pic18-lt\cxx-framework\src\traditional\proc\p18f4620.asm
              INTCON3bits   0x000ff0       data     extern E:\c18v3.46\pic18-lt\cxx-framework\src\traditional\proc\p18f4620.asm
               INTCONbits   0x000ff2       data     extern E:\c18v3.46\pic18-lt\cxx-framework\src\traditional\proc\p18f4620.asm
                     IPR1   0x000f9f       data     extern E:\c18v3.46\pic18-lt\cxx-framework\src\traditional\proc\p18f4620.asm
                 IPR1bits   0x000f9f       data     extern E:\c18v3.46\pic18-lt\cxx-framework\src\traditional\proc\p18f4620.asm
                     IPR2   0x000fa2       data     extern E:\c18v3.46\pic18-lt\cxx-framework\src\traditional\proc\p18f4620.asm
                 IPR2bits   0x000fa2       data     extern E:\c18v3.46\pic18-lt\cxx-framework\src\traditional\proc\p18f4620.asm
                     LATA   0x000f89       data     extern E:\c18v3.46\pic18-lt\cxx-framework\src\traditional\proc\p18f4620.asm
                 LATAbits   0x000f89       data     extern E:\c18v3.46\pic18-lt\cxx-framework\src\traditional\proc\p18f4620.asm
                     LATB   0x000f8a       data     extern E:\c18v3.46\pic18-lt\cxx-framework\src\traditional\proc\p18f4620.asm
                 LATBbits   0x000f8a       data     extern E:\c18v3.46\pic18-lt\cxx-framework\src\traditional\proc\p18f4620.asm
                     LATC   0x000f8b       data     extern E:\c18v3.46\pic18-lt\cxx-framework\src\traditional\proc\p18f4620.asm
                 LATCbits   0x000f8b       data     extern E:\c18v3.46\pic18-lt\cxx-framework\src\traditional\proc\p18f4620.asm
                     LATD   0x000f8c       data     extern E:\c18v3.46\pic18-lt\cxx-framework\src\traditional\proc\p18f4620.asm
                 LATDbits   0x000f8c       data     extern E:\c18v3.46\pic18-lt\cxx-framework\src\traditional\proc\p18f4620.asm
                     LATE   0x000f8d       data     extern E:\c18v3.46\pic18-lt\cxx-framework\src\traditional\proc\p18f4620.asm
                 LATEbits   0x000f8d       data     extern E:\c18v3.46\pic18-lt\cxx-framework\src\traditional\proc\p18f4620.asm
               LCD_buffer   0x000f48       data     extern D:\PIC18\Project\Environmental-Monitoring-System\EM_System.X\Drivers\p18f4620_lcd.c
                   LVDCON   0x000fd2       data     extern E:\c18v3.46\pic18-lt\cxx-framework\src\traditional\proc\p18f4620.asm
               LVDCONbits   0x000fd2       data     extern E:\c18v3.46\pic18-lt\cxx-framework\src\traditional\proc\p18f4620.asm
                  NH4_max   0x0000d8       data     extern D:\PIC18\Project\Environmental-Monitoring-System\EM_System.X\Software\sensor.c
                  NH4_min   0x0000da       data     extern D:\PIC18\Project\Environmental-Monitoring-System\EM_System.X\Software\sensor.c
                  NO3_max   0x0000dc       data     extern D:\PIC18\Project\Environmental-Monitoring-System\EM_System.X\Software\sensor.c
                  NO3_min   0x0000de       data     extern D:\PIC18\Project\Environmental-Monitoring-System\EM_System.X\Software\sensor.c
                   OSCCON   0x000fd3       data     extern E:\c18v3.46\pic18-lt\cxx-framework\src\traditional\proc\p18f4620.asm
               OSCCONbits   0x000fd3       data     extern E:\c18v3.46\pic18-lt\cxx-framework\src\traditional\proc\p18f4620.asm
                  OSCTUNE   0x000f9b       data     extern E:\c18v3.46\pic18-lt\cxx-framework\src\traditional\proc\p18f4620.asm
              OSCTUNEbits   0x000f9b       data     extern E:\c18v3.46\pic18-lt\cxx-framework\src\traditional\proc\p18f4620.asm
                       PC   0x000ff9       data     extern E:\c18v3.46\pic18-lt\cxx-framework\src\traditional\proc\p18f4620.asm
                      PCL   0x000ff9       data     extern E:\c18v3.46\pic18-lt\cxx-framework\src\traditional\proc\p18f4620.asm
                   PCLATH   0x000ffa       data     extern E:\c18v3.46\pic18-lt\cxx-framework\src\traditional\proc\p18f4620.asm
                   PCLATU   0x000ffb       data     extern E:\c18v3.46\pic18-lt\cxx-framework\src\traditional\proc\p18f4620.asm
                 PIC_TIM0   0x000240       data     extern D:\PIC18\Project\Environmental-Monitoring-System\EM_System.X\Drivers\p18f4620_tim.c
                 PIC_TIM1   0x000242       data     extern D:\PIC18\Project\Environmental-Monitoring-System\EM_System.X\Drivers\p18f4620_tim.c
                 PIC_TIM3   0x000244       data     extern D:\PIC18\Project\Environmental-Monitoring-System\EM_System.X\Drivers\p18f4620_tim.c
                     PIE1   0x000f9d       data     extern E:\c18v3.46\pic18-lt\cxx-framework\src\traditional\proc\p18f4620.asm
                 PIE1bits   0x000f9d       data     extern E:\c18v3.46\pic18-lt\cxx-framework\src\traditional\proc\p18f4620.asm
                     PIE2   0x000fa0       data     extern E:\c18v3.46\pic18-lt\cxx-framework\src\traditional\proc\p18f4620.asm
                 PIE2bits   0x000fa0       data     extern E:\c18v3.46\pic18-lt\cxx-framework\src\traditional\proc\p18f4620.asm
                     PIR1   0x000f9e       data     extern E:\c18v3.46\pic18-lt\cxx-framework\src\traditional\proc\p18f4620.asm
                 PIR1bits   0x000f9e       data     extern E:\c18v3.46\pic18-lt\cxx-framework\src\traditional\proc\p18f4620.asm
                     PIR2   0x000fa1       data     extern E:\c18v3.46\pic18-lt\cxx-framework\src\traditional\proc\p18f4620.asm
                 PIR2bits   0x000fa1       data     extern E:\c18v3.46\pic18-lt\cxx-framework\src\traditional\proc\p18f4620.asm
                   PLUSW0   0x000feb       data     extern E:\c18v3.46\pic18-lt\cxx-framework\src\traditional\proc\p18f4620.asm
                   PLUSW1   0x000fe3       data     extern E:\c18v3.46\pic18-lt\cxx-framework\src\traditional\proc\p18f4620.asm
                   PLUSW2   0x000fdb       data     extern E:\c18v3.46\pic18-lt\cxx-framework\src\traditional\proc\p18f4620.asm
                    PORTA   0x000f80       data     extern E:\c18v3.46\pic18-lt\cxx-framework\src\traditional\proc\p18f4620.asm
                PORTAbits   0x000f80       data     extern E:\c18v3.46\pic18-lt\cxx-framework\src\traditional\proc\p18f4620.asm
                    PORTB   0x000f81       data     extern E:\c18v3.46\pic18-lt\cxx-framework\src\traditional\proc\p18f4620.asm
                PORTBbits   0x000f81       data     extern E:\c18v3.46\pic18-lt\cxx-framework\src\traditional\proc\p18f4620.asm
                    PORTC   0x000f82       data     extern E:\c18v3.46\pic18-lt\cxx-framework\src\traditional\proc\p18f4620.asm
                PORTCbits   0x000f82       data     extern E:\c18v3.46\pic18-lt\cxx-framework\src\traditional\proc\p18f4620.asm
                    PORTD   0x000f83       data     extern E:\c18v3.46\pic18-lt\cxx-framework\src\traditional\proc\p18f4620.asm
                PORTDbits   0x000f83       data     extern E:\c18v3.46\pic18-lt\cxx-framework\src\traditional\proc\p18f4620.asm
                    PORTE   0x000f84       data     extern E:\c18v3.46\pic18-lt\cxx-framework\src\traditional\proc\p18f4620.asm
                PORTEbits   0x000f84       data     extern E:\c18v3.46\pic18-lt\cxx-framework\src\traditional\proc\p18f4620.asm
                 POSTDEC0   0x000fed       data     extern E:\c18v3.46\pic18-lt\cxx-framework\src\traditional\proc\p18f4620.asm
                 POSTDEC1   0x000fe5       data     extern E:\c18v3.46\pic18-lt\cxx-framework\src\traditional\proc\p18f4620.asm
                 POSTDEC2   0x000fdd       data     extern E:\c18v3.46\pic18-lt\cxx-framework\src\traditional\proc\p18f4620.asm
                 POSTINC0   0x000fee       data     extern E:\c18v3.46\pic18-lt\cxx-framework\src\traditional\proc\p18f4620.asm
                 POSTINC1   0x000fe6       data     extern E:\c18v3.46\pic18-lt\cxx-framework\src\traditional\proc\p18f4620.asm
                 POSTINC2   0x000fde       data     extern E:\c18v3.46\pic18-lt\cxx-framework\src\traditional\proc\p18f4620.asm
                      PR2   0x000fcb       data     extern E:\c18v3.46\pic18-lt\cxx-framework\src\traditional\proc\p18f4620.asm
                  PREINC0   0x000fec       data     extern E:\c18v3.46\pic18-lt\cxx-framework\src\traditional\proc\p18f4620.asm
                  PREINC1   0x000fe4       data     extern E:\c18v3.46\pic18-lt\cxx-framework\src\traditional\proc\p18f4620.asm
                  PREINC2   0x000fdc       data     extern E:\c18v3.46\pic18-lt\cxx-framework\src\traditional\proc\p18f4620.asm
                     PROD   0x000ff3       data     extern E:\c18v3.46\pic18-lt\cxx-framework\src\traditional\proc\p18f4620.asm
                    PRODH   0x000ff4       data     extern E:\c18v3.46\pic18-lt\cxx-framework\src\traditional\proc\p18f4620.asm
                    PRODL   0x000ff3       data     extern E:\c18v3.46\pic18-lt\cxx-framework\src\traditional\proc\p18f4620.asm
                  PWM1CON   0x000fb7       data     extern E:\c18v3.46\pic18-lt\cxx-framework\src\traditional\proc\p18f4620.asm
              PWM1CONbits   0x000fb7       data     extern E:\c18v3.46\pic18-lt\cxx-framework\src\traditional\proc\p18f4620.asm
                     RCON   0x000fd0       data     extern E:\c18v3.46\pic18-lt\cxx-framework\src\traditional\proc\p18f4620.asm
                 RCONbits   0x000fd0       data     extern E:\c18v3.46\pic18-lt\cxx-framework\src\traditional\proc\p18f4620.asm
                    RCREG   0x000fae       data     extern E:\c18v3.46\pic18-lt\cxx-framework\src\traditional\proc\p18f4620.asm
                    RCSTA   0x000fab       data     extern E:\c18v3.46\pic18-lt\cxx-framework\src\traditional\proc\p18f4620.asm
                RCSTAbits   0x000fab       data     extern E:\c18v3.46\pic18-lt\cxx-framework\src\traditional\proc\p18f4620.asm
                     SIGN   0x000018       data     extern E:\c18v3.46\pic18-lt\cxx-framework\src\traditional\math\cmath18.asm
                    SPBRG   0x000faf       data     extern E:\c18v3.46\pic18-lt\cxx-framework\src\traditional\proc\p18f4620.asm
                   SPBRGH   0x000fb0       data     extern E:\c18v3.46\pic18-lt\cxx-framework\src\traditional\proc\p18f4620.asm
                   SSPADD   0x000fc8       data     extern E:\c18v3.46\pic18-lt\cxx-framework\src\traditional\proc\p18f4620.asm
                   SSPBUF   0x000fc9       data     extern E:\c18v3.46\pic18-lt\cxx-framework\src\traditional\proc\p18f4620.asm
                  SSPCON1   0x000fc6       data     extern E:\c18v3.46\pic18-lt\cxx-framework\src\traditional\proc\p18f4620.asm
              SSPCON1bits   0x000fc6       data     extern E:\c18v3.46\pic18-lt\cxx-framework\src\traditional\proc\p18f4620.asm
                  SSPCON2   0x000fc5       data     extern E:\c18v3.46\pic18-lt\cxx-framework\src\traditional\proc\p18f4620.asm
              SSPCON2bits   0x000fc5       data     extern E:\c18v3.46\pic18-lt\cxx-framework\src\traditional\proc\p18f4620.asm
                  SSPSTAT   0x000fc7       data     extern E:\c18v3.46\pic18-lt\cxx-framework\src\traditional\proc\p18f4620.asm
              SSPSTATbits   0x000fc7       data     extern E:\c18v3.46\pic18-lt\cxx-framework\src\traditional\proc\p18f4620.asm
                   SS_max   0x0000cc       data     extern D:\PIC18\Project\Environmental-Monitoring-System\EM_System.X\Software\sensor.c
                   SS_min   0x0000ce       data     extern D:\PIC18\Project\Environmental-Monitoring-System\EM_System.X\Software\sensor.c
                   STATUS   0x000fd8       data     extern E:\c18v3.46\pic18-lt\cxx-framework\src\traditional\proc\p18f4620.asm
               STATUSbits   0x000fd8       data     extern E:\c18v3.46\pic18-lt\cxx-framework\src\traditional\proc\p18f4620.asm
                   STKPTR   0x000ffc       data     extern E:\c18v3.46\pic18-lt\cxx-framework\src\traditional\proc\p18f4620.asm
               STKPTRbits   0x000ffc       data     extern E:\c18v3.46\pic18-lt\cxx-framework\src\traditional\proc\p18f4620.asm
                   Sensor   0x000100       data     extern D:\PIC18\Project\Environmental-Monitoring-System\EM_System.X\Software\sensor.c
               SensorName   0x0001d8       data     extern D:\PIC18\Project\Environmental-Monitoring-System\EM_System.X\Software\menu_var.c
               Sensor_Max   0x0000ac       data     extern D:\PIC18\Project\Environmental-Monitoring-System\EM_System.X\Software\sensor.c
               Sensor_Min   0x0000ba       data     extern D:\PIC18\Project\Environmental-Monitoring-System\EM_System.X\Software\sensor.c
                    T0CON   0x000fd5       data     extern E:\c18v3.46\pic18-lt\cxx-framework\src\traditional\proc\p18f4620.asm
                T0CONbits   0x000fd5       data     extern E:\c18v3.46\pic18-lt\cxx-framework\src\traditional\proc\p18f4620.asm
                    T1CON   0x000fcd       data     extern E:\c18v3.46\pic18-lt\cxx-framework\src\traditional\proc\p18f4620.asm
                T1CONbits   0x000fcd       data     extern E:\c18v3.46\pic18-lt\cxx-framework\src\traditional\proc\p18f4620.asm
                    T2CON   0x000fca       data     extern E:\c18v3.46\pic18-lt\cxx-framework\src\traditional\proc\p18f4620.asm
                T2CONbits   0x000fca       data     extern E:\c18v3.46\pic18-lt\cxx-framework\src\traditional\proc\p18f4620.asm
                    T3CON   0x000fb1       data     extern E:\c18v3.46\pic18-lt\cxx-framework\src\traditional\proc\p18f4620.asm
                T3CONbits   0x000fb1       data     extern E:\c18v3.46\pic18-lt\cxx-framework\src\traditional\proc\p18f4620.asm
                   TABLAT   0x000ff5       data     extern E:\c18v3.46\pic18-lt\cxx-framework\src\traditional\proc\p18f4620.asm
                   TBLPTR   0x000ff6       data     extern E:\c18v3.46\pic18-lt\cxx-framework\src\traditional\proc\p18f4620.asm
                  TBLPTRH   0x000ff7       data     extern E:\c18v3.46\pic18-lt\cxx-framework\src\traditional\proc\p18f4620.asm
                  TBLPTRL   0x000ff6       data     extern E:\c18v3.46\pic18-lt\cxx-framework\src\traditional\proc\p18f4620.asm
                  TBLPTRU   0x000ff8       data     extern E:\c18v3.46\pic18-lt\cxx-framework\src\traditional\proc\p18f4620.asm
                 TEMP_max   0x0000d4       data     extern D:\PIC18\Project\Environmental-Monitoring-System\EM_System.X\Software\sensor.c
                 TEMP_min   0x0000d6       data     extern D:\PIC18\Project\Environmental-Monitoring-System\EM_System.X\Software\sensor.c
                     TIM0   0x000246       data     extern D:\PIC18\Project\Environmental-Monitoring-System\EM_System.X\Drivers\p18f4620_tim.c
                     TIM1   0x000248       data     extern D:\PIC18\Project\Environmental-Monitoring-System\EM_System.X\Drivers\p18f4620_tim.c
                     TIM3   0x00024a       data     extern D:\PIC18\Project\Environmental-Monitoring-System\EM_System.X\Drivers\p18f4620_tim.c
                    TMR0H   0x000fd7       data     extern E:\c18v3.46\pic18-lt\cxx-framework\src\traditional\proc\p18f4620.asm
                    TMR0L   0x000fd6       data     extern E:\c18v3.46\pic18-lt\cxx-framework\src\traditional\proc\p18f4620.asm
                    TMR1H   0x000fcf       data     extern E:\c18v3.46\pic18-lt\cxx-framework\src\traditional\proc\p18f4620.asm
                    TMR1L   0x000fce       data     extern E:\c18v3.46\pic18-lt\cxx-framework\src\traditional\proc\p18f4620.asm
                     TMR2   0x000fcc       data     extern E:\c18v3.46\pic18-lt\cxx-framework\src\traditional\proc\p18f4620.asm
                    TMR3H   0x000fb3       data     extern E:\c18v3.46\pic18-lt\cxx-framework\src\traditional\proc\p18f4620.asm
                    TMR3L   0x000fb2       data     extern E:\c18v3.46\pic18-lt\cxx-framework\src\traditional\proc\p18f4620.asm
                      TOS   0x000ffd       data     extern E:\c18v3.46\pic18-lt\cxx-framework\src\traditional\proc\p18f4620.asm
                     TOSH   0x000ffe       data     extern E:\c18v3.46\pic18-lt\cxx-framework\src\traditional\proc\p18f4620.asm
                     TOSL   0x000ffd       data     extern E:\c18v3.46\pic18-lt\cxx-framework\src\traditional\proc\p18f4620.asm
                     TOSU   0x000fff       data     extern E:\c18v3.46\pic18-lt\cxx-framework\src\traditional\proc\p18f4620.asm
                    TRISA   0x000f92       data     extern E:\c18v3.46\pic18-lt\cxx-framework\src\traditional\proc\p18f4620.asm
                TRISAbits   0x000f92       data     extern E:\c18v3.46\pic18-lt\cxx-framework\src\traditional\proc\p18f4620.asm
                    TRISB   0x000f93       data     extern E:\c18v3.46\pic18-lt\cxx-framework\src\traditional\proc\p18f4620.asm
                TRISBbits   0x000f93       data     extern E:\c18v3.46\pic18-lt\cxx-framework\src\traditional\proc\p18f4620.asm
                    TRISC   0x000f94       data     extern E:\c18v3.46\pic18-lt\cxx-framework\src\traditional\proc\p18f4620.asm
                TRISCbits   0x000f94       data     extern E:\c18v3.46\pic18-lt\cxx-framework\src\traditional\proc\p18f4620.asm
                    TRISD   0x000f95       data     extern E:\c18v3.46\pic18-lt\cxx-framework\src\traditional\proc\p18f4620.asm
                TRISDbits   0x000f95       data     extern E:\c18v3.46\pic18-lt\cxx-framework\src\traditional\proc\p18f4620.asm
                    TRISE   0x000f96       data     extern E:\c18v3.46\pic18-lt\cxx-framework\src\traditional\proc\p18f4620.asm
                TRISEbits   0x000f96       data     extern E:\c18v3.46\pic18-lt\cxx-framework\src\traditional\proc\p18f4620.asm
                    TXREG   0x000fad       data     extern E:\c18v3.46\pic18-lt\cxx-framework\src\traditional\proc\p18f4620.asm
                    TXSTA   0x000fac       data     extern E:\c18v3.46\pic18-lt\cxx-framework\src\traditional\proc\p18f4620.asm
                TXSTAbits   0x000fac       data     extern E:\c18v3.46\pic18-lt\cxx-framework\src\traditional\proc\p18f4620.asm
                        W   0x000fe8       data     extern E:\c18v3.46\pic18-lt\cxx-framework\src\traditional\proc\p18f4620.asm
                   WDTCON   0x000fd1       data     extern E:\c18v3.46\pic18-lt\cxx-framework\src\traditional\proc\p18f4620.asm
               WDTCONbits   0x000fd1       data     extern E:\c18v3.46\pic18-lt\cxx-framework\src\traditional\proc\p18f4620.asm
                     WREG   0x000fe8       data     extern E:\c18v3.46\pic18-lt\cxx-framework\src\traditional\proc\p18f4620.asm
                 __AARGB0   0x000021       data     extern E:\c18v3.46\pic18-lt\cxx-framework\src\traditional\math\aarg.asm
                 __AARGB1   0x000020       data     extern E:\c18v3.46\pic18-lt\cxx-framework\src\traditional\math\aarg.asm
                 __AARGB2   0x00001f       data     extern E:\c18v3.46\pic18-lt\cxx-framework\src\traditional\math\aarg.asm
                 __AARGB3   0x00001e       data     extern E:\c18v3.46\pic18-lt\cxx-framework\src\traditional\math\aarg.asm
                 __AARGB4   0x00001d       data     extern E:\c18v3.46\pic18-lt\cxx-framework\src\traditional\math\aarg.asm
                 __AARGB5   0x00001c       data     extern E:\c18v3.46\pic18-lt\cxx-framework\src\traditional\math\aarg.asm
                 __AARGB6   0x00001b       data     extern E:\c18v3.46\pic18-lt\cxx-framework\src\traditional\math\aarg.asm
                 __AARGB7   0x00001a       data     extern E:\c18v3.46\pic18-lt\cxx-framework\src\traditional\math\aarg.asm
                   __AEXP   0x000022       data     extern E:\c18v3.46\pic18-lt\cxx-framework\src\traditional\math\aarg.asm
                 __BARGB0   0x000026       data     extern E:\c18v3.46\pic18-lt\cxx-framework\src\traditional\math\barg.asm
                 __BARGB1   0x000025       data     extern E:\c18v3.46\pic18-lt\cxx-framework\src\traditional\math\barg.asm
                 __BARGB2   0x000024       data     extern E:\c18v3.46\pic18-lt\cxx-framework\src\traditional\math\barg.asm
                 __BARGB3   0x000023       data     extern E:\c18v3.46\pic18-lt\cxx-framework\src\traditional\math\barg.asm
                   __BEXP   0x000027       data     extern E:\c18v3.46\pic18-lt\cxx-framework\src\traditional\math\barg.asm
                __FPFLAGS   0x000019       data     extern E:\c18v3.46\pic18-lt\cxx-framework\src\traditional\math\cmath18.asm
            __FPFLAGSbits   0x000019       data     extern E:\c18v3.46\pic18-lt\cxx-framework\src\traditional\math\cmath18.asm
                  __REMB0   0x00001d       data     extern E:\c18v3.46\pic18-lt\cxx-framework\src\traditional\math\aarg.asm
                  __REMB1   0x00001c       data     extern E:\c18v3.46\pic18-lt\cxx-framework\src\traditional\math\aarg.asm
                  __REMB2   0x00001b       data     extern E:\c18v3.46\pic18-lt\cxx-framework\src\traditional\math\aarg.asm
                  __REMB3   0x00001a       data     extern E:\c18v3.46\pic18-lt\cxx-framework\src\traditional\math\aarg.asm
                   __TEMP   0x00002b       data     extern E:\c18v3.46\pic18-lt\cxx-framework\src\traditional\math\temparg.asm
                 __TEMPB0   0x00002b       data     extern E:\c18v3.46\pic18-lt\cxx-framework\src\traditional\math\temparg.asm
                 __TEMPB1   0x00002a       data     extern E:\c18v3.46\pic18-lt\cxx-framework\src\traditional\math\temparg.asm
                 __TEMPB2   0x000029       data     extern E:\c18v3.46\pic18-lt\cxx-framework\src\traditional\math\temparg.asm
                 __TEMPB3   0x000028       data     extern E:\c18v3.46\pic18-lt\cxx-framework\src\traditional\math\temparg.asm
                  __tmp_0   0x000000       data     static D:\PIC18\Project\Environmental-Monitoring-System\EM_System.X\Software\menu_value.c
                  __tmp_0   0x000000       data     static D:\PIC18\Project\Environmental-Monitoring-System\EM_System.X\Software\uart.c
                  __tmp_0   0x000000       data     static D:\PIC18\Project\Environmental-Monitoring-System\EM_System.X\Software\threshold.c
                  __tmp_0   0x000000       data     static D:\PIC18\Project\Environmental-Monitoring-System\EM_System.X\Software\main_menu.c
                  __tmp_0   0x000000       data     static D:\PIC18\Project\Environmental-Monitoring-System\EM_System.X\Software\sensor.c
                  __tmp_0   0x000000       data     static D:\PIC18\Project\Environmental-Monitoring-System\EM_System.X\Software\menu_set.c
                  __tmp_0   0x000000       data     static D:\PIC18\Project\Environmental-Monitoring-System\EM_System.X\Software\buzzer.c
                  __tmp_0   0x000000       data     static D:\PIC18\Project\Environmental-Monitoring-System\EM_System.X\Software\timer_software.c
                  __tmp_0   0x000000       data     static D:\PIC18\Project\Environmental-Monitoring-System\EM_System.X\Software\button.c
                  __tmp_0   0x000000       data     static D:\PIC18\Project\Environmental-Monitoring-System\EM_System.X\Drivers\p18f4620_tim.c
                  __tmp_0   0x000000       data     static D:\PIC18\Project\Environmental-Monitoring-System\EM_System.X\Drivers\p18f4620_gpio.c
                  __tmp_0   0x000000       data     static D:\PIC18\Project\Environmental-Monitoring-System\EM_System.X\Drivers\p18f4620_lcd.c
                  __tmp_0   0x000000       data     static D:\PIC18\Project\Environmental-Monitoring-System\EM_System.X\Software\led.c
                  __tmp_0   0x000000       data     static D:\PIC18\Project\Environmental-Monitoring-System\EM_System.X\Drivers\p18f4620_uart.c
                  __tmp_0   0x000000       data     static D:\PIC18\Project\Environmental-Monitoring-System\EM_System.X\Drivers\p18f4620_adc.c
                  __tmp_0   0x000000       data     static D:\PIC18\Project\Environmental-Monitoring-System\EM_System.X\Software\menu_alert.c
                adc0_data   0x00011c       data     extern D:\PIC18\Project\Environmental-Monitoring-System\EM_System.X\Software\sensor.c
               adc0_index   0x00008c       data     extern D:\PIC18\Project\Environmental-Monitoring-System\EM_System.X\Software\sensor.c
                 adc0_raw   0x000088       data     extern D:\PIC18\Project\Environmental-Monitoring-System\EM_System.X\Software\sensor.c
               adc0_total   0x00008a       data     extern D:\PIC18\Project\Environmental-Monitoring-System\EM_System.X\Software\sensor.c
               adc0_value   0x000084       data     extern D:\PIC18\Project\Environmental-Monitoring-System\EM_System.X\Software\sensor.c
                adc1_data   0x000144       data     extern D:\PIC18\Project\Environmental-Monitoring-System\EM_System.X\Software\sensor.c
               adc1_index   0x000096       data     extern D:\PIC18\Project\Environmental-Monitoring-System\EM_System.X\Software\sensor.c
                 adc1_raw   0x000092       data     extern D:\PIC18\Project\Environmental-Monitoring-System\EM_System.X\Software\sensor.c
               adc1_total   0x000094       data     extern D:\PIC18\Project\Environmental-Monitoring-System\EM_System.X\Software\sensor.c
               adc1_value   0x00008e       data     extern D:\PIC18\Project\Environmental-Monitoring-System\EM_System.X\Software\sensor.c
                adc2_data   0x00016c       data     extern D:\PIC18\Project\Environmental-Monitoring-System\EM_System.X\Software\sensor.c
               adc2_index   0x0000a0       data     extern D:\PIC18\Project\Environmental-Monitoring-System\EM_System.X\Software\sensor.c
                 adc2_raw   0x00009c       data     extern D:\PIC18\Project\Environmental-Monitoring-System\EM_System.X\Software\sensor.c
               adc2_total   0x00009e       data     extern D:\PIC18\Project\Environmental-Monitoring-System\EM_System.X\Software\sensor.c
               adc2_value   0x000098       data     extern D:\PIC18\Project\Environmental-Monitoring-System\EM_System.X\Software\sensor.c
                adc3_data   0x000194       data     extern D:\PIC18\Project\Environmental-Monitoring-System\EM_System.X\Software\sensor.c
               adc3_index   0x0000aa       data     extern D:\PIC18\Project\Environmental-Monitoring-System\EM_System.X\Software\sensor.c
                 adc3_raw   0x0000a6       data     extern D:\PIC18\Project\Environmental-Monitoring-System\EM_System.X\Software\sensor.c
               adc3_total   0x0000a8       data     extern D:\PIC18\Project\Environmental-Monitoring-System\EM_System.X\Software\sensor.c
               adc3_value   0x0000a2       data     extern D:\PIC18\Project\Environmental-Monitoring-System\EM_System.X\Software\sensor.c
                  adc_max   0x000082       data     extern D:\PIC18\Project\Environmental-Monitoring-System\EM_System.X\Software\sensor.c
                  adc_min   0x000080       data     extern D:\PIC18\Project\Environmental-Monitoring-System\EM_System.X\Software\sensor.c
               blink_time   0x000264       data     extern D:\PIC18\Project\Environmental-Monitoring-System\EM_System.X\Software\buzzer.c
              button_flag   0x000f00       data     extern D:\PIC18\Project\Environmental-Monitoring-System\EM_System.X\Software\button.c
              button_reg0   0x000f0c       data     extern D:\PIC18\Project\Environmental-Monitoring-System\EM_System.X\Software\button.c
              button_reg1   0x000f18       data     extern D:\PIC18\Project\Environmental-Monitoring-System\EM_System.X\Software\button.c
              button_reg2   0x000f24       data     extern D:\PIC18\Project\Environmental-Monitoring-System\EM_System.X\Software\button.c
              button_reg3   0x000f30       data     extern D:\PIC18\Project\Environmental-Monitoring-System\EM_System.X\Software\button.c
               button_res   0x000f74       data     extern D:\PIC18\Project\Environmental-Monitoring-System\EM_System.X\Drivers\p18f4620_gpio.c
             buzzer_state   0x000262       data     extern D:\PIC18\Project\Environmental-Monitoring-System\EM_System.X\Software\buzzer.c
                  counter   0x000238       data     extern D:\PIC18\Project\Environmental-Monitoring-System\EM_System.X\Software\timer_software.c
                curr_byte   0x00024f       data     static E:\c18v3.46\pic18-lt\cxx-framework\src\traditional\startup\c018i.c
               curr_entry   0x000251       data     static E:\c18v3.46\pic18-lt\cxx-framework\src\traditional\startup\c018i.c
              current_col   0x000f6a       data     extern D:\PIC18\Project\Environmental-Monitoring-System\EM_System.X\Drivers\p18f4620_lcd.c
              current_row   0x000f68       data     extern D:\PIC18\Project\Environmental-Monitoring-System\EM_System.X\Drivers\p18f4620_lcd.c
                 data_ptr   0x000253       data     static E:\c18v3.46\pic18-lt\cxx-framework\src\traditional\startup\c018i.c
             data_receive   0x000266       data     extern D:\PIC18\Project\Environmental-Monitoring-System\EM_System.X\Drivers\p18f4620_uart.c
                     flag   0x000230       data     extern D:\PIC18\Project\Environmental-Monitoring-System\EM_System.X\Software\timer_software.c
                    index   0x0001fc       data     extern D:\PIC18\Project\Environmental-Monitoring-System\EM_System.X\Software\uart.c
                led_state   0x00025e       data     extern D:\PIC18\Project\Environmental-Monitoring-System\EM_System.X\Software\led.c
                 led_time   0x000260       data     extern D:\PIC18\Project\Environmental-Monitoring-System\EM_System.X\Software\led.c
          main_menu_state   0x0000fe       data     extern D:\PIC18\Project\Environmental-Monitoring-System\EM_System.X\Software\main_menu.c
                     menu   0x0001bc       data     extern D:\PIC18\Project\Environmental-Monitoring-System\EM_System.X\Software\menu_var.c
        menu_alert_status   0x00021e       data     extern D:\PIC18\Project\Environmental-Monitoring-System\EM_System.X\Software\menu_alert.c
      menu_setting_status   0x00025c       data     extern D:\PIC18\Project\Environmental-Monitoring-System\EM_System.X\Software\menu_set.c
        menu_value_status   0x000258       data     extern D:\PIC18\Project\Environmental-Monitoring-System\EM_System.X\Software\menu_value.c
                   pH_max   0x0000c8       data     extern D:\PIC18\Project\Environmental-Monitoring-System\EM_System.X\Software\sensor.c
                   pH_min   0x0000ca       data     extern D:\PIC18\Project\Environmental-Monitoring-System\EM_System.X\Software\sensor.c
                     prom   0x00024c       data     static E:\c18v3.46\pic18-lt\cxx-framework\src\traditional\startup\c018i.c
               scan_input   0x000f70       data     extern D:\PIC18\Project\Environmental-Monitoring-System\EM_System.X\Drivers\p18f4620_gpio.c
              scan_output   0x000f6c       data     extern D:\PIC18\Project\Environmental-Monitoring-System\EM_System.X\Drivers\p18f4620_gpio.c
                     send   0x0001fe       data     extern D:\PIC18\Project\Environmental-Monitoring-System\EM_System.X\Software\uart.c
              sensor_list   0x0001ec       data     extern D:\PIC18\Project\Environmental-Monitoring-System\EM_System.X\Software\menu_var.c
        sensor_list_index   0x000222       data     extern D:\PIC18\Project\Environmental-Monitoring-System\EM_System.X\Software\menu_alert.c
     setting_sensor_index   0x00025a       data     extern D:\PIC18\Project\Environmental-Monitoring-System\EM_System.X\Software\menu_set.c
                threshold   0x000202       data     extern D:\PIC18\Project\Environmental-Monitoring-System\EM_System.X\Software\threshold.c
        threshold_warning   0x000220       data     extern D:\PIC18\Project\Environmental-Monitoring-System\EM_System.X\Software\menu_alert.c
                 time_out   0x000f3c       data     extern D:\PIC18\Project\Environmental-Monitoring-System\EM_System.X\Software\button.c
               uart_state   0x0001fa       data     extern D:\PIC18\Project\Environmental-Monitoring-System\EM_System.X\Software\uart.c
         value_curr_index   0x000256       data     extern D:\PIC18\Project\Environmental-Monitoring-System\EM_System.X\Software\menu_value.c
             value_header   0x0001e6       data     extern D:\PIC18\Project\Environmental-Monitoring-System\EM_System.X\Software\menu_var.c
              value_index   0x0001ca       data     extern D:\PIC18\Project\Environmental-Monitoring-System\EM_System.X\Software\menu_var.c



                              Symbols - Sorted by Address
                     Name    Address   Location    Storage File                     
                ---------  ---------  ---------  --------- ---------                
                   _entry   0x000000    program     extern E:\c18v3.46\pic18-lt\cxx-framework\src\traditional\startup\c018i.c
       ___return_lbl00000   0x000004    program     static                          
                   __init   0x000006    program     extern E:\c18v3.46\pic18-lt\cxx-framework\src\traditional\stdclib\__init.c
      InterruptVectorHigh   0x000008    program     extern D:\PIC18\Project\Environmental-Monitoring-System\EM_System.X\Drivers\p18f4620_interrupt.c
       ___return_lbl00003   0x00000c    program     static                          
       InterruptVectorLow   0x000018    program     extern D:\PIC18\Project\Environmental-Monitoring-System\EM_System.X\Drivers\p18f4620_interrupt.c
       ___return_lbl00002   0x00001c    program     static                          
                LCD_Delay   0x0000ec    program     extern D:\PIC18\Project\Environmental-Monitoring-System\EM_System.X\Drivers\p18f4620_lcd.c
[...]
                 DDRCbits   0x000f94       data     extern E:\c18v3.46\pic18-lt\cxx-framework\src\traditional\proc\p18f4620.asm
                     DDRC   0x000f94       data     extern E:\c18v3.46\pic18-lt\cxx-framework\src\traditional\proc\p18f4620.asm
                    TRISD   0x000f95       data     extern E:\c18v3.46\pic18-lt\cxx-framework\src\traditional\proc\p18f4620.asm
                TRISDbits   0x000f95       data     extern E:\c18v3.46\pic18-lt\cxx-framework\src\traditional\proc\p18f4620.asm
                     DDRD   0x000f95       data     extern E:\c18v3.46\pic18-lt\cxx-framework\src\traditional\proc\p18f4620.asm
                 DDRDbits   0x000f95       data     extern E:\c18v3.46\pic18-lt\cxx-framework\src\traditional\proc\p18f4620.asm
                    TRISE   0x000f96       data     extern E:\c18v3.46\pic18-lt\cxx-framework\src\traditional\proc\p18f4620.asm
                TRISEbits   0x000f96       data     extern E:\c18v3.46\pic18-lt\cxx-framework\src\traditional\proc\p18f4620.asm
                     DDRE   0x000f96       data     extern E:\c18v3.46\pic18-lt\cxx-framework\src\traditional\proc\p18f4620.asm
                 DDREbits   0x000f96       data     extern E:\c18v3.46\pic18-lt\cxx-framework\src\traditional\proc\p18f4620.asm
                  OSCTUNE   0x000f9b       data     extern E:\c18v3.46\pic18-lt\cxx-framework\src\traditional\proc\p18f4620.asm
              OSCTUNEbits   0x000f9b       data     extern E:\c18v3.46\pic18-lt\cxx-framework\src\traditional\proc\p18f4620.asm
                 PIE1bits   0x000f9d       data     extern E:\c18v3.46\pic18-lt\cxx-framework\src\traditional\proc\p18f4620.asm
                     PIE1   0x000f9d       data     extern E:\c18v3.46\pic18-lt\cxx-framework\src\traditional\proc\p18f4620.asm
                     PIR1   0x000f9e       data     extern E:\c18v3.46\pic18-lt\cxx-framework\src\traditional\proc\p18f4620.asm
                 PIR1bits   0x000f9e       data     extern E:\c18v3.46\pic18-lt\cxx-framework\src\traditional\proc\p18f4620.asm
                     IPR1   0x000f9f       data     extern E:\c18v3.46\pic18-lt\cxx-framework\src\traditional\proc\p18f4620.asm
                 IPR1bits   0x000f9f       data     extern E:\c18v3.46\pic18-lt\cxx-framework\src\traditional\proc\p18f4620.asm
                 PIE2bits   0x000fa0       data     extern E:\c18v3.46\pic18-lt\cxx-framework\src\traditional\proc\p18f4620.asm
                     PIE2   0x000fa0       data     extern E:\c18v3.46\pic18-lt\cxx-framework\src\traditional\proc\p18f4620.asm
                     PIR2   0x000fa1       data     extern E:\c18v3.46\pic18-lt\cxx-framework\src\traditional\proc\p18f4620.asm
                 PIR2bits   0x000fa1       data     extern E:\c18v3.46\pic18-lt\cxx-framework\src\traditional\proc\p18f4620.asm
                 IPR2bits   0x000fa2       data     extern E:\c18v3.46\pic18-lt\cxx-framework\src\traditional\proc\p18f4620.asm
                     IPR2   0x000fa2       data     extern E:\c18v3.46\pic18-lt\cxx-framework\src\traditional\proc\p18f4620.asm
                   EECON1   0x000fa6       data     extern E:\c18v3.46\pic18-lt\cxx-framework\src\traditional\proc\p18f4620.asm
               EECON1bits   0x000fa6       data     extern E:\c18v3.46\pic18-lt\cxx-framework\src\traditional\proc\p18f4620.asm
                   EECON2   0x000fa7       data     extern E:\c18v3.46\pic18-lt\cxx-framework\src\traditional\proc\p18f4620.asm
                   EEDATA   0x000fa8       data     extern E:\c18v3.46\pic18-lt\cxx-framework\src\traditional\proc\p18f4620.asm
                    EEADR   0x000fa9       data     extern E:\c18v3.46\pic18-lt\cxx-framework\src\traditional\proc\p18f4620.asm
                   EEADRH   0x000faa       data     extern E:\c18v3.46\pic18-lt\cxx-framework\src\traditional\proc\p18f4620.asm
                RCSTAbits   0x000fab       data     extern E:\c18v3.46\pic18-lt\cxx-framework\src\traditional\proc\p18f4620.asm
                    RCSTA   0x000fab       data     extern E:\c18v3.46\pic18-lt\cxx-framework\src\traditional\proc\p18f4620.asm
                TXSTAbits   0x000fac       data     extern E:\c18v3.46\pic18-lt\cxx-framework\src\traditional\proc\p18f4620.asm
                    TXSTA   0x000fac       data     extern E:\c18v3.46\pic18-lt\cxx-framework\src\traditional\proc\p18f4620.asm
                    TXREG   0x000fad       data     extern E:\c18v3.46\pic18-lt\cxx-framework\src\traditional\proc\p18f4620.asm
                    RCREG   0x000fae       data     extern E:\c18v3.46\pic18-lt\cxx-framework\src\traditional\proc\p18f4620.asm
                    SPBRG   0x000faf       data     extern E:\c18v3.46\pic18-lt\cxx-framework\src\traditional\proc\p18f4620.asm
                   SPBRGH   0x000fb0       data     extern E:\c18v3.46\pic18-lt\cxx-framework\src\traditional\proc\p18f4620.asm
                    T3CON   0x000fb1       data     extern E:\c18v3.46\pic18-lt\cxx-framework\src\traditional\proc\p18f4620.asm
                T3CONbits   0x000fb1       data     extern E:\c18v3.46\pic18-lt\cxx-framework\src\traditional\proc\p18f4620.asm
                    TMR3L   0x000fb2       data     extern E:\c18v3.46\pic18-lt\cxx-framework\src\traditional\proc\p18f4620.asm
                    TMR3H   0x000fb3       data     extern E:\c18v3.46\pic18-lt\cxx-framework\src\traditional\proc\p18f4620.asm
                    CMCON   0x000fb4       data     extern E:\c18v3.46\pic18-lt\cxx-framework\src\traditional\proc\p18f4620.asm
                CMCONbits   0x000fb4       data     extern E:\c18v3.46\pic18-lt\cxx-framework\src\traditional\proc\p18f4620.asm
               CVRCONbits   0x000fb5       data     extern E:\c18v3.46\pic18-lt\cxx-framework\src\traditional\proc\p18f4620.asm
                   CVRCON   0x000fb5       data     extern E:\c18v3.46\pic18-lt\cxx-framework\src\traditional\proc\p18f4620.asm
              ECCP1ASbits   0x000fb6       data     extern E:\c18v3.46\pic18-lt\cxx-framework\src\traditional\proc\p18f4620.asm
                  ECCP1AS   0x000fb6       data     extern E:\c18v3.46\pic18-lt\cxx-framework\src\traditional\proc\p18f4620.asm
              PWM1CONbits   0x000fb7       data     extern E:\c18v3.46\pic18-lt\cxx-framework\src\traditional\proc\p18f4620.asm
                  PWM1CON   0x000fb7       data     extern E:\c18v3.46\pic18-lt\cxx-framework\src\traditional\proc\p18f4620.asm
              BAUDCTLbits   0x000fb8       data     extern E:\c18v3.46\pic18-lt\cxx-framework\src\traditional\proc\p18f4620.asm
                  BAUDCTL   0x000fb8       data     extern E:\c18v3.46\pic18-lt\cxx-framework\src\traditional\proc\p18f4620.asm
              BAUDCONbits   0x000fb8       data     extern E:\c18v3.46\pic18-lt\cxx-framework\src\traditional\proc\p18f4620.asm
                  BAUDCON   0x000fb8       data     extern E:\c18v3.46\pic18-lt\cxx-framework\src\traditional\proc\p18f4620.asm
                  CCP2CON   0x000fba       data     extern E:\c18v3.46\pic18-lt\cxx-framework\src\traditional\proc\p18f4620.asm
              CCP2CONbits   0x000fba       data     extern E:\c18v3.46\pic18-lt\cxx-framework\src\traditional\proc\p18f4620.asm
                   CCPR2L   0x000fbb       data     extern E:\c18v3.46\pic18-lt\cxx-framework\src\traditional\proc\p18f4620.asm
                    CCPR2   0x000fbb       data     extern E:\c18v3.46\pic18-lt\cxx-framework\src\traditional\proc\p18f4620.asm
                   CCPR2H   0x000fbc       data     extern E:\c18v3.46\pic18-lt\cxx-framework\src\traditional\proc\p18f4620.asm
              CCP1CONbits   0x000fbd       data     extern E:\c18v3.46\pic18-lt\cxx-framework\src\traditional\proc\p18f4620.asm
                  CCP1CON   0x000fbd       data     extern E:\c18v3.46\pic18-lt\cxx-framework\src\traditional\proc\p18f4620.asm
                   CCPR1L   0x000fbe       data     extern E:\c18v3.46\pic18-lt\cxx-framework\src\traditional\proc\p18f4620.asm
                    CCPR1   0x000fbe       data     extern E:\c18v3.46\pic18-lt\cxx-framework\src\traditional\proc\p18f4620.asm
                   CCPR1H   0x000fbf       data     extern E:\c18v3.46\pic18-lt\cxx-framework\src\traditional\proc\p18f4620.asm
               ADCON2bits   0x000fc0       data     extern E:\c18v3.46\pic18-lt\cxx-framework\src\traditional\proc\p18f4620.asm
                   ADCON2   0x000fc0       data     extern E:\c18v3.46\pic18-lt\cxx-framework\src\traditional\proc\p18f4620.asm
               ADCON1bits   0x000fc1       data     extern E:\c18v3.46\pic18-lt\cxx-framework\src\traditional\proc\p18f4620.asm
                   ADCON1   0x000fc1       data     extern E:\c18v3.46\pic18-lt\cxx-framework\src\traditional\proc\p18f4620.asm
               ADCON0bits   0x000fc2       data     extern E:\c18v3.46\pic18-lt\cxx-framework\src\traditional\proc\p18f4620.asm
                   ADCON0   0x000fc2       data     extern E:\c18v3.46\pic18-lt\cxx-framework\src\traditional\proc\p18f4620.asm
                   ADRESL   0x000fc3       data     extern E:\c18v3.46\pic18-lt\cxx-framework\src\traditional\proc\p18f4620.asm
                    ADRES   0x000fc3       data     extern E:\c18v3.46\pic18-lt\cxx-framework\src\traditional\proc\p18f4620.asm
                   ADRESH   0x000fc4       data     extern E:\c18v3.46\pic18-lt\cxx-framework\src\traditional\proc\p18f4620.asm
              SSPCON2bits   0x000fc5       data     extern E:\c18v3.46\pic18-lt\cxx-framework\src\traditional\proc\p18f4620.asm
                  SSPCON2   0x000fc5       data     extern E:\c18v3.46\pic18-lt\cxx-framework\src\traditional\proc\p18f4620.asm
                  SSPCON1   0x000fc6       data     extern E:\c18v3.46\pic18-lt\cxx-framework\src\traditional\proc\p18f4620.asm
              SSPCON1bits   0x000fc6       data     extern E:\c18v3.46\pic18-lt\cxx-framework\src\traditional\proc\p18f4620.asm
                  SSPSTAT   0x000fc7       data     extern E:\c18v3.46\pic18-lt\cxx-framework\src\traditional\proc\p18f4620.asm
              SSPSTATbits   0x000fc7       data     extern E:\c18v3.46\pic18-lt\cxx-framework\src\traditional\proc\p18f4620.asm
                   SSPADD   0x000fc8       data     extern E:\c18v3.46\pic18-lt\cxx-framework\src\traditional\proc\p18f4620.asm
                   SSPBUF   0x000fc9       data     extern E:\c18v3.46\pic18-lt\cxx-framework\src\traditional\proc\p18f4620.asm
                    T2CON   0x000fca       data     extern E:\c18v3.46\pic18-lt\cxx-framework\src\traditional\proc\p18f4620.asm
                T2CONbits   0x000fca       data     extern E:\c18v3.46\pic18-lt\cxx-framework\src\traditional\proc\p18f4620.asm
                      PR2   0x000fcb       data     extern E:\c18v3.46\pic18-lt\cxx-framework\src\traditional\proc\p18f4620.asm
                     TMR2   0x000fcc       data     extern E:\c18v3.46\pic18-lt\cxx-framework\src\traditional\proc\p18f4620.asm
                    T1CON   0x000fcd       data     extern E:\c18v3.46\pic18-lt\cxx-framework\src\traditional\proc\p18f4620.asm
                T1CONbits   0x000fcd       data     extern E:\c18v3.46\pic18-lt\cxx-framework\src\traditional\proc\p18f4620.asm
                    TMR1L   0x000fce       data     extern E:\c18v3.46\pic18-lt\cxx-framework\src\traditional\proc\p18f4620.asm
                    TMR1H   0x000fcf       data     extern E:\c18v3.46\pic18-lt\cxx-framework\src\traditional\proc\p18f4620.asm
                 RCONbits   0x000fd0       data     extern E:\c18v3.46\pic18-lt\cxx-framework\src\traditional\proc\p18f4620.asm
                     RCON   0x000fd0       data     extern E:\c18v3.46\pic18-lt\cxx-framework\src\traditional\proc\p18f4620.asm
                   WDTCON   0x000fd1       data     extern E:\c18v3.46\pic18-lt\cxx-framework\src\traditional\proc\p18f4620.asm
               WDTCONbits   0x000fd1       data     extern E:\c18v3.46\pic18-lt\cxx-framework\src\traditional\proc\p18f4620.asm
                   LVDCON   0x000fd2       data     extern E:\c18v3.46\pic18-lt\cxx-framework\src\traditional\proc\p18f4620.asm
               LVDCONbits   0x000fd2       data     extern E:\c18v3.46\pic18-lt\cxx-framework\src\traditional\proc\p18f4620.asm
              HLVDCONbits   0x000fd2       data     extern E:\c18v3.46\pic18-lt\cxx-framework\src\traditional\proc\p18f4620.asm
                  HLVDCON   0x000fd2       data     extern E:\c18v3.46\pic18-lt\cxx-framework\src\traditional\proc\p18f4620.asm
                   OSCCON   0x000fd3       data     extern E:\c18v3.46\pic18-lt\cxx-framework\src\traditional\proc\p18f4620.asm
               OSCCONbits   0x000fd3       data     extern E:\c18v3.46\pic18-lt\cxx-framework\src\traditional\proc\p18f4620.asm
                T0CONbits   0x000fd5       data     extern E:\c18v3.46\pic18-lt\cxx-framework\src\traditional\proc\p18f4620.asm
                    T0CON   0x000fd5       data     extern E:\c18v3.46\pic18-lt\cxx-framework\src\traditional\proc\p18f4620.asm
                    TMR0L   0x000fd6       data     extern E:\c18v3.46\pic18-lt\cxx-framework\src\traditional\proc\p18f4620.asm
                    TMR0H   0x000fd7       data     extern E:\c18v3.46\pic18-lt\cxx-framework\src\traditional\proc\p18f4620.asm
                   STATUS   0x000fd8       data     extern E:\c18v3.46\pic18-lt\cxx-framework\src\traditional\proc\p18f4620.asm
               STATUSbits   0x000fd8       data     extern E:\c18v3.46\pic18-lt\cxx-framework\src\traditional\proc\p18f4620.asm
                    FSR2L   0x000fd9       data     extern E:\c18v3.46\pic18-lt\cxx-framework\src\traditional\proc\p18f4620.asm
                     FSR2   0x000fd9       data     extern E:\c18v3.46\pic18-lt\cxx-framework\src\traditional\proc\p18f4620.asm
                    FSR2H   0x000fda       data     extern E:\c18v3.46\pic18-lt\cxx-framework\src\traditional\proc\p18f4620.asm
                   PLUSW2   0x000fdb       data     extern E:\c18v3.46\pic18-lt\cxx-framework\src\traditional\proc\p18f4620.asm
                  PREINC2   0x000fdc       data     extern E:\c18v3.46\pic18-lt\cxx-framework\src\traditional\proc\p18f4620.asm
                 POSTDEC2   0x000fdd       data     extern E:\c18v3.46\pic18-lt\cxx-framework\src\traditional\proc\p18f4620.asm
                 POSTINC2   0x000fde       data     extern E:\c18v3.46\pic18-lt\cxx-framework\src\traditional\proc\p18f4620.asm
                    INDF2   0x000fdf       data     extern E:\c18v3.46\pic18-lt\cxx-framework\src\traditional\proc\p18f4620.asm
                      BSR   0x000fe0       data     extern E:\c18v3.46\pic18-lt\cxx-framework\src\traditional\proc\p18f4620.asm
                     FSR1   0x000fe1       data     extern E:\c18v3.46\pic18-lt\cxx-framework\src\traditional\proc\p18f4620.asm
                    FSR1L   0x000fe1       data     extern E:\c18v3.46\pic18-lt\cxx-framework\src\traditional\proc\p18f4620.asm
                    FSR1H   0x000fe2       data     extern E:\c18v3.46\pic18-lt\cxx-framework\src\traditional\proc\p18f4620.asm
                   PLUSW1   0x000fe3       data     extern E:\c18v3.46\pic18-lt\cxx-framework\src\traditional\proc\p18f4620.asm
                  PREINC1   0x000fe4       data     extern E:\c18v3.46\pic18-lt\cxx-framework\src\traditional\proc\p18f4620.asm
                 POSTDEC1   0x000fe5       data     extern E:\c18v3.46\pic18-lt\cxx-framework\src\traditional\proc\p18f4620.asm
                 POSTINC1   0x000fe6       data     extern E:\c18v3.46\pic18-lt\cxx-framework\src\traditional\proc\p18f4620.asm
                    INDF1   0x000fe7       data     extern E:\c18v3.46\pic18-lt\cxx-framework\src\traditional\proc\p18f4620.asm
                        W   0x000fe8       data     extern E:\c18v3.46\pic18-lt\cxx-framework\src\traditional\proc\p18f4620.asm
                     WREG   0x000fe8       data     extern E:\c18v3.46\pic18-lt\cxx-framework\src\traditional\proc\p18f4620.asm
                     FSR0   0x000fe9       data     extern E:\c18v3.46\pic18-lt\cxx-framework\src\traditional\proc\p18f4620.asm
                    FSR0L   0x000fe9       data     extern E:\c18v3.46\pic18-lt\cxx-framework\src\traditional\proc\p18f4620.asm
                    FSR0H   0x000fea       data     extern E:\c18v3.46\pic18-lt\cxx-framework\src\traditional\proc\p18f4620.asm
                   PLUSW0   0x000feb       data     extern E:\c18v3.46\pic18-lt\cxx-framework\src\traditional\proc\p18f4620.asm
                  PREINC0   0x000fec       data     extern E:\c18v3.46\pic18-lt\cxx-framework\src\traditional\proc\p18f4620.asm
                 POSTDEC0   0x000fed       data     extern E:\c18v3.46\pic18-lt\cxx-framework\src\traditional\proc\p18f4620.asm
                 POSTINC0   0x000fee       data     extern E:\c18v3.46\pic18-lt\cxx-framework\src\traditional\proc\p18f4620.asm
                    INDF0   0x000fef       data     extern E:\c18v3.46\pic18-lt\cxx-framework\src\traditional\proc\p18f4620.asm
              INTCON3bits   0x000ff0       data     extern E:\c18v3.46\pic18-lt\cxx-framework\src\traditional\proc\p18f4620.asm
                  INTCON3   0x000ff0       data     extern E:\c18v3.46\pic18-lt\cxx-framework\src\traditional\proc\p18f4620.asm
                  INTCON2   0x000ff1       data     extern E:\c18v3.46\pic18-lt\cxx-framework\src\traditional\proc\p18f4620.asm
              INTCON2bits   0x000ff1       data     extern E:\c18v3.46\pic18-lt\cxx-framework\src\traditional\proc\p18f4620.asm
                   INTCON   0x000ff2       data     extern E:\c18v3.46\pic18-lt\cxx-framework\src\traditional\proc\p18f4620.asm
               INTCONbits   0x000ff2       data     extern E:\c18v3.46\pic18-lt\cxx-framework\src\traditional\proc\p18f4620.asm
                     PROD   0x000ff3       data     extern E:\c18v3.46\pic18-lt\cxx-framework\src\traditional\proc\p18f4620.asm
                    PRODL   0x000ff3       data     extern E:\c18v3.46\pic18-lt\cxx-framework\src\traditional\proc\p18f4620.asm
                    PRODH   0x000ff4       data     extern E:\c18v3.46\pic18-lt\cxx-framework\src\traditional\proc\p18f4620.asm
                   TABLAT   0x000ff5       data     extern E:\c18v3.46\pic18-lt\cxx-framework\src\traditional\proc\p18f4620.asm
                   TBLPTR   0x000ff6       data     extern E:\c18v3.46\pic18-lt\cxx-framework\src\traditional\proc\p18f4620.asm
                  TBLPTRL   0x000ff6       data     extern E:\c18v3.46\pic18-lt\cxx-framework\src\traditional\proc\p18f4620.asm
                  TBLPTRH   0x000ff7       data     extern E:\c18v3.46\pic18-lt\cxx-framework\src\traditional\proc\p18f4620.asm
                  TBLPTRU   0x000ff8       data     extern E:\c18v3.46\pic18-lt\cxx-framework\src\traditional\proc\p18f4620.asm
                      PCL   0x000ff9       data     extern E:\c18v3.46\pic18-lt\cxx-framework\src\traditional\proc\p18f4620.asm
                       PC   0x000ff9       data     extern E:\c18v3.46\pic18-lt\cxx-framework\src\traditional\proc\p18f4620.asm
                   PCLATH   0x000ffa       data     extern E:\c18v3.46\pic18-lt\cxx-framework\src\traditional\proc\p18f4620.asm
                   PCLATU   0x000ffb       data     extern E:\c18v3.46\pic18-lt\cxx-framework\src\traditional\proc\p18f4620.asm
               STKPTRbits   0x000ffc       data     extern E:\c18v3.46\pic18-lt\cxx-framework\src\traditional\proc\p18f4620.asm
                   STKPTR   0x000ffc       data     extern E:\c18v3.46\pic18-lt\cxx-framework\src\traditional\proc\p18f4620.asm
                     TOSL   0x000ffd       data     extern E:\c18v3.46\pic18-lt\cxx-framework\src\traditional\proc\p18f4620.asm
                      TOS   0x000ffd       data     extern E:\c18v3.46\pic18-lt\cxx-framework\src\traditional\proc\p18f4620.asm
                     TOSH   0x000ffe       data     extern E:\c18v3.46\pic18-lt\cxx-framework\src\traditional\proc\p18f4620.asm
                     TOSU   0x000fff       data     extern E:\c18v3.46\pic18-lt\cxx-framework\src\traditional\proc\p18f4620.asm


